Component: ARM Compiler 5.06 update 6 (build 750) Tool: armlink [4d35ed]

==============================================================================

Section Cross References

    main.o(i.main) refers to init.o(i.All_Init) for All_Init
    main.o(i.main) refers to delay.o(i.Delay_ms) for Delay_ms
    main.o(i.main) refers to led&buzzer.o(i.Beep_ON) for Beep_ON
    main.o(i.main) refers to ui.o(i.UI_Main) for UI_Main
    main.o(i.main) refers to ui.o(i.UI_Go) for UI_Go
    main.o(i.main) refers to ui.o(i.UI_Plan) for UI_Plan
    main.o(i.main) refers to ui.o(i.UI_Driver) for UI_Driver
    main.o(i.main) refers to ui.o(i.UI_Set) for UI_Set
    main.o(i.main) refers to ui.o(i.UI_MPU6050) for UI_MPU6050
    main.o(i.main) refers to ui.o(i.UI_Read_Ind) for UI_Read_Ind
    main.o(i.main) refers to ui.o(i.UI_Read_End) for UI_Read_End
    oled.o(i.OLED_Clear) refers to oled.o(.bss) for OLED_GRAM
    oled.o(i.OLED_Display_Off) refers to oled.o(i.OLED_WR_Byte) for OLED_WR_Byte
    oled.o(i.OLED_Display_On) refers to oled.o(i.OLED_WR_Byte) for OLED_WR_Byte
    oled.o(i.OLED_DrawPoint) refers to oled.o(.bss) for OLED_GRAM
    oled.o(i.OLED_Fill) refers to oled.o(i.OLED_DrawPoint) for OLED_DrawPoint
    oled.o(i.OLED_Init) refers to oled.o(i.OLED_WR_Byte) for OLED_WR_Byte
    oled.o(i.OLED_Init) refers to oled.o(i.OLED_Clear) for OLED_Clear
    oled.o(i.OLED_Refresh_Gram) refers to oled.o(i.OLED_WR_Byte) for OLED_WR_Byte
    oled.o(i.OLED_Refresh_Gram) refers to oled.o(.bss) for OLED_GRAM
    oled.o(i.OLED_Show_Char) refers to oled.o(i.OLED_DrawPoint) for OLED_DrawPoint
    oled.o(i.OLED_Show_Char) refers to oled.o(.constdata) for asc2_1206
    oled.o(i.OLED_Show_Char24_32) refers to oled.o(i.OLED_DrawPoint) for OLED_DrawPoint
    oled.o(i.OLED_Show_Char24_32) refers to oled.o(.constdata) for FONT24x32_TAB
    oled.o(i.OLED_Show_Char48_64) refers to oled.o(i.OLED_DrawPoint) for OLED_DrawPoint
    oled.o(i.OLED_Show_Char48_64) refers to oled.o(.constdata) for FONT48x64_TAB
    oled.o(i.OLED_Show_Num) refers to oled.o(i.mypow) for mypow
    oled.o(i.OLED_Show_Num) refers to uidiv.o(.text) for __aeabi_uidivmod
    oled.o(i.OLED_Show_Num) refers to oled.o(i.OLED_Show_Char) for OLED_Show_Char
    oled.o(i.OLED_Show_Pic) refers to oled.o(i.OLED_Show_PicLine) for OLED_Show_PicLine
    oled.o(i.OLED_Show_PicLine) refers to oled.o(i.OLED_DrawPoint) for OLED_DrawPoint
    oled.o(i.OLED_Show_PicLine) refers to oled.o(.constdata) for DCB2HEX_TAB
    oled.o(i.OLED_Show_Str) refers to oled.o(i.OLED_Show_Char) for OLED_Show_Char
    oled.o(i.OLED_Show_StrAll) refers to oled.o(i.OLED_Show_Char) for OLED_Show_Char
    oled.o(i.OLED_Show_StrAll) refers to oled.o(i.OLED_Show_ZH12_12) for OLED_Show_ZH12_12
    oled.o(i.OLED_Show_ZH12_12) refers to oled.o(i.OLED_DrawPoint) for OLED_DrawPoint
    oled.o(i.OLED_Show_ZH12_12) refers to oled.o(.constdata) for FONT12x12_TAB
    motor.o(i.Motor_Init) refers to pwm.o(i.ftm_pwm_init) for ftm_pwm_init
    motor.o(i.Motor_L_Back_V) refers to pwm.o(i.FTM_PWM_set_CnV) for FTM_PWM_set_CnV
    motor.o(i.Motor_L_Go_V) refers to pwm.o(i.FTM_PWM_set_CnV) for FTM_PWM_set_CnV
    motor.o(i.Motor_R_Back_V) refers to pwm.o(i.FTM_PWM_set_CnV) for FTM_PWM_set_CnV
    motor.o(i.Motor_R_Go_V) refers to pwm.o(i.FTM_PWM_set_CnV) for FTM_PWM_set_CnV
    motor.o(i.Motor_Set_Back_Speed) refers to pwm.o(i.FTM_PWM_set_CnV) for FTM_PWM_set_CnV
    motor.o(i.Motor_Set_Go_Speed) refers to pwm.o(i.FTM_PWM_set_CnV) for FTM_PWM_set_CnV
    led&buzzer.o(i.Beep_ON) refers to flash.o(.bss) for ALL_DATA
    led&buzzer.o(i.LED_Blue_ON) refers to flash.o(.bss) for ALL_DATA
    led&buzzer.o(i.LED_Green_ON) refers to flash.o(.bss) for ALL_DATA
    led&buzzer.o(i.LED_Indigo_ON) refers to flash.o(.bss) for ALL_DATA
    led&buzzer.o(i.LED_Orange_ON) refers to flash.o(.bss) for ALL_DATA
    led&buzzer.o(i.LED_Purple_ON) refers to flash.o(.bss) for ALL_DATA
    led&buzzer.o(i.LED_Red_ON) refers to flash.o(.bss) for ALL_DATA
    led&buzzer.o(i.LED_White_ON) refers to flash.o(.bss) for ALL_DATA
    key.o(i.Get_Key) refers to delay.o(i.Delay_ms) for Delay_ms
    key.o(i.Get_Key) refers to key.o(.data) for Key_Delay
    key.o(i.Get_Key) refers to led&buzzer.o(.data) for BB_Times
    data.o(i.Data_Init) refers to flash.o(.bss) for ALL_DATA
    ui.o(i.Chang_State) refers to ui.o(i.Judge_State) for Judge_State
    ui.o(i.Chang_State) refers to oled.o(i.OLED_Show_Str) for OLED_Show_Str
    ui.o(i.Chang_State) refers to key.o(i.Get_Key) for Get_Key
    ui.o(i.Chang_State) refers to flash.o(i.FLASH_EraseSector) for FLASH_EraseSector
    ui.o(i.Chang_State) refers to flash.o(i.FLASH_WriteSector) for FLASH_WriteSector
    ui.o(i.Chang_State) refers to oled.o(i.OLED_Refresh_Gram) for OLED_Refresh_Gram
    ui.o(i.Chang_State) refers to flash.o(.data) for ALL_DATA_Change
    ui.o(i.Chang_State) refers to flash.o(.bss) for ALL_DATA
    ui.o(i.Chang_Value) refers to printfa.o(i.__0sprintf) for __2sprintf
[...]
    i.LED_Purple_ON                          0x00001a18   Section        0  led&buzzer.o(i.LED_Purple_ON)
    i.LED_Red_ON                             0x00001a44   Section        0  led&buzzer.o(i.LED_Red_ON)
    i.LED_White_ON                           0x00001a64   Section        0  led&buzzer.o(i.LED_White_ON)
    i.MPU_Get_Temperature                    0x00001aa0   Section        0  my_mpu6050.o(i.MPU_Get_Temperature)
    i.MPU_IIC_Ack                            0x00001af4   Section        0  iic.o(i.MPU_IIC_Ack)
    i.MPU_IIC_Init                           0x00001b7c   Section        0  iic.o(i.MPU_IIC_Init)
    i.MPU_IIC_NAck                           0x00001bb4   Section        0  iic.o(i.MPU_IIC_NAck)
    i.MPU_IIC_Read_Byte                      0x00001c3c   Section        0  iic.o(i.MPU_IIC_Read_Byte)
    i.MPU_IIC_Send_Byte                      0x00001cd8   Section        0  iic.o(i.MPU_IIC_Send_Byte)
    i.MPU_IIC_Start                          0x00001d98   Section        0  iic.o(i.MPU_IIC_Start)
    i.MPU_IIC_Stop                           0x00001e20   Section        0  iic.o(i.MPU_IIC_Stop)
    i.MPU_IIC_Wait_Ack                       0x00001ea8   Section        0  iic.o(i.MPU_IIC_Wait_Ack)
    i.MPU_Init                               0x00001f4c   Section        0  my_mpu6050.o(i.MPU_Init)
    i.MPU_Read_Byte                          0x00001fca   Section        0  my_mpu6050.o(i.MPU_Read_Byte)
    i.MPU_Read_Len                           0x00002004   Section        0  my_mpu6050.o(i.MPU_Read_Len)
    i.MPU_Set_Accel_Fsr                      0x00002070   Section        0  my_mpu6050.o(i.MPU_Set_Accel_Fsr)
    i.MPU_Set_Gyro_Fsr                       0x00002080   Section        0  my_mpu6050.o(i.MPU_Set_Gyro_Fsr)
    i.MPU_Set_LPF                            0x00002090   Section        0  my_mpu6050.o(i.MPU_Set_LPF)
    i.MPU_Set_Rate                           0x000020ca   Section        0  my_mpu6050.o(i.MPU_Set_Rate)
    i.MPU_Write_Byte                         0x00002106   Section        0  my_mpu6050.o(i.MPU_Write_Byte)
    i.MPU_Write_Len                          0x0000214e   Section        0  my_mpu6050.o(i.MPU_Write_Len)
    i.Motor_Init                             0x000021ac   Section        0  motor.o(i.Motor_Init)
    i.Motor_L_Back_V                         0x00002220   Section        0  motor.o(i.Motor_L_Back_V)
    i.Motor_L_Go_V                           0x0000223a   Section        0  motor.o(i.Motor_L_Go_V)
    i.Motor_R_Back_V                         0x00002254   Section        0  motor.o(i.Motor_R_Back_V)
    i.Motor_R_Go_V                           0x0000226e   Section        0  motor.o(i.Motor_R_Go_V)
    i.NVIC_SetPriority                       0x00002288   Section        0  pit.o(i.NVIC_SetPriority)
    NVIC_SetPriority                         0x00002289   Thumb Code   110  pit.o(i.NVIC_SetPriority)
    i.OLED_Clear                             0x00002300   Section        0  oled.o(i.OLED_Clear)
    i.OLED_Display_Off                       0x0000232c   Section        0  oled.o(i.OLED_Display_Off)
    i.OLED_Display_On                        0x00002348   Section        0  oled.o(i.OLED_Display_On)
    i.OLED_DrawPoint                         0x00002364   Section        0  oled.o(i.OLED_DrawPoint)
    i.OLED_Fill                              0x000023cc   Section        0  oled.o(i.OLED_Fill)
    i.OLED_Init                              0x000023fc   Section        0  oled.o(i.OLED_Init)
    i.OLED_Refresh_Gram                      0x0000258c   Section        0  oled.o(i.OLED_Refresh_Gram)
    i.OLED_Show_Char                         0x000025d8   Section        0  oled.o(i.OLED_Show_Char)
    i.OLED_Show_Char48_64                    0x000026d4   Section        0  oled.o(i.OLED_Show_Char48_64)
    i.OLED_Show_Str                          0x00002780   Section        0  oled.o(i.OLED_Show_Str)
    i.OLED_Show_StrAll                       0x000027ba   Section        0  oled.o(i.OLED_Show_StrAll)
    i.OLED_Show_ZH12_12                      0x0000280c   Section        0  oled.o(i.OLED_Show_ZH12_12)
    i.OLED_WR_Byte                           0x000028c4   Section        0  oled.o(i.OLED_WR_Byte)
    i.PIT_CH0_IRQHandler                     0x00002958   Section        0  control.o(i.PIT_CH0_IRQHandler)
    i.PIT_CH1_IRQHandler                     0x00002b90   Section        0  pit.o(i.PIT_CH1_IRQHandler)
    i.PIT_Config                             0x00002ba4   Section        0  pit.o(i.PIT_Config)
    i.Send_Begin                             0x00002c40   Section        0  upper.o(i.Send_Begin)
    i.Send_Variable                          0x00002c58   Section        0  upper.o(i.Send_Variable)
    i.Show_Plan                              0x00002cc4   Section        0  ui.o(i.Show_Plan)
    i.SystemInit                             0x00002da0   Section        0  system_skeaz1284.o(i.SystemInit)
    i.UART_Init                              0x00002e00   Section        0  uart.o(i.UART_Init)
    i.UART_Send_Char                         0x00002f4c   Section        0  uart.o(i.UART_Send_Char)
    i.UI_Driver                              0x00002f8c   Section        0  ui.o(i.UI_Driver)
    i.UI_Go                                  0x00003184   Section        0  ui.o(i.UI_Go)
    i.UI_MPU6050                             0x0000339c   Section        0  ui.o(i.UI_MPU6050)
    i.UI_Main                                0x000034b8   Section        0  ui.o(i.UI_Main)
    i.UI_Plan                                0x00003740   Section        0  ui.o(i.UI_Plan)
    i.UI_Read_End                            0x00004088   Section        0  ui.o(i.UI_Read_End)
    i.UI_Read_Ind                            0x00004130   Section        0  ui.o(i.UI_Read_Ind)
    i.UI_Set                                 0x000041f0   Section        0  ui.o(i.UI_Set)
    i.Write_State                            0x0000446c   Section        0  ui.o(i.Write_State)
    i.Write_Value                            0x0000462c   Section        0  ui.o(i.Write_Value)
    i.Yijielvbo                              0x00004a3c   Section        0  control.o(i.Yijielvbo)
    i.__0printf                              0x00004ad0   Section        0  printfa.o(i.__0printf)
    i.__0sprintf                             0x00004af0   Section        0  printfa.o(i.__0sprintf)
    i.__ARM_clz                              0x00004b18   Section        0  depilogue.o(i.__ARM_clz)
    i.__ARM_common_ll_mulss                  0x00004b46   Section        0  inv_mpu_dmp_motion_driver.o(i.__ARM_common_ll_mulss)
    i.__ARM_common_switch8                   0x00004b76   Section        0  ui.o(i.__ARM_common_switch8)
    i.__ARM_fpclassify                       0x00004b94   Section        0  fpclassify.o(i.__ARM_fpclassify)
    i.__kernel_poly                          0x00004bc0   Section        0  poly.o(i.__kernel_poly)
    i.__mathlib_dbl_infnan                   0x00004c6c   Section        0  dunder.o(i.__mathlib_dbl_infnan)
    i.__mathlib_dbl_infnan2                  0x00004c76   Section        0  dunder.o(i.__mathlib_dbl_infnan2)
    i.__mathlib_dbl_underflow                0x00004c80   Section        0  dunder.o(i.__mathlib_dbl_underflow)
    i.__scatterload_copy                     0x00004c94   Section       14  handlers.o(i.__scatterload_copy)
    i.__scatterload_zeroinit                 0x00004ca2   Section       14  handlers.o(i.__scatterload_zeroinit)
    i._fp_digits                             0x00004cb0   Section        0  printfa.o(i._fp_digits)
    _fp_digits                               0x00004cb1   Thumb Code   344  printfa.o(i._fp_digits)
    i._printf_core                           0x00004e24   Section        0  printfa.o(i._printf_core)
    _printf_core                             0x00004e25   Thumb Code  1754  printfa.o(i._printf_core)
    i._printf_post_padding                   0x00005510   Section        0  printfa.o(i._printf_post_padding)
    _printf_post_padding                     0x00005511   Thumb Code    32  printfa.o(i._printf_post_padding)
    i._printf_pre_padding                    0x00005530   Section        0  printfa.o(i._printf_pre_padding)
    _printf_pre_padding                      0x00005531   Thumb Code    44  printfa.o(i._printf_pre_padding)
    i._sputc                                 0x0000555c   Section        0  printfa.o(i._sputc)
    _sputc                                   0x0000555d   Thumb Code    10  printfa.o(i._sputc)
    i.accel_self_test                        0x00005568   Section        0  inv_mpu.o(i.accel_self_test)
    accel_self_test                          0x00005569   Thumb Code   170  inv_mpu.o(i.accel_self_test)
    i.atan                                   0x00005618   Section        0  atan.o(i.atan)
    i.atan2                                  0x00005834   Section        0  atan2.o(i.atan2)
    i.decode_gesture                         0x000059ac   Section        0  inv_mpu_dmp_motion_driver.o(i.decode_gesture)
    decode_gesture                           0x000059ad   Thumb Code   100  inv_mpu_dmp_motion_driver.o(i.decode_gesture)
    i.dmp_enable_6x_lp_quat                  0x00005a14   Section        0  inv_mpu_dmp_motion_driver.o(i.dmp_enable_6x_lp_quat)
    i.dmp_enable_feature                     0x00005a50   Section        0  inv_mpu_dmp_motion_driver.o(i.dmp_enable_feature)
    i.dmp_enable_gyro_cal                    0x00005c6c   Section        0  inv_mpu_dmp_motion_driver.o(i.dmp_enable_gyro_cal)
    i.dmp_enable_lp_quat                     0x00005cc4   Section        0  inv_mpu_dmp_motion_driver.o(i.dmp_enable_lp_quat)
    i.dmp_load_motion_driver_firmware        0x00005d00   Section        0  inv_mpu_dmp_motion_driver.o(i.dmp_load_motion_driver_firmware)
    i.dmp_read_fifo                          0x00005d1c   Section        0  inv_mpu_dmp_motion_driver.o(i.dmp_read_fifo)
    i.dmp_set_accel_bias                     0x00005eec   Section        0  inv_mpu_dmp_motion_driver.o(i.dmp_set_accel_bias)
    i.dmp_set_fifo_rate                      0x0000604c   Section        0  inv_mpu_dmp_motion_driver.o(i.dmp_set_fifo_rate)
    i.dmp_set_gyro_bias                      0x000060c4   Section        0  inv_mpu_dmp_motion_driver.o(i.dmp_set_gyro_bias)
    i.dmp_set_orientation                    0x00006208   Section        0  inv_mpu_dmp_motion_driver.o(i.dmp_set_orientation)
    i.dmp_set_shake_reject_thresh            0x0000634c   Section        0  inv_mpu_dmp_motion_driver.o(i.dmp_set_shake_reject_thresh)
    i.dmp_set_shake_reject_time              0x00006386   Section        0  inv_mpu_dmp_motion_driver.o(i.dmp_set_shake_reject_time)
    i.dmp_set_shake_reject_timeout           0x000063aa   Section        0  inv_mpu_dmp_motion_driver.o(i.dmp_set_shake_reject_timeout)
    i.dmp_set_tap_axes                       0x000063ce   Section        0  inv_mpu_dmp_motion_driver.o(i.dmp_set_tap_axes)
    i.dmp_set_tap_count                      0x0000641a   Section        0  inv_mpu_dmp_motion_driver.o(i.dmp_set_tap_count)
    i.dmp_set_tap_thresh                     0x00006440   Section        0  inv_mpu_dmp_motion_driver.o(i.dmp_set_tap_thresh)
    i.dmp_set_tap_time                       0x000065ec   Section        0  inv_mpu_dmp_motion_driver.o(i.dmp_set_tap_time)
    i.dmp_set_tap_time_multi                 0x00006610   Section        0  inv_mpu_dmp_motion_driver.o(i.dmp_set_tap_time_multi)
    i.fputc                                  0x00006634   Section        0  uart.o(i.fputc)
    i.ftm_count_init                         0x00006648   Section        0  pwm.o(i.ftm_count_init)
    i.ftm_count_mux                          0x00006684   Section        0  pwm.o(i.ftm_count_mux)
    i.ftm_pwm_init                           0x0000676c   Section        0  pwm.o(i.ftm_pwm_init)
    i.ftm_pwm_mux                            0x00006898   Section        0  pwm.o(i.ftm_pwm_mux)
    i.get_accel_prod_shift                   0x000069b4   Section        0  inv_mpu.o(i.get_accel_prod_shift)
    get_accel_prod_shift                     0x000069b5   Thumb Code   170  inv_mpu.o(i.get_accel_prod_shift)
    i.get_st_biases                          0x00006a6c   Section        0  inv_mpu.o(i.get_st_biases)
    get_st_biases                            0x00006a6d   Thumb Code  1208  inv_mpu.o(i.get_st_biases)
    i.gyro_self_test                         0x00006f28   Section        0  inv_mpu.o(i.gyro_self_test)
    gyro_self_test                           0x00006f29   Thumb Code   260  inv_mpu.o(i.gyro_self_test)
    i.inv_orientation_matrix_to_scalar       0x0000703c   Section        0  inv_mpu.o(i.inv_orientation_matrix_to_scalar)
    i.inv_row_2_scale                        0x00007064   Section        0  inv_mpu.o(i.inv_row_2_scale)
    i.kalman1_init                           0x000070b4   Section        0  kalman.o(i.kalman1_init)
    i.main                                   0x000070d4   Section        0  main.o(i.main)
    i.mpu_configure_fifo                     0x00007178   Section        0  inv_mpu.o(i.mpu_configure_fifo)
    i.mpu_dmp_get_data                       0x000071f8   Section        0  inv_mpu.o(i.mpu_dmp_get_data)
    i.mpu_dmp_init                           0x00007224   Section        0  inv_mpu.o(i.mpu_dmp_init)
    i.mpu_get_accel_fsr                      0x000072d4   Section        0  inv_mpu.o(i.mpu_get_accel_fsr)
    i.mpu_get_accel_sens                     0x00007324   Section        0  inv_mpu.o(i.mpu_get_accel_sens)
    i.mpu_get_fifo_config                    0x0000737c   Section        0  inv_mpu.o(i.mpu_get_fifo_config)
    i.mpu_get_gyro_fsr                       0x0000738c   Section        0  inv_mpu.o(i.mpu_get_gyro_fsr)
    i.mpu_get_gyro_sens                      0x000073d4   Section        0  inv_mpu.o(i.mpu_get_gyro_sens)
    i.mpu_get_lpf                            0x00007424   Section        0  inv_mpu.o(i.mpu_get_lpf)
    i.mpu_get_sample_rate                    0x00007474   Section        0  inv_mpu.o(i.mpu_get_sample_rate)
    i.mpu_init                               0x00007494   Section        0  inv_mpu.o(i.mpu_init)
    i.mpu_load_firmware                      0x0000769c   Section        0  inv_mpu.o(i.mpu_load_firmware)
    i.mpu_lp_accel_mode                      0x0000775c   Section        0  inv_mpu.o(i.mpu_lp_accel_mode)
    i.mpu_read_fifo_stream                   0x00007838   Section        0  inv_mpu.o(i.mpu_read_fifo_stream)
    i.mpu_read_mem                           0x00007910   Section        0  inv_mpu.o(i.mpu_read_mem)
    i.mpu_reset_fifo                         0x0000798c   Section        0  inv_mpu.o(i.mpu_reset_fifo)
    i.mpu_run_self_test                      0x00007b70   Section        0  inv_mpu.o(i.mpu_run_self_test)
    i.mpu_set_accel_fsr                      0x00007c8c   Section        0  inv_mpu.o(i.mpu_set_accel_fsr)
    i.mpu_set_bypass                         0x00007d10   Section        0  inv_mpu.o(i.mpu_set_bypass)
    i.mpu_set_dmp_state                      0x00007e70   Section        0  inv_mpu.o(i.mpu_set_dmp_state)
    i.mpu_set_gyro_fsr                       0x00007f00   Section        0  inv_mpu.o(i.mpu_set_gyro_fsr)
    i.mpu_set_int_latched                    0x00007f94   Section        0  inv_mpu.o(i.mpu_set_int_latched)
    i.mpu_set_lpf                            0x00008008   Section        0  inv_mpu.o(i.mpu_set_lpf)
    i.mpu_set_sample_rate                    0x0000808c   Section        0  inv_mpu.o(i.mpu_set_sample_rate)
    i.mpu_set_sensors                        0x00008134   Section        0  inv_mpu.o(i.mpu_set_sensors)
    i.mpu_write_mem                          0x00008214   Section        0  inv_mpu.o(i.mpu_write_mem)
    i.my_putchar                             0x00008290   Section        0  upper.o(i.my_putchar)
    i.run_self_test                          0x0000829e   Section        0  inv_mpu.o(i.run_self_test)
    i.set_int_enable                         0x00008334   Section        0  inv_mpu.o(i.set_int_enable)
    set_int_enable                           0x00008335   Thumb Code   166  inv_mpu.o(i.set_int_enable)
    .constdata                               0x000083e0   Section    64708  oled.o(.constdata)
    .constdata                               0x000180a4   Section      300  ui.o(.constdata)
    .constdata                               0x000181d0   Section       12  uart.o(.constdata)
    .constdata                               0x000181dc   Section       24  pwm.o(.constdata)
    FTMX                                     0x000181dc   Data          12  pwm.o(.constdata)
    .constdata                               0x000181f4   Section       80  inv_mpu.o(.constdata)
    .constdata                               0x00018244   Section     3062  inv_mpu_dmp_motion_driver.o(.constdata)
    dmp_memory                               0x00018244   Data        3062  inv_mpu_dmp_motion_driver.o(.constdata)
    .constdata                               0x00018e40   Section      152  atan.o(.constdata)
    atanhi                                   0x00018e40   Data          32  atan.o(.constdata)
    atanlo                                   0x00018e60   Data          32  atan.o(.constdata)
    aTodd                                    0x00018e80   Data          40  atan.o(.constdata)
    aTeven                                   0x00018ea8   Data          48  atan.o(.constdata)
    .constdata                               0x00018ed8   Section        8  qnan.o(.constdata)
    .conststring                             0x00018ee0   Section       77  inv_mpu.o(.conststring)
    .data                                    0x1ffff000   Section        2  led&buzzer.o(.data)
    .data                                    0x1ffff002   Section        3  key.o(.data)
    Key_Keep                                 0x1ffff002   Data           2  key.o(.data)
    Key_Delay                                0x1ffff004   Data           1  key.o(.data)
    .data                                    0x1ffff006   Section       82  data.o(.data)
    .data                                    0x1ffff058   Section      152  control.o(.data)
    .data                                    0x1ffff0f0   Section        6  pwm.o(.data)
    .data                                    0x1ffff0f8   Section       20  flash.o(.data)
    .data                                    0x1ffff10c   Section       72  inv_mpu.o(.data)
    st                                       0x1ffff10c   Data          44  inv_mpu.o(.data)
    gyro_orientation                         0x1ffff138   Data           9  inv_mpu.o(.data)
    .data                                    0x1ffff154   Section        4  stdout.o(.data)
    .bss                                     0x1ffff158   Section     2048  oled.o(.bss)
    .bss                                     0x1ffff958   Section      130  upper.o(.bss)
    .bss                                     0x1ffff9dc   Section      112  kalman.o(.bss)
    .bss                                     0x1ffffa4c   Section      512  flash.o(.bss)
    .bss                                     0x1ffffc4c   Section       16  inv_mpu_dmp_motion_driver.o(.bss)
    dmp                                      0x1ffffc4c   Data          16  inv_mpu_dmp_motion_driver.o(.bss)
    STACK                                    0x1ffffc60   Section     4096  startup_skeaz1284.o(STACK)

    Global Symbols

    Symbol Name                              Value     Ov Type        Size  Object(Section)

    BuildAttributes$$THM_ISAv3M$S$PE$A:L22$X:L11$S22$IEEE1$IW$USESV6$~STKCKD$USESV7$~SHL$OTIME$ROPI$IEEEX$EBA8$MICROLIB$REQ8$PRES8$EABIv2 0x00000000   Number         0  anon$$obj.o ABSOLUTE
    __ARM_use_no_argv                        0x00000000   Number         0  main.o ABSOLUTE
    __Vectors                                0x00000000   Data           4  startup_skeaz1284.o(RESET)
    _printf_a                                0x00000000   Number         0  stubs.o ABSOLUTE
    _printf_c                                0x00000000   Number         0  stubs.o ABSOLUTE
    _printf_charcount                        0x00000000   Number         0  stubs.o ABSOLUTE
    _printf_d                                0x00000000   Number         0  stubs.o ABSOLUTE
    _printf_e                                0x00000000   Number         0  stubs.o ABSOLUTE
    _printf_f                                0x00000000   Number         0  stubs.o ABSOLUTE
    _printf_flags                            0x00000000   Number         0  stubs.o ABSOLUTE
    _printf_fp_dec                           0x00000000   Number         0  stubs.o ABSOLUTE
    _printf_fp_hex                           0x00000000   Number         0  stubs.o ABSOLUTE
    _printf_g                                0x00000000   Number         0  stubs.o ABSOLUTE
    _printf_i                                0x00000000   Number         0  stubs.o ABSOLUTE
    _printf_int_dec                          0x00000000   Number         0  stubs.o ABSOLUTE
    _printf_l                                0x00000000   Number         0  stubs.o ABSOLUTE
    _printf_lc                               0x00000000   Number         0  stubs.o ABSOLUTE
    _printf_ll                               0x00000000   Number         0  stubs.o ABSOLUTE
    _printf_lld                              0x00000000   Number         0  stubs.o ABSOLUTE
    _printf_lli                              0x00000000   Number         0  stubs.o ABSOLUTE
    _printf_llo                              0x00000000   Number         0  stubs.o ABSOLUTE
    _printf_llu                              0x00000000   Number         0  stubs.o ABSOLUTE
    _printf_llx                              0x00000000   Number         0  stubs.o ABSOLUTE
    _printf_longlong_dec                     0x00000000   Number         0  stubs.o ABSOLUTE
    _printf_longlong_hex                     0x00000000   Number         0  stubs.o ABSOLUTE
    _printf_longlong_oct                     0x00000000   Number         0  stubs.o ABSOLUTE
    _printf_ls                               0x00000000   Number         0  stubs.o ABSOLUTE
    _printf_mbtowc                           0x00000000   Number         0  stubs.o ABSOLUTE
    _printf_n                                0x00000000   Number         0  stubs.o ABSOLUTE
    _printf_o                                0x00000000   Number         0  stubs.o ABSOLUTE
    _printf_p                                0x00000000   Number         0  stubs.o ABSOLUTE
    _printf_percent                          0x00000000   Number         0  stubs.o ABSOLUTE
    _printf_pre_padding                      0x00000000   Number         0  stubs.o ABSOLUTE
    _printf_return_value                     0x00000000   Number         0  stubs.o ABSOLUTE
    _printf_s                                0x00000000   Number         0  stubs.o ABSOLUTE
    _printf_sizespec                         0x00000000   Number         0  stubs.o ABSOLUTE
    _printf_str                              0x00000000   Number         0  stubs.o ABSOLUTE
    _printf_truncate_signed                  0x00000000   Number         0  stubs.o ABSOLUTE
    _printf_truncate_unsigned                0x00000000   Number         0  stubs.o ABSOLUTE
    _printf_u                                0x00000000   Number         0  stubs.o ABSOLUTE
    _printf_wc                               0x00000000   Number         0  stubs.o ABSOLUTE
    _printf_wctomb                           0x00000000   Number         0  stubs.o ABSOLUTE
    _printf_widthprec                        0x00000000   Number         0  stubs.o ABSOLUTE
    _printf_x                                0x00000000   Number         0  stubs.o ABSOLUTE
    __cpp_initialize__aeabi_                  - Undefined Weak Reference
    __cxa_finalize                            - Undefined Weak Reference
    _clock_init                               - Undefined Weak Reference
    _microlib_exit                            - Undefined Weak Reference
    __Vectors_End                            0x000000c0   Data           0  startup_skeaz1284.o(RESET)
    __Vectors_Size                           0x000000c0   Number         0  startup_skeaz1284.o ABSOLUTE
    __main                                   0x000000c1   Thumb Code     0  entry.o(.ARM.Collect$$$$00000000)
    _main_stk                                0x000000c1   Thumb Code     0  entry2.o(.ARM.Collect$$$$00000001)
    _main_scatterload                        0x000000c5   Thumb Code     0  entry5.o(.ARM.Collect$$$$00000004)
    __main_after_scatterload                 0x000000c9   Thumb Code     0  entry5.o(.ARM.Collect$$$$00000004)
    _main_clock                              0x000000c9   Thumb Code     0  entry7b.o(.ARM.Collect$$$$00000008)
    _main_cpp_init                           0x000000c9   Thumb Code     0  entry8b.o(.ARM.Collect$$$$0000000A)
    _main_init                               0x000000c9   Thumb Code     0  entry9a.o(.ARM.Collect$$$$0000000B)
    __rt_final_cpp                           0x000000d1   Thumb Code     0  entry10a.o(.ARM.Collect$$$$0000000D)
    __rt_final_exit                          0x000000d1   Thumb Code     0  entry11a.o(.ARM.Collect$$$$0000000F)
    init_data_bss                            0x000000d5   Thumb Code     2  startup_skeaz1284.o(.text)
    Reset_Handler                            0x000000d7   Thumb Code    12  startup_skeaz1284.o(.text)
    NMI_Handler                              0x000000e3   Thumb Code     2  startup_skeaz1284.o(.text)
    HardFault_Handler                        0x000000e5   Thumb Code     2  startup_skeaz1284.o(.text)
    SVC_Handler                              0x000000e7   Thumb Code     2  startup_skeaz1284.o(.text)
    PendSV_Handler                           0x000000e9   Thumb Code     2  startup_skeaz1284.o(.text)
    SysTick_Handler                          0x000000eb   Thumb Code     2  startup_skeaz1284.o(.text)
    ACMP0_IRQHandler                         0x000000ed   Thumb Code     0  startup_skeaz1284.o(.text)
    ACMP1_IRQHandler                         0x000000ed   Thumb Code     0  startup_skeaz1284.o(.text)
    ADC_IRQHandler                           0x000000ed   Thumb Code     0  startup_skeaz1284.o(.text)
    DefaultISR                               0x000000ed   Thumb Code     0  startup_skeaz1284.o(.text)
    FTM0_IRQHandler                          0x000000ed   Thumb Code     0  startup_skeaz1284.o(.text)
    FTM1_IRQHandler                          0x000000ed   Thumb Code     0  startup_skeaz1284.o(.text)
    FTM2_IRQHandler                          0x000000ed   Thumb Code     0  startup_skeaz1284.o(.text)
    FTMRE_IRQHandler                         0x000000ed   Thumb Code     0  startup_skeaz1284.o(.text)
    I2C0_IRQHandler                          0x000000ed   Thumb Code     0  startup_skeaz1284.o(.text)
    I2C1_IRQHandler                          0x000000ed   Thumb Code     0  startup_skeaz1284.o(.text)
    ICS_IRQHandler                           0x000000ed   Thumb Code     0  startup_skeaz1284.o(.text)
    IRQ_IRQHandler                           0x000000ed   Thumb Code     0  startup_skeaz1284.o(.text)
    KBI0_IRQHandler                          0x000000ed   Thumb Code     0  startup_skeaz1284.o(.text)
    KBI1_IRQHandler                          0x000000ed   Thumb Code     0  startup_skeaz1284.o(.text)
    MSCAN_RX_IRQHandler                      0x000000ed   Thumb Code     0  startup_skeaz1284.o(.text)
    MSCAN_TX_IRQHandler                      0x000000ed   Thumb Code     0  startup_skeaz1284.o(.text)
    PMC_IRQHandler                           0x000000ed   Thumb Code     0  startup_skeaz1284.o(.text)
    PWT_IRQHandler                           0x000000ed   Thumb Code     0  startup_skeaz1284.o(.text)
    RTC_IRQHandler                           0x000000ed   Thumb Code     0  startup_skeaz1284.o(.text)
    Reserved16_IRQHandler                    0x000000ed   Thumb Code     0  startup_skeaz1284.o(.text)
    Reserved17_IRQHandler                    0x000000ed   Thumb Code     0  startup_skeaz1284.o(.text)
    Reserved18_IRQHandler                    0x000000ed   Thumb Code     0  startup_skeaz1284.o(.text)
    Reserved19_IRQHandler                    0x000000ed   Thumb Code     0  startup_skeaz1284.o(.text)
    Reserved20_IRQHandler                    0x000000ed   Thumb Code     0  startup_skeaz1284.o(.text)
    Reserved42_IRQHandler                    0x000000ed   Thumb Code     0  startup_skeaz1284.o(.text)
    SPI0_IRQHandler                          0x000000ed   Thumb Code     0  startup_skeaz1284.o(.text)
    SPI1_IRQHandler                          0x000000ed   Thumb Code     0  startup_skeaz1284.o(.text)
    UART0_IRQHandler                         0x000000ed   Thumb Code     0  startup_skeaz1284.o(.text)
    UART1_IRQHandler                         0x000000ed   Thumb Code     0  startup_skeaz1284.o(.text)
    UART2_IRQHandler                         0x000000ed   Thumb Code     0  startup_skeaz1284.o(.text)
    WDOG_IRQHandler                          0x000000ed   Thumb Code     0  startup_skeaz1284.o(.text)
    __aeabi_uidiv                            0x000000fd   Thumb Code     0  uidiv.o(.text)
    __aeabi_uidivmod                         0x000000fd   Thumb Code    44  uidiv.o(.text)
    __aeabi_idiv                             0x00000129   Thumb Code     0  idiv.o(.text)
    __aeabi_idivmod                          0x00000129   Thumb Code    40  idiv.o(.text)
    __aeabi_ldivmod                          0x00000151   Thumb Code    76  ldiv.o(.text)
    __aeabi_lmul                             0x0000019d   Thumb Code   122  llmul.o(.text)
    _ll_mul                                  0x0000019d   Thumb Code     0  llmul.o(.text)
    __aeabi_memcpy                           0x00000217   Thumb Code    36  memcpya.o(.text)
    __aeabi_memcpy4                          0x00000217   Thumb Code     0  memcpya.o(.text)
    __aeabi_memcpy8                          0x00000217   Thumb Code     0  memcpya.o(.text)
    __aeabi_memset                           0x0000023b   Thumb Code    14  memseta.o(.text)
    __aeabi_memset4                          0x0000023b   Thumb Code     0  memseta.o(.text)
    __aeabi_memset8                          0x0000023b   Thumb Code     0  memseta.o(.text)
    __aeabi_memclr                           0x00000249   Thumb Code     4  memseta.o(.text)
    __aeabi_memclr4                          0x00000249   Thumb Code     0  memseta.o(.text)
    __aeabi_memclr8                          0x00000249   Thumb Code     0  memseta.o(.text)
    _memset$wrapper                          0x0000024d   Thumb Code    18  memseta.o(.text)
    memcmp                                   0x0000025f   Thumb Code    26  memcmp.o(.text)
    __aeabi_fadd                             0x00000279   Thumb Code   162  fadd.o(.text)
    __aeabi_fsub                             0x0000031b   Thumb Code     8  fadd.o(.text)
    __aeabi_frsub                            0x00000323   Thumb Code     8  fadd.o(.text)
    __aeabi_fmul                             0x0000032b   Thumb Code   122  fmul.o(.text)
    __aeabi_i2f                              0x000003a5   Thumb Code    22  fflti.o(.text)
    __aeabi_ui2f                             0x000003bb   Thumb Code    14  ffltui.o(.text)
    __aeabi_i2d                              0x000003c9   Thumb Code    34  dflti.o(.text)
    MPU_IIC_Delay                            0x000003f1   Thumb Code    10  iic.o(i.MPU_IIC_Delay)
    __I$use$fp                               0x000003f1   Thumb Code     0  iusefp.o(.text)
    __scatterload_null                       0x000003fb   Thumb Code     2  handlers.o(i.__scatterload_null)
    mget_ms                                  0x000003fd   Thumb Code     2  inv_mpu.o(i.mget_ms)
    __aeabi_fdiv                             0x00000411   Thumb Code   124  fdiv.o(.text)
    __aeabi_dadd                             0x0000048d   Thumb Code   328  dadd.o(.text)
    __aeabi_dsub                             0x000005d5   Thumb Code    12  dadd.o(.text)
    __aeabi_drsub                            0x000005e1   Thumb Code    12  dadd.o(.text)
    __aeabi_dmul                             0x000005f1   Thumb Code   202  dmul.o(.text)
    __aeabi_ddiv                             0x000006c1   Thumb Code   234  ddiv.o(.text)
    __aeabi_ui2d                             0x000007b1   Thumb Code    24  dfltui.o(.text)
    __aeabi_f2iz                             0x000007cd   Thumb Code    50  ffixi.o(.text)
    __aeabi_f2uiz                            0x000007ff   Thumb Code    40  ffixui.o(.text)
    __aeabi_f2d                              0x00000827   Thumb Code    40  f2d.o(.text)
    __aeabi_cdrcmple                         0x00000851   Thumb Code    38  cdrcmple.o(.text)
    __aeabi_d2f                              0x00000879   Thumb Code    56  d2f.o(.text)
    __aeabi_cfcmpeq                          0x000008b1   Thumb Code     0  cfcmple.o(.text)
    __aeabi_cfcmple                          0x000008b1   Thumb Code    20  cfcmple.o(.text)
    __aeabi_cfrcmple                         0x000008c5   Thumb Code    20  cfrcmple.o(.text)
    __aeabi_uldivmod                         0x000008d9   Thumb Code    96  uldiv.o(.text)
    __aeabi_llsl                             0x00000939   Thumb Code    32  llshl.o(.text)
    _ll_shift_l                              0x00000939   Thumb Code     0  llshl.o(.text)
    __aeabi_lasr                             0x00000959   Thumb Code    38  llsshr.o(.text)
    _ll_sshift_r                             0x00000959   Thumb Code     0  llsshr.o(.text)
    _float_round                             0x0000097f   Thumb Code    16  fepilogue.o(.text)
    _float_epilogue                          0x0000098f   Thumb Code   114  fepilogue.o(.text)
    _double_round                            0x00000a01   Thumb Code    26  depilogue.o(.text)
    _double_epilogue                         0x00000a1b   Thumb Code   164  depilogue.o(.text)
    __aeabi_d2ulz                            0x00000ac1   Thumb Code    54  dfixul.o(.text)
    __scatterload                            0x00000b01   Thumb Code    28  init.o(.text)
    __scatterload_rt2                        0x00000b01   Thumb Code     0  init.o(.text)
    __aeabi_llsr                             0x00000b25   Thumb Code    34  llushr.o(.text)
    _ll_ushift_r                             0x00000b25   Thumb Code     0  llushr.o(.text)
    __ARM_scalbn                             0x00000b47   Thumb Code    44  dscalb.o(.text)
    scalbn                                   0x00000b47   Thumb Code     0  dscalb.o(.text)
    __decompress                             0x00000b73   Thumb Code     0  __dczerorl2.o(.text)
    __decompress1                            0x00000b73   Thumb Code    86  __dczerorl2.o(.text)
    ADC_Config                               0x00000bc9   Thumb Code    86  adc.o(i.ADC_Config)
    AD_Init                                  0x00000c29   Thumb Code    34  ad.o(i.AD_Init)
    All_Init                                 0x00000c4d   Thumb Code   158  init.o(i.All_Init)
    Beep_ON                                  0x00000d01   Thumb Code    24  led&buzzer.o(i.Beep_ON)
    Buzzer_Init                              0x00000d21   Thumb Code    28  led&buzzer.o(i.Buzzer_Init)
    Chang_State                              0x00000d41   Thumb Code   252  ui.o(i.Chang_State)
    Chang_Value                              0x00000e45   Thumb Code   426  ui.o(i.Chang_Value)
    CountDown                                0x0000100d   Thumb Code    80  ui.o(i.CountDown)
    Data_Init                                0x00001061   Thumb Code    30  data.o(i.Data_Init)
    Delay_ms                                 0x00001085   Thumb Code    42  delay.o(i.Delay_ms)
    Delay_us                                 0x000010b5   Thumb Code    84  delay.o(i.Delay_us)
    Encoder_Init                             0x00001109   Thumb Code    96  encoder.o(i.Encoder_Init)
    FLASH_EraseSector                        0x00001171   Thumb Code    42  flash.o(i.FLASH_EraseSector)
    FLASH_Init                               0x000011a1   Thumb Code    44  flash.o(i.FLASH_Init)
    FLASH_WriteSector                        0x000011d5   Thumb Code   108  flash.o(i.FLASH_WriteSector)
    FTM_PWM_set_CnV                          0x00001245   Thumb Code    18  pwm.o(i.FTM_PWM_set_CnV)
    FlashCmdStart                            0x0000125d   Thumb Code    46  flash.o(i.FlashCmdStart)
    Get_Key                                  0x00001299   Thumb Code   426  key.o(i.Get_Key)
    Judge_State                              0x00001455   Thumb Code    50  ui.o(i.Judge_State)
    Just_Do_It                               0x00001495   Thumb Code   850  control.o(i.Just_Do_It)
    KEY_Init                                 0x00001855   Thumb Code   200  key.o(i.KEY_Init)
    LED_Blue_ON                              0x00001925   Thumb Code    24  led&buzzer.o(i.LED_Blue_ON)
    LED_Green_ON                             0x00001945   Thumb Code    24  led&buzzer.o(i.LED_Green_ON)
    LED_Indigo_ON                            0x00001965   Thumb Code    38  led&buzzer.o(i.LED_Indigo_ON)
    LED_Init                                 0x00001995   Thumb Code    82  led&buzzer.o(i.LED_Init)
    LED_Orange_ON                            0x000019ed   Thumb Code    36  led&buzzer.o(i.LED_Orange_ON)
    LED_Purple_ON                            0x00001a19   Thumb Code    36  led&buzzer.o(i.LED_Purple_ON)
    LED_Red_ON                               0x00001a45   Thumb Code    22  led&buzzer.o(i.LED_Red_ON)
    LED_White_ON                             0x00001a65   Thumb Code    50  led&buzzer.o(i.LED_White_ON)
    MPU_Get_Temperature                      0x00001aa1   Thumb Code    72  my_mpu6050.o(i.MPU_Get_Temperature)
    MPU_IIC_Ack                              0x00001af5   Thumb Code   132  iic.o(i.MPU_IIC_Ack)
    MPU_IIC_Init                             0x00001b7d   Thumb Code    50  iic.o(i.MPU_IIC_Init)
    MPU_IIC_NAck                             0x00001bb5   Thumb Code   132  iic.o(i.MPU_IIC_NAck)
    MPU_IIC_Read_Byte                        0x00001c3d   Thumb Code   148  iic.o(i.MPU_IIC_Read_Byte)
    MPU_IIC_Send_Byte                        0x00001cd9   Thumb Code   186  iic.o(i.MPU_IIC_Send_Byte)
    MPU_IIC_Start                            0x00001d99   Thumb Code   132  iic.o(i.MPU_IIC_Start)
    MPU_IIC_Stop                             0x00001e21   Thumb Code   132  iic.o(i.MPU_IIC_Stop)
    MPU_IIC_Wait_Ack                         0x00001ea9   Thumb Code   154  iic.o(i.MPU_IIC_Wait_Ack)
    MPU_Init                                 0x00001f4d   Thumb Code   126  my_mpu6050.o(i.MPU_Init)
    MPU_Read_Byte                            0x00001fcb   Thumb Code    58  my_mpu6050.o(i.MPU_Read_Byte)
    MPU_Read_Len                             0x00002005   Thumb Code   108  my_mpu6050.o(i.MPU_Read_Len)
    MPU_Set_Accel_Fsr                        0x00002071   Thumb Code    16  my_mpu6050.o(i.MPU_Set_Accel_Fsr)
    MPU_Set_Gyro_Fsr                         0x00002081   Thumb Code    16  my_mpu6050.o(i.MPU_Set_Gyro_Fsr)
    MPU_Set_LPF                              0x00002091   Thumb Code    58  my_mpu6050.o(i.MPU_Set_LPF)
    MPU_Set_Rate                             0x000020cb   Thumb Code    60  my_mpu6050.o(i.MPU_Set_Rate)
    MPU_Write_Byte                           0x00002107   Thumb Code    72  my_mpu6050.o(i.MPU_Write_Byte)
    MPU_Write_Len                            0x0000214f   Thumb Code    94  my_mpu6050.o(i.MPU_Write_Len)
    Motor_Init                               0x000021ad   Thumb Code   106  motor.o(i.Motor_Init)
    Motor_L_Back_V                           0x00002221   Thumb Code    26  motor.o(i.Motor_L_Back_V)
    Motor_L_Go_V                             0x0000223b   Thumb Code    26  motor.o(i.Motor_L_Go_V)
    Motor_R_Back_V                           0x00002255   Thumb Code    26  motor.o(i.Motor_R_Back_V)
    Motor_R_Go_V                             0x0000226f   Thumb Code    26  motor.o(i.Motor_R_Go_V)
    OLED_Clear                               0x00002301   Thumb Code    38  oled.o(i.OLED_Clear)
    OLED_Display_Off                         0x0000232d   Thumb Code    28  oled.o(i.OLED_Display_Off)
    OLED_Display_On                          0x00002349   Thumb Code    28  oled.o(i.OLED_Display_On)
    OLED_DrawPoint                           0x00002365   Thumb Code   100  oled.o(i.OLED_DrawPoint)
    OLED_Fill                                0x000023cd   Thumb Code    46  oled.o(i.OLED_Fill)
    OLED_Init                                0x000023fd   Thumb Code   394  oled.o(i.OLED_Init)
    OLED_Refresh_Gram                        0x0000258d   Thumb Code    70  oled.o(i.OLED_Refresh_Gram)
    OLED_Show_Char                           0x000025d9   Thumb Code   240  oled.o(i.OLED_Show_Char)
    OLED_Show_Char48_64                      0x000026d5   Thumb Code   160  oled.o(i.OLED_Show_Char48_64)
    OLED_Show_Str                            0x00002781   Thumb Code    58  oled.o(i.OLED_Show_Str)
    OLED_Show_StrAll                         0x000027bb   Thumb Code    82  oled.o(i.OLED_Show_StrAll)
    OLED_Show_ZH12_12                        0x0000280d   Thumb Code   170  oled.o(i.OLED_Show_ZH12_12)
    OLED_WR_Byte                             0x000028c5   Thumb Code   144  oled.o(i.OLED_WR_Byte)
    PIT_CH0_IRQHandler                       0x00002959   Thumb Code   472  control.o(i.PIT_CH0_IRQHandler)
    PIT_CH1_IRQHandler                       0x00002b91   Thumb Code    14  pit.o(i.PIT_CH1_IRQHandler)
    PIT_Config                               0x00002ba5   Thumb Code   134  pit.o(i.PIT_Config)
    Send_Begin                               0x00002c41   Thumb Code    22  upper.o(i.Send_Begin)
    Send_Variable                            0x00002c59   Thumb Code   102  upper.o(i.Send_Variable)
    Show_Plan                                0x00002cc5   Thumb Code    96  ui.o(i.Show_Plan)
    SystemInit                               0x00002da1   Thumb Code    76  system_skeaz1284.o(i.SystemInit)
    UART_Init                                0x00002e01   Thumb Code   304  uart.o(i.UART_Init)
    UART_Send_Char                           0x00002f4d   Thumb Code    56  uart.o(i.UART_Send_Char)
    UI_Driver                                0x00002f8d   Thumb Code   500  ui.o(i.UI_Driver)
    UI_Go                                    0x00003185   Thumb Code   466  ui.o(i.UI_Go)
    UI_MPU6050                               0x0000339d   Thumb Code   196  ui.o(i.UI_MPU6050)
    UI_Main                                  0x000034b9   Thumb Code   564  ui.o(i.UI_Main)
    UI_Plan                                  0x00003741   Thumb Code  2354  ui.o(i.UI_Plan)
    UI_Read_End                              0x00004089   Thumb Code   102  ui.o(i.UI_Read_End)
    UI_Read_Ind                              0x00004131   Thumb Code   124  ui.o(i.UI_Read_Ind)
    UI_Set                                   0x000041f1   Thumb Code   630  ui.o(i.UI_Set)
    Write_State                              0x0000446d   Thumb Code   202  ui.o(i.Write_State)
    Write_Value                              0x0000462d   Thumb Code   526  ui.o(i.Write_Value)
    Yijielvbo                                0x00004a3d   Thumb Code   130  control.o(i.Yijielvbo)
    __0printf                                0x00004ad1   Thumb Code    24  printfa.o(i.__0printf)
    __1printf                                0x00004ad1   Thumb Code     0  printfa.o(i.__0printf)
    __2printf                                0x00004ad1   Thumb Code     0  printfa.o(i.__0printf)
    __c89printf                              0x00004ad1   Thumb Code     0  printfa.o(i.__0printf)
    printf                                   0x00004ad1   Thumb Code     0  printfa.o(i.__0printf)
    __0sprintf                               0x00004af1   Thumb Code    36  printfa.o(i.__0sprintf)
    __1sprintf                               0x00004af1   Thumb Code     0  printfa.o(i.__0sprintf)
    __2sprintf                               0x00004af1   Thumb Code     0  printfa.o(i.__0sprintf)
    __c89sprintf                             0x00004af1   Thumb Code     0  printfa.o(i.__0sprintf)
    sprintf                                  0x00004af1   Thumb Code     0  printfa.o(i.__0sprintf)
    __ARM_clz                                0x00004b19   Thumb Code    46  depilogue.o(i.__ARM_clz)
    __ARM_common_ll_mulss                    0x00004b47   Thumb Code    48  inv_mpu_dmp_motion_driver.o(i.__ARM_common_ll_mulss)
    __ARM_common_switch8                     0x00004b77   Thumb Code    28  ui.o(i.__ARM_common_switch8)
    __ARM_fpclassify                         0x00004b95   Thumb Code    40  fpclassify.o(i.__ARM_fpclassify)
    __kernel_poly                            0x00004bc1   Thumb Code   172  poly.o(i.__kernel_poly)
    __mathlib_dbl_infnan                     0x00004c6d   Thumb Code    10  dunder.o(i.__mathlib_dbl_infnan)
    __mathlib_dbl_infnan2                    0x00004c77   Thumb Code     8  dunder.o(i.__mathlib_dbl_infnan2)
    __mathlib_dbl_underflow                  0x00004c81   Thumb Code    14  dunder.o(i.__mathlib_dbl_underflow)
    __scatterload_copy                       0x00004c95   Thumb Code    14  handlers.o(i.__scatterload_copy)
    __scatterload_zeroinit                   0x00004ca3   Thumb Code    14  handlers.o(i.__scatterload_zeroinit)
    atan                                     0x00005619   Thumb Code   472  atan.o(i.atan)
    atan2                                    0x00005835   Thumb Code   334  atan2.o(i.atan2)
    dmp_enable_6x_lp_quat                    0x00005a15   Thumb Code    54  inv_mpu_dmp_motion_driver.o(i.dmp_enable_6x_lp_quat)
    dmp_enable_feature                       0x00005a51   Thumb Code   524  inv_mpu_dmp_motion_driver.o(i.dmp_enable_feature)
    dmp_enable_gyro_cal                      0x00005c6d   Thumb Code    64  inv_mpu_dmp_motion_driver.o(i.dmp_enable_gyro_cal)
    dmp_enable_lp_quat                       0x00005cc5   Thumb Code    54  inv_mpu_dmp_motion_driver.o(i.dmp_enable_lp_quat)
    dmp_load_motion_driver_firmware          0x00005d01   Thumb Code    18  inv_mpu_dmp_motion_driver.o(i.dmp_load_motion_driver_firmware)
    dmp_read_fifo                            0x00005d1d   Thumb Code   460  inv_mpu_dmp_motion_driver.o(i.dmp_read_fifo)
    dmp_set_accel_bias                       0x00005eed   Thumb Code   346  inv_mpu_dmp_motion_driver.o(i.dmp_set_accel_bias)
    dmp_set_fifo_rate                        0x0000604d   Thumb Code    94  inv_mpu_dmp_motion_driver.o(i.dmp_set_fifo_rate)
    dmp_set_gyro_bias                        0x000060c5   Thumb Code   316  inv_mpu_dmp_motion_driver.o(i.dmp_set_gyro_bias)
    dmp_set_orientation                      0x00006209   Thumb Code   298  inv_mpu_dmp_motion_driver.o(i.dmp_set_orientation)
    dmp_set_shake_reject_thresh              0x0000634d   Thumb Code    58  inv_mpu_dmp_motion_driver.o(i.dmp_set_shake_reject_thresh)
    dmp_set_shake_reject_time                0x00006387   Thumb Code    36  inv_mpu_dmp_motion_driver.o(i.dmp_set_shake_reject_time)
    dmp_set_shake_reject_timeout             0x000063ab   Thumb Code    36  inv_mpu_dmp_motion_driver.o(i.dmp_set_shake_reject_timeout)
    dmp_set_tap_axes                         0x000063cf   Thumb Code    76  inv_mpu_dmp_motion_driver.o(i.dmp_set_tap_axes)
    dmp_set_tap_count                        0x0000641b   Thumb Code    38  inv_mpu_dmp_motion_driver.o(i.dmp_set_tap_count)
    dmp_set_tap_thresh                       0x00006441   Thumb Code   408  inv_mpu_dmp_motion_driver.o(i.dmp_set_tap_thresh)
    dmp_set_tap_time                         0x000065ed   Thumb Code    36  inv_mpu_dmp_motion_driver.o(i.dmp_set_tap_time)
    dmp_set_tap_time_multi                   0x00006611   Thumb Code    36  inv_mpu_dmp_motion_driver.o(i.dmp_set_tap_time_multi)
    fputc                                    0x00006635   Thumb Code    18  uart.o(i.fputc)
    ftm_count_init                           0x00006649   Thumb Code    54  pwm.o(i.ftm_count_init)
    ftm_count_mux                            0x00006685   Thumb Code   220  pwm.o(i.ftm_count_mux)
    ftm_pwm_init                             0x0000676d   Thumb Code   282  pwm.o(i.ftm_pwm_init)
    ftm_pwm_mux                              0x00006899   Thumb Code   278  pwm.o(i.ftm_pwm_mux)
    inv_orientation_matrix_to_scalar         0x0000703d   Thumb Code    40  inv_mpu.o(i.inv_orientation_matrix_to_scalar)
    inv_row_2_scale                          0x00007065   Thumb Code    78  inv_mpu.o(i.inv_row_2_scale)
    kalman1_init                             0x000070b5   Thumb Code    22  kalman.o(i.kalman1_init)
    main                                     0x000070d5   Thumb Code   158  main.o(i.main)
    mpu_configure_fifo                       0x00007179   Thumb Code   124  inv_mpu.o(i.mpu_configure_fifo)
    mpu_dmp_get_data                         0x000071f9   Thumb Code    34  inv_mpu.o(i.mpu_dmp_get_data)
    mpu_dmp_init                             0x00007225   Thumb Code   172  inv_mpu.o(i.mpu_dmp_init)
    mpu_get_accel_fsr                        0x000072d5   Thumb Code    76  inv_mpu.o(i.mpu_get_accel_fsr)
    mpu_get_accel_sens                       0x00007325   Thumb Code    80  inv_mpu.o(i.mpu_get_accel_sens)
    mpu_get_fifo_config                      0x0000737d   Thumb Code    12  inv_mpu.o(i.mpu_get_fifo_config)
    mpu_get_gyro_fsr                         0x0000738d   Thumb Code    66  inv_mpu.o(i.mpu_get_gyro_fsr)
    mpu_get_gyro_sens                        0x000073d5   Thumb Code    60  inv_mpu.o(i.mpu_get_gyro_sens)
    mpu_get_lpf                              0x00007425   Thumb Code    76  inv_mpu.o(i.mpu_get_lpf)
    mpu_get_sample_rate                      0x00007475   Thumb Code    28  inv_mpu.o(i.mpu_get_sample_rate)
    mpu_init                                 0x00007495   Thumb Code   438  inv_mpu.o(i.mpu_init)
    mpu_load_firmware                        0x0000769d   Thumb Code   188  inv_mpu.o(i.mpu_load_firmware)
    mpu_lp_accel_mode                        0x0000775d   Thumb Code   216  inv_mpu.o(i.mpu_lp_accel_mode)
    mpu_read_fifo_stream                     0x00007839   Thumb Code   210  inv_mpu.o(i.mpu_read_fifo_stream)
    mpu_read_mem                             0x00007911   Thumb Code   120  inv_mpu.o(i.mpu_read_mem)
    mpu_reset_fifo                           0x0000798d   Thumb Code   480  inv_mpu.o(i.mpu_reset_fifo)
    mpu_run_self_test                        0x00007b71   Thumb Code   278  inv_mpu.o(i.mpu_run_self_test)
    mpu_set_accel_fsr                        0x00007c8d   Thumb Code   128  inv_mpu.o(i.mpu_set_accel_fsr)
    mpu_set_bypass                           0x00007d11   Thumb Code   348  inv_mpu.o(i.mpu_set_bypass)
    mpu_set_dmp_state                        0x00007e71   Thumb Code   140  inv_mpu.o(i.mpu_set_dmp_state)
    mpu_set_gyro_fsr                         0x00007f01   Thumb Code   142  inv_mpu.o(i.mpu_set_gyro_fsr)
    mpu_set_int_latched                      0x00007f95   Thumb Code   110  inv_mpu.o(i.mpu_set_int_latched)
    mpu_set_lpf                              0x00008009   Thumb Code   128  inv_mpu.o(i.mpu_set_lpf)
    mpu_set_sample_rate                      0x0000808d   Thumb Code   162  inv_mpu.o(i.mpu_set_sample_rate)
    mpu_set_sensors                          0x00008135   Thumb Code   220  inv_mpu.o(i.mpu_set_sensors)
    mpu_write_mem                            0x00008215   Thumb Code   120  inv_mpu.o(i.mpu_write_mem)
    my_putchar                               0x00008291   Thumb Code    14  upper.o(i.my_putchar)
    run_self_test                            0x0000829f   Thumb Code   148  inv_mpu.o(i.run_self_test)
    FONT48x64_TAB                            0x000083e0   Data           9  oled.o(.constdata)
    FONT24x32_TAB                            0x000083e9   Data          15  oled.o(.constdata)
    FONT12x12_TAB                            0x000083f8   Data         120  oled.o(.constdata)
    FONT12x12                                0x00008470   Data       46080  oled.o(.constdata)
    FONT48x64                                0x00013870   Data        3456  oled.o(.constdata)
    FONT24x32                                0x000145f0   Data        8940  oled.o(.constdata)
    asc2_1206                                0x000168dc   Data        1140  oled.o(.constdata)
    asc2_1608                                0x00016d50   Data        1520  oled.o(.constdata)
    asc2_2412                                0x00017340   Data        3420  oled.o(.constdata)
    DCB2HEX_TAB                              0x0001809c   Data           8  oled.o(.constdata)
    UART_ARR                                 0x000181d0   Data          12  uart.o(.constdata)
    FTM_ARR                                  0x000181e8   Data          12  pwm.o(.constdata)
    reg                                      0x000181f4   Data          27  inv_mpu.o(.constdata)
    hw                                       0x00018210   Data          12  inv_mpu.o(.constdata)
    test                                     0x0001821c   Data          40  inv_mpu.o(.constdata)
    __mathlib_zero                           0x00018ed8   Data           8  qnan.o(.constdata)
    Region$$Table$$Base                      0x00018f30   Number         0  anon$$obj.o(Region$$Table)
    Region$$Table$$Limit                     0x00018f50   Number         0  anon$$obj.o(Region$$Table)
    BB_Times                                 0x1ffff000   Data           2  led&buzzer.o(.data)
    uint16_TMEP                              0x1ffff006   Data           2  data.o(.data)
    Plan1                                    0x1ffff008   Data          36  data.o(.data)
    Blue                                     0x1ffff02c   Data          36  data.o(.data)
    Add_L                                    0x1ffff050   Data           2  data.o(.data)
    Set_LED                                  0x1ffff052   Data           1  data.o(.data)
    Set_Beep                                 0x1ffff053   Data           1  data.o(.data)
    Bluetooth                                0x1ffff054   Data           1  data.o(.data)
    Value_End                                0x1ffff056   Data           2  data.o(.data)
    Angle_PWM                                0x1ffff058   Data           4  control.o(.data)
    Speed_PWM                                0x1ffff05c   Data           4  control.o(.data)
    Turn_PWM                                 0x1ffff060   Data           4  control.o(.data)
    L_Final_PWM                              0x1ffff064   Data           4  control.o(.data)
    R_Final_PWM                              0x1ffff068   Data           4  control.o(.data)
    Value_Inductor_L                         0x1ffff06c   Data           2  control.o(.data)
    Value_Inductor_R                         0x1ffff06e   Data           2  control.o(.data)
    Value_Ind_L_Old                          0x1ffff070   Data           2  control.o(.data)
    Value_Ind_R_Old                          0x1ffff072   Data           2  control.o(.data)
    Error_Ind                                0x1ffff074   Data           2  control.o(.data)
    Eroor_Ind_Old                            0x1ffff076   Data           2  control.o(.data)
    Value_End_L                              0x1ffff078   Data           2  control.o(.data)
    Value_End_R                              0x1ffff07a   Data           2  control.o(.data)
    Error_End                                0x1ffff07c   Data           2  control.o(.data)
    AlllastError                             0x1ffff080   Data           4  control.o(.data)
    SpeedOUT                                 0x1ffff084   Data           4  control.o(.data)
    End_Integral                             0x1ffff088   Data           4  control.o(.data)
    LR_Error                                 0x1ffff08c   Data           4  control.o(.data)
    Do_it                                    0x1ffff090   Data           1  control.o(.data)
    Huan_Count_Flag                          0x1ffff091   Data           1  control.o(.data)
    Huan_Count                               0x1ffff092   Data           2  control.o(.data)
    Yaw_Huan                                 0x1ffff094   Data           4  control.o(.data)
    Huan_Flag                                0x1ffff098   Data           1  control.o(.data)
    Run_Time_Flag                            0x1ffff099   Data           1  control.o(.data)
    Run_Time                                 0x1ffff09c   Data           4  control.o(.data)
    Run_Distance                             0x1ffff0a0   Data           4  control.o(.data)
    Stop_Flag                                0x1ffff0a4   Data           1  control.o(.data)
    CONTROL_Target_Angle                     0x1ffff0a6   Data           2  control.o(.data)
    CONTROL_Target_Speed                     0x1ffff0a8   Data           2  control.o(.data)
    CONTROL_AnglePID_P                       0x1ffff0aa   Data           2  control.o(.data)
    CONTROL_AnglePID_D                       0x1ffff0ac   Data           2  control.o(.data)
    CONTROL_SpeedPID_P                       0x1ffff0ae   Data           2  control.o(.data)
    CONTROL_SpeedPID_I                       0x1ffff0b0   Data           2  control.o(.data)
    CONTROL_TurnPID_P                        0x1ffff0b2   Data           2  control.o(.data)
    CONTROL_TurnPID_D                        0x1ffff0b4   Data           2  control.o(.data)
    CONTROL_Huan_Add                         0x1ffff0b6   Data           2  control.o(.data)
    temp_time                                0x1ffff0b8   Data           4  control.o(.data)
    temp_dis                                 0x1ffff0bc   Data           4  control.o(.data)
    Pitch                                    0x1ffff0c0   Data           4  control.o(.data)
    Roll                                     0x1ffff0c4   Data           4  control.o(.data)
    Yaw                                      0x1ffff0c8   Data           4  control.o(.data)
    Pitch1                                   0x1ffff0cc   Data           4  control.o(.data)
    Roll1                                    0x1ffff0d0   Data           4  control.o(.data)
    Yaw1                                     0x1ffff0d4   Data           4  control.o(.data)
    Gyro                                     0x1ffff0d8   Data           6  control.o(.data)
    Accel                                    0x1ffff0de   Data           6  control.o(.data)
    K1                                       0x1ffff0e4   Data           4  control.o(.data)
    angle                                    0x1ffff0e8   Data           4  control.o(.data)
    angle_dot                                0x1ffff0ec   Data           4  control.o(.data)
    period_                                  0x1ffff0f0   Data           6  pwm.o(.data)
    ALL_DATA_Change                          0x1ffff0f8   Data           2  flash.o(.data)
    s_flash_command_run                      0x1ffff0fa   Data          14  flash.o(.data)
    s_flash_run_entry                        0x1ffff108   Data           4  flash.o(.data)
    q0                                       0x1ffff144   Data           4  inv_mpu.o(.data)
    q1                                       0x1ffff148   Data           4  inv_mpu.o(.data)
    q2                                       0x1ffff14c   Data           4  inv_mpu.o(.data)
    q3                                       0x1ffff150   Data           4  inv_mpu.o(.data)
    __stdout                                 0x1ffff154   Data           4  stdout.o(.data)
    OLED_GRAM                                0x1ffff158   Data        1024  oled.o(.bss)
    TEMP_OLED_GRAM                           0x1ffff558   Data        1024  oled.o(.bss)
    Variable                                 0x1ffff958   Data          80  upper.o(.bss)
    data_to_send                             0x1ffff9a8   Data          50  upper.o(.bss)
    AD_Kalman                                0x1ffff9dc   Data         112  kalman.o(.bss)
    ALL_DATA                                 0x1ffffa4c   Data         512  flash.o(.bss)
    __initial_sp                             0x20000c60   Data           0  startup_skeaz1284.o(STACK)



==============================================================================

Memory Map of the image

  Image Entry point : 0x000000c1

  Load Region LR_IROM1 (Base: 0x00000000, Size: 0x000190a8, Max: 0x00020000, ABSOLUTE, COMPRESSED[0x00018fb0])

    Execution Region ER_IROM1 (Exec base: 0x00000000, Load base: 0x00000000, Size: 0x00018f50, Max: 0x00020000, ABSOLUTE)

    Exec Addr    Load Addr    Size         Type   Attr      Idx    E Section Name        Object

    0x00000000   0x00000000   0x000000c0   Data   RO         1835    RESET               startup_skeaz1284.o
    0x000000c0   0x000000c0   0x00000000   Code   RO         1889  * .ARM.Collect$$$$00000000  mc_p.l(entry.o)
    0x000000c0   0x000000c0   0x00000004   Code   RO         2228    .ARM.Collect$$$$00000001  mc_p.l(entry2.o)
    0x000000c4   0x000000c4   0x00000004   Code   RO         2231    .ARM.Collect$$$$00000004  mc_p.l(entry5.o)
    0x000000c8   0x000000c8   0x00000000   Code   RO         2233    .ARM.Collect$$$$00000008  mc_p.l(entry7b.o)
    0x000000c8   0x000000c8   0x00000000   Code   RO         2235    .ARM.Collect$$$$0000000A  mc_p.l(entry8b.o)
    0x000000c8   0x000000c8   0x00000008   Code   RO         2236    .ARM.Collect$$$$0000000B  mc_p.l(entry9a.o)
    0x000000d0   0x000000d0   0x00000000   Code   RO         2238    .ARM.Collect$$$$0000000D  mc_p.l(entry10a.o)
    0x000000d0   0x000000d0   0x00000000   Code   RO         2240    .ARM.Collect$$$$0000000F  mc_p.l(entry11a.o)
    0x000000d0   0x000000d0   0x00000004   Code   RO         2229    .ARM.Collect$$$$00002712  mc_p.l(entry2.o)
    0x000000d4   0x000000d4   0x00000028   Code   RO         1837    .text               startup_skeaz1284.o
    0x000000fc   0x000000fc   0x0000002c   Code   RO         1892    .text               mc_p.l(uidiv.o)
    0x00000128   0x00000128   0x00000028   Code   RO         1894    .text               mc_p.l(idiv.o)
    0x00000150   0x00000150   0x0000004c   Code   RO         1896    .text               mc_p.l(ldiv.o)
    0x0000019c   0x0000019c   0x0000007a   Code   RO         1898    .text               mc_p.l(llmul.o)
    0x00000216   0x00000216   0x00000024   Code   RO         1900    .text               mc_p.l(memcpya.o)
    0x0000023a   0x0000023a   0x00000024   Code   RO         1902    .text               mc_p.l(memseta.o)
    0x0000025e   0x0000025e   0x0000001a   Code   RO         1904    .text               mc_p.l(memcmp.o)
    0x00000278   0x00000278   0x000000b2   Code   RO         2169    .text               mf_p.l(fadd.o)
    0x0000032a   0x0000032a   0x0000007a   Code   RO         2171    .text               mf_p.l(fmul.o)
    0x000003a4   0x000003a4   0x00000016   Code   RO         2181    .text               mf_p.l(fflti.o)
    0x000003ba   0x000003ba   0x0000000e   Code   RO         2183    .text               mf_p.l(ffltui.o)
    0x000003c8   0x000003c8   0x00000028   Code   RO         2185    .text               mf_p.l(dflti.o)
    0x000003f0   0x000003f0   0x00000000   Code   RO         2256    .text               mc_p.l(iusefp.o)
    0x000003f0   0x000003f0   0x0000000a   Code   RO         1154    i.MPU_IIC_Delay     iic.o
    0x000003fa   0x000003fa   0x00000002   Code   RO         2278    i.__scatterload_null  mc_p.l(handlers.o)
    0x000003fc   0x000003fc   0x00000002   Code   RO         1313    i.mget_ms           inv_mpu.o
    0x000003fe   0x000003fe   0x00000002   PAD
    0x00000400   0x00000400   0x00000010   Code   RO         1836    .ARM.__at_0x400     startup_skeaz1284.o
    0x00000410   0x00000410   0x0000007c   Code   RO         2173    .text               mf_p.l(fdiv.o)
    0x0000048c   0x0000048c   0x00000164   Code   RO         2175    .text               mf_p.l(dadd.o)
    0x000005f0   0x000005f0   0x000000d0   Code   RO         2177    .text               mf_p.l(dmul.o)
    0x000006c0   0x000006c0   0x000000f0   Code   RO         2179    .text               mf_p.l(ddiv.o)
    0x000007b0   0x000007b0   0x0000001c   Code   RO         2187    .text               mf_p.l(dfltui.o)
    0x000007cc   0x000007cc   0x00000032   Code   RO         2189    .text               mf_p.l(ffixi.o)
    0x000007fe   0x000007fe   0x00000028   Code   RO         2191    .text               mf_p.l(ffixui.o)
    0x00000826   0x00000826   0x00000028   Code   RO         2193    .text               mf_p.l(f2d.o)
    0x0000084e   0x0000084e   0x00000002   PAD
    0x00000850   0x00000850   0x00000028   Code   RO         2195    .text               mf_p.l(cdrcmple.o)
    0x00000878   0x00000878   0x00000038   Code   RO         2197    .text               mf_p.l(d2f.o)
    0x000008b0   0x000008b0   0x00000014   Code   RO         2199    .text               mf_p.l(cfcmple.o)
    0x000008c4   0x000008c4   0x00000014   Code   RO         2201    .text               mf_p.l(cfrcmple.o)
    0x000008d8   0x000008d8   0x00000060   Code   RO         2243    .text               mc_p.l(uldiv.o)
    0x00000938   0x00000938   0x00000020   Code   RO         2245    .text               mc_p.l(llshl.o)
    0x00000958   0x00000958   0x00000026   Code   RO         2247    .text               mc_p.l(llsshr.o)
    0x0000097e   0x0000097e   0x00000082   Code   RO         2257    .text               mf_p.l(fepilogue.o)
    0x00000a00   0x00000a00   0x000000be   Code   RO         2259    .text               mf_p.l(depilogue.o)
    0x00000abe   0x00000abe   0x00000002   PAD
    0x00000ac0   0x00000ac0   0x00000040   Code   RO         2263    .text               mf_p.l(dfixul.o)
    0x00000b00   0x00000b00   0x00000024   Code   RO         2269    .text               mc_p.l(init.o)
    0x00000b24   0x00000b24   0x00000022   Code   RO         2271    .text               mc_p.l(llushr.o)
    0x00000b46   0x00000b46   0x0000002c   Code   RO         2273    .text               mf_p.l(dscalb.o)
    0x00000b72   0x00000b72   0x00000056   Code   RO         2283    .text               mc_p.l(__dczerorl2.o)
    0x00000bc8   0x00000bc8   0x00000060   Code   RO         1029    i.ADC_Config        adc.o
    0x00000c28   0x00000c28   0x00000022   Code   RO          602    i.AD_Init           ad.o
    0x00000c4a   0x00000c4a   0x00000002   PAD
    0x00000c4c   0x00000c4c   0x000000b4   Code   RO          699    i.All_Init          init.o
    0x00000d00   0x00000d00   0x00000020   Code   RO          342    i.Beep_ON           led&buzzer.o
    0x00000d20   0x00000d20   0x00000020   Code   RO          343    i.Buzzer_Init       led&buzzer.o
    0x00000d40   0x00000d40   0x00000104   Code   RO          486    i.Chang_State       ui.o
    0x00000e44   0x00000e44   0x000001c8   Code   RO          487    i.Chang_Value       ui.o
    0x0000100c   0x0000100c   0x00000054   Code   RO          489    i.CountDown         ui.o
    0x00001060   0x00001060   0x00000024   Code   RO          453    i.Data_Init         data.o
    0x00001084   0x00001084   0x00000030   Code   RO          824    i.Delay_ms          delay.o
    0x000010b4   0x000010b4   0x00000054   Code   RO          825    i.Delay_us          delay.o
    0x00001108   0x00001108   0x00000068   Code   RO          629    i.Encoder_Init      encoder.o
    0x00001170   0x00001170   0x00000030   Code   RO         1102    i.FLASH_EraseSector  flash.o
    0x000011a0   0x000011a0   0x00000034   Code   RO         1104    i.FLASH_Init        flash.o
    0x000011d4   0x000011d4   0x00000070   Code   RO         1105    i.FLASH_WriteSector  flash.o
    0x00001244   0x00001244   0x00000018   Code   RO          890    i.FTM_PWM_set_CnV   pwm.o
    0x0000125c   0x0000125c   0x0000003c   Code   RO         1106    i.FlashCmdStart     flash.o
    0x00001298   0x00001298   0x000001bc   Code   RO          422    i.Get_Key           key.o
    0x00001454   0x00001454   0x00000040   Code   RO          490    i.Judge_State       ui.o
    0x00001494   0x00001494   0x000003c0   Code   RO          660    i.Just_Do_It        control.o
    0x00001854   0x00001854   0x000000d0   Code   RO          423    i.KEY_Init          key.o
    0x00001924   0x00001924   0x00000020   Code   RO          344    i.LED_Blue_ON       led&buzzer.o
    0x00001944   0x00001944   0x00000020   Code   RO          345    i.LED_Green_ON      led&buzzer.o
    0x00001964   0x00001964   0x00000030   Code   RO          346    i.LED_Indigo_ON     led&buzzer.o
    0x00001994   0x00001994   0x00000058   Code   RO          347    i.LED_Init          led&buzzer.o
    0x000019ec   0x000019ec   0x0000002c   Code   RO          348    i.LED_Orange_ON     led&buzzer.o
    0x00001a18   0x00001a18   0x0000002c   Code   RO          349    i.LED_Purple_ON     led&buzzer.o
    0x00001a44   0x00001a44   0x00000020   Code   RO          350    i.LED_Red_ON        led&buzzer.o
    0x00001a64   0x00001a64   0x0000003c   Code   RO          351    i.LED_White_ON      led&buzzer.o
    0x00001aa0   0x00001aa0   0x00000054   Code   RO         1223    i.MPU_Get_Temperature  my_mpu6050.o
    0x00001af4   0x00001af4   0x00000088   Code   RO         1153    i.MPU_IIC_Ack       iic.o
    0x00001b7c   0x00001b7c   0x00000038   Code   RO         1155    i.MPU_IIC_Init      iic.o
    0x00001bb4   0x00001bb4   0x00000088   Code   RO         1156    i.MPU_IIC_NAck      iic.o
    0x00001c3c   0x00001c3c   0x0000009c   Code   RO         1157    i.MPU_IIC_Read_Byte  iic.o
    0x00001cd8   0x00001cd8   0x000000c0   Code   RO         1158    i.MPU_IIC_Send_Byte  iic.o
    0x00001d98   0x00001d98   0x00000088   Code   RO         1159    i.MPU_IIC_Start     iic.o
    0x00001e20   0x00001e20   0x00000088   Code   RO         1160    i.MPU_IIC_Stop      iic.o
    0x00001ea8   0x00001ea8   0x000000a4   Code   RO         1161    i.MPU_IIC_Wait_Ack  iic.o
    0x00001f4c   0x00001f4c   0x0000007e   Code   RO         1224    i.MPU_Init          my_mpu6050.o
    0x00001fca   0x00001fca   0x0000003a   Code   RO         1225    i.MPU_Read_Byte     my_mpu6050.o
    0x00002004   0x00002004   0x0000006c   Code   RO         1226    i.MPU_Read_Len      my_mpu6050.o
    0x00002070   0x00002070   0x00000010   Code   RO         1227    i.MPU_Set_Accel_Fsr  my_mpu6050.o
    0x00002080   0x00002080   0x00000010   Code   RO         1228    i.MPU_Set_Gyro_Fsr  my_mpu6050.o
    0x00002090   0x00002090   0x0000003a   Code   RO         1229    i.MPU_Set_LPF       my_mpu6050.o
    0x000020ca   0x000020ca   0x0000003c   Code   RO         1230    i.MPU_Set_Rate      my_mpu6050.o
    0x00002106   0x00002106   0x00000048   Code   RO         1231    i.MPU_Write_Byte    my_mpu6050.o
    0x0000214e   0x0000214e   0x0000005e   Code   RO         1232    i.MPU_Write_Len     my_mpu6050.o
    0x000021ac   0x000021ac   0x00000074   Code   RO          286    i.Motor_Init        motor.o
    0x00002220   0x00002220   0x0000001a   Code   RO          287    i.Motor_L_Back_V    motor.o
    0x0000223a   0x0000223a   0x0000001a   Code   RO          288    i.Motor_L_Go_V      motor.o
    0x00002254   0x00002254   0x0000001a   Code   RO          289    i.Motor_R_Back_V    motor.o
    0x0000226e   0x0000226e   0x0000001a   Code   RO          290    i.Motor_R_Go_V      motor.o
    0x00002288   0x00002288   0x00000078   Code   RO          856    i.NVIC_SetPriority  pit.o
    0x00002300   0x00002300   0x0000002c   Code   RO          141    i.OLED_Clear        oled.o
    0x0000232c   0x0000232c   0x0000001c   Code   RO          142    i.OLED_Display_Off  oled.o
    0x00002348   0x00002348   0x0000001c   Code   RO          143    i.OLED_Display_On   oled.o
    0x00002364   0x00002364   0x00000068   Code   RO          144    i.OLED_DrawPoint    oled.o
    0x000023cc   0x000023cc   0x0000002e   Code   RO          145    i.OLED_Fill         oled.o
    0x000023fa   0x000023fa   0x00000002   PAD
    0x000023fc   0x000023fc   0x00000190   Code   RO          146    i.OLED_Init         oled.o
    0x0000258c   0x0000258c   0x0000004c   Code   RO          148    i.OLED_Refresh_Gram  oled.o
    0x000025d8   0x000025d8   0x000000fc   Code   RO          149    i.OLED_Show_Char    oled.o
    0x000026d4   0x000026d4   0x000000ac   Code   RO          151    i.OLED_Show_Char48_64  oled.o
    0x00002780   0x00002780   0x0000003a   Code   RO          155    i.OLED_Show_Str     oled.o
    0x000027ba   0x000027ba   0x00000052   Code   RO          156    i.OLED_Show_StrAll  oled.o
    0x0000280c   0x0000280c   0x000000b8   Code   RO          157    i.OLED_Show_ZH12_12  oled.o
    0x000028c4   0x000028c4   0x00000094   Code   RO          158    i.OLED_WR_Byte      oled.o
    0x00002958   0x00002958   0x00000238   Code   RO          661    i.PIT_CH0_IRQHandler  control.o
    0x00002b90   0x00002b90   0x00000014   Code   RO          857    i.PIT_CH1_IRQHandler  pit.o
    0x00002ba4   0x00002ba4   0x0000009c   Code   RO          858    i.PIT_Config        pit.o
    0x00002c40   0x00002c40   0x00000016   Code   RO          966    i.Send_Begin        upper.o
    0x00002c56   0x00002c56   0x00000002   PAD
    0x00002c58   0x00002c58   0x0000006c   Code   RO          967    i.Send_Variable     upper.o
    0x00002cc4   0x00002cc4   0x000000dc   Code   RO          491    i.Show_Plan         ui.o
    0x00002da0   0x00002da0   0x00000060   Code   RO         1846    i.SystemInit        system_skeaz1284.o
    0x00002e00   0x00002e00   0x0000014c   Code   RO          742    i.UART_Init         uart.o
    0x00002f4c   0x00002f4c   0x00000040   Code   RO          743    i.UART_Send_Char    uart.o
    0x00002f8c   0x00002f8c   0x000001f8   Code   RO          492    i.UI_Driver         ui.o
    0x00003184   0x00003184   0x00000218   Code   RO          493    i.UI_Go             ui.o
    0x0000339c   0x0000339c   0x0000011c   Code   RO          494    i.UI_MPU6050        ui.o
    0x000034b8   0x000034b8   0x00000288   Code   RO          495    i.UI_Main           ui.o
    0x00003740   0x00003740   0x00000948   Code   RO          496    i.UI_Plan           ui.o
    0x00004088   0x00004088   0x000000a8   Code   RO          497    i.UI_Read_End       ui.o
    0x00004130   0x00004130   0x000000c0   Code   RO          498    i.UI_Read_Ind       ui.o
    0x000041f0   0x000041f0   0x0000027c   Code   RO          499    i.UI_Set            ui.o
    0x0000446c   0x0000446c   0x000001c0   Code   RO          500    i.Write_State       ui.o
    0x0000462c   0x0000462c   0x00000410   Code   RO          501    i.Write_Value       ui.o
    0x00004a3c   0x00004a3c   0x00000094   Code   RO          662    i.Yijielvbo         control.o
    0x00004ad0   0x00004ad0   0x00000020   Code   RO         2141    i.__0printf         mc_p.l(printfa.o)
    0x00004af0   0x00004af0   0x00000028   Code   RO         2143    i.__0sprintf        mc_p.l(printfa.o)
    0x00004b18   0x00004b18   0x0000002e   Code   RO         2261    i.__ARM_clz         mf_p.l(depilogue.o)
    0x00004b46   0x00004b46   0x00000030   Code   RO         1822    i.__ARM_common_ll_mulss  inv_mpu_dmp_motion_driver.o
    0x00004b76   0x00004b76   0x0000001c   Code   RO          595    i.__ARM_common_switch8  ui.o
    0x00004b92   0x00004b92   0x00000002   PAD
    0x00004b94   0x00004b94   0x0000002c   Code   RO         2265    i.__ARM_fpclassify  m_ps.l(fpclassify.o)
    0x00004bc0   0x00004bc0   0x000000ac   Code   RO         2267    i.__kernel_poly     m_ps.l(poly.o)
    0x00004c6c   0x00004c6c   0x0000000a   Code   RO         2214    i.__mathlib_dbl_infnan  m_ps.l(dunder.o)
    0x00004c76   0x00004c76   0x00000008   Code   RO         2215    i.__mathlib_dbl_infnan2  m_ps.l(dunder.o)
    0x00004c7e   0x00004c7e   0x00000002   PAD
    0x00004c80   0x00004c80   0x00000014   Code   RO         2219    i.__mathlib_dbl_underflow  m_ps.l(dunder.o)
    0x00004c94   0x00004c94   0x0000000e   Code   RO         2277    i.__scatterload_copy  mc_p.l(handlers.o)
    0x00004ca2   0x00004ca2   0x0000000e   Code   RO         2279    i.__scatterload_zeroinit  mc_p.l(handlers.o)
    0x00004cb0   0x00004cb0   0x00000174   Code   RO         2148    i._fp_digits        mc_p.l(printfa.o)
    0x00004e24   0x00004e24   0x000006ec   Code   RO         2149    i._printf_core      mc_p.l(printfa.o)
    0x00005510   0x00005510   0x00000020   Code   RO         2150    i._printf_post_padding  mc_p.l(printfa.o)
    0x00005530   0x00005530   0x0000002c   Code   RO         2151    i._printf_pre_padding  mc_p.l(printfa.o)
    0x0000555c   0x0000555c   0x0000000a   Code   RO         2153    i._sputc            mc_p.l(printfa.o)
    0x00005566   0x00005566   0x00000002   PAD
    0x00005568   0x00005568   0x000000b0   Code   RO         1307    i.accel_self_test   inv_mpu.o
    0x00005618   0x00005618   0x0000021c   Code   RO         2204    i.atan              m_ps.l(atan.o)
    0x00005834   0x00005834   0x00000178   Code   RO         1882    i.atan2             m_ps.l(atan2.o)
    0x000059ac   0x000059ac   0x00000068   Code   RO         1643    i.decode_gesture    inv_mpu_dmp_motion_driver.o
    0x00005a14   0x00005a14   0x0000003c   Code   RO         1644    i.dmp_enable_6x_lp_quat  inv_mpu_dmp_motion_driver.o
    0x00005a50   0x00005a50   0x0000021c   Code   RO         1645    i.dmp_enable_feature  inv_mpu_dmp_motion_driver.o
    0x00005c6c   0x00005c6c   0x00000058   Code   RO         1646    i.dmp_enable_gyro_cal  inv_mpu_dmp_motion_driver.o
    0x00005cc4   0x00005cc4   0x0000003c   Code   RO         1647    i.dmp_enable_lp_quat  inv_mpu_dmp_motion_driver.o
    0x00005d00   0x00005d00   0x0000001c   Code   RO         1652    i.dmp_load_motion_driver_firmware  inv_mpu_dmp_motion_driver.o
    0x00005d1c   0x00005d1c   0x000001d0   Code   RO         1653    i.dmp_read_fifo     inv_mpu_dmp_motion_driver.o
    0x00005eec   0x00005eec   0x00000160   Code   RO         1656    i.dmp_set_accel_bias  inv_mpu_dmp_motion_driver.o
    0x0000604c   0x0000604c   0x00000078   Code   RO         1657    i.dmp_set_fifo_rate  inv_mpu_dmp_motion_driver.o
    0x000060c4   0x000060c4   0x00000144   Code   RO         1658    i.dmp_set_gyro_bias  inv_mpu_dmp_motion_driver.o
    0x00006208   0x00006208   0x00000144   Code   RO         1660    i.dmp_set_orientation  inv_mpu_dmp_motion_driver.o
    0x0000634c   0x0000634c   0x0000003a   Code   RO         1663    i.dmp_set_shake_reject_thresh  inv_mpu_dmp_motion_driver.o
    0x00006386   0x00006386   0x00000024   Code   RO         1664    i.dmp_set_shake_reject_time  inv_mpu_dmp_motion_driver.o
    0x000063aa   0x000063aa   0x00000024   Code   RO         1665    i.dmp_set_shake_reject_timeout  inv_mpu_dmp_motion_driver.o
    0x000063ce   0x000063ce   0x0000004c   Code   RO         1666    i.dmp_set_tap_axes  inv_mpu_dmp_motion_driver.o
    0x0000641a   0x0000641a   0x00000026   Code   RO         1667    i.dmp_set_tap_count  inv_mpu_dmp_motion_driver.o
    0x00006440   0x00006440   0x000001ac   Code   RO         1668    i.dmp_set_tap_thresh  inv_mpu_dmp_motion_driver.o
    0x000065ec   0x000065ec   0x00000024   Code   RO         1669    i.dmp_set_tap_time  inv_mpu_dmp_motion_driver.o
    0x00006610   0x00006610   0x00000024   Code   RO         1670    i.dmp_set_tap_time_multi  inv_mpu_dmp_motion_driver.o
    0x00006634   0x00006634   0x00000012   Code   RO          745    i.fputc             uart.o
    0x00006646   0x00006646   0x00000002   PAD
    0x00006648   0x00006648   0x0000003c   Code   RO          893    i.ftm_count_init    pwm.o
    0x00006684   0x00006684   0x000000e8   Code   RO          894    i.ftm_count_mux     pwm.o
    0x0000676c   0x0000676c   0x0000012c   Code   RO          897    i.ftm_pwm_init      pwm.o
    0x00006898   0x00006898   0x0000011c   Code   RO          898    i.ftm_pwm_mux       pwm.o
    0x000069b4   0x000069b4   0x000000b8   Code   RO         1308    i.get_accel_prod_shift  inv_mpu.o
    0x00006a6c   0x00006a6c   0x000004bc   Code   RO         1309    i.get_st_biases     inv_mpu.o
    0x00006f28   0x00006f28   0x00000114   Code   RO         1310    i.gyro_self_test    inv_mpu.o
    0x0000703c   0x0000703c   0x00000028   Code   RO         1311    i.inv_orientation_matrix_to_scalar  inv_mpu.o
    0x00007064   0x00007064   0x0000004e   Code   RO         1312    i.inv_row_2_scale   inv_mpu.o
    0x000070b2   0x000070b2   0x00000002   PAD
    0x000070b4   0x000070b4   0x00000020   Code   RO         1065    i.kalman1_init      kalman.o
    0x000070d4   0x000070d4   0x000000a4   Code   RO            3    i.main              main.o
    0x00007178   0x00007178   0x00000080   Code   RO         1314    i.mpu_configure_fifo  inv_mpu.o
    0x000071f8   0x000071f8   0x0000002c   Code   RO         1315    i.mpu_dmp_get_data  inv_mpu.o
    0x00007224   0x00007224   0x000000b0   Code   RO         1316    i.mpu_dmp_init      inv_mpu.o
    0x000072d4   0x000072d4   0x00000050   Code   RO         1317    i.mpu_get_accel_fsr  inv_mpu.o
    0x00007324   0x00007324   0x00000058   Code   RO         1319    i.mpu_get_accel_sens  inv_mpu.o
    0x0000737c   0x0000737c   0x00000010   Code   RO         1324    i.mpu_get_fifo_config  inv_mpu.o
    0x0000738c   0x0000738c   0x00000048   Code   RO         1325    i.mpu_get_gyro_fsr  inv_mpu.o
    0x000073d4   0x000073d4   0x00000050   Code   RO         1327    i.mpu_get_gyro_sens  inv_mpu.o
    0x00007424   0x00007424   0x00000050   Code   RO         1329    i.mpu_get_lpf       inv_mpu.o
    0x00007474   0x00007474   0x00000020   Code   RO         1331    i.mpu_get_sample_rate  inv_mpu.o
    0x00007494   0x00007494   0x00000208   Code   RO         1333    i.mpu_init          inv_mpu.o
    0x0000769c   0x0000769c   0x000000c0   Code   RO         1334    i.mpu_load_firmware  inv_mpu.o
    0x0000775c   0x0000775c   0x000000dc   Code   RO         1335    i.mpu_lp_accel_mode  inv_mpu.o
    0x00007838   0x00007838   0x000000d8   Code   RO         1338    i.mpu_read_fifo_stream  inv_mpu.o
    0x00007910   0x00007910   0x0000007c   Code   RO         1339    i.mpu_read_mem      inv_mpu.o
    0x0000798c   0x0000798c   0x000001e4   Code   RO         1342    i.mpu_reset_fifo    inv_mpu.o
    0x00007b70   0x00007b70   0x0000011c   Code   RO         1343    i.mpu_run_self_test  inv_mpu.o
    0x00007c8c   0x00007c8c   0x00000084   Code   RO         1345    i.mpu_set_accel_fsr  inv_mpu.o
    0x00007d10   0x00007d10   0x00000160   Code   RO         1346    i.mpu_set_bypass    inv_mpu.o
    0x00007e70   0x00007e70   0x00000090   Code   RO         1348    i.mpu_set_dmp_state  inv_mpu.o
    0x00007f00   0x00007f00   0x00000094   Code   RO         1349    i.mpu_set_gyro_fsr  inv_mpu.o
    0x00007f94   0x00007f94   0x00000074   Code   RO         1350    i.mpu_set_int_latched  inv_mpu.o
    0x00008008   0x00008008   0x00000084   Code   RO         1352    i.mpu_set_lpf       inv_mpu.o
    0x0000808c   0x0000808c   0x000000a8   Code   RO         1353    i.mpu_set_sample_rate  inv_mpu.o
    0x00008134   0x00008134   0x000000e0   Code   RO         1354    i.mpu_set_sensors   inv_mpu.o
    0x00008214   0x00008214   0x0000007c   Code   RO         1355    i.mpu_write_mem     inv_mpu.o
    0x00008290   0x00008290   0x0000000e   Code   RO          968    i.my_putchar        upper.o
    0x0000829e   0x0000829e   0x00000094   Code   RO         1356    i.run_self_test     inv_mpu.o
    0x00008332   0x00008332   0x00000002   PAD
    0x00008334   0x00008334   0x000000ac   Code   RO         1357    i.set_int_enable    inv_mpu.o
    0x000083e0   0x000083e0   0x0000fcc4   Data   RO          161    .constdata          oled.o
    0x000180a4   0x000180a4   0x0000012c   Data   RO          502    .constdata          ui.o
    0x000181d0   0x000181d0   0x0000000c   Data   RO          751    .constdata          uart.o
    0x000181dc   0x000181dc   0x00000018   Data   RO          899    .constdata          pwm.o
    0x000181f4   0x000181f4   0x00000050   Data   RO         1359    .constdata          inv_mpu.o
    0x00018244   0x00018244   0x00000bf6   Data   RO         1672    .constdata          inv_mpu_dmp_motion_driver.o
    0x00018e3a   0x00018e3a   0x00000006   PAD
    0x00018e40   0x00018e40   0x00000098   Data   RO         2205    .constdata          m_ps.l(atan.o)
    0x00018ed8   0x00018ed8   0x00000008   Data   RO         2227    .constdata          m_ps.l(qnan.o)
    0x00018ee0   0x00018ee0   0x0000004d   Data   RO         1360    .conststring        inv_mpu.o
    0x00018f2d   0x00018f2d   0x00000003   PAD
    0x00018f30   0x00018f30   0x00000020   Data   RO         2275    Region$$Table       anon$$obj.o


    Execution Region RW_IRAM1 (Exec base: 0x1ffff000, Load base: 0x00018f50, Size: 0x00001c60, Max: 0x00004000, ABSOLUTE, COMPRESSED[0x00000060])

    Exec Addr    Load Addr    Size         Type   Attr      Idx    E Section Name        Object

    0x1ffff000   COMPRESSED   0x00000002   Data   RW          352    .data               led&buzzer.o
    0x1ffff002   COMPRESSED   0x00000003   Data   RW          424    .data               key.o
    0x1ffff005   COMPRESSED   0x00000001   PAD
    0x1ffff006   COMPRESSED   0x00000052   Data   RW          455    .data               data.o
    0x1ffff058   COMPRESSED   0x00000098   Data   RW          664    .data               control.o
    0x1ffff0f0   COMPRESSED   0x00000006   Data   RW          900    .data               pwm.o
    0x1ffff0f6   COMPRESSED   0x00000002   PAD
    0x1ffff0f8   COMPRESSED   0x00000014   Data   RW         1108    .data               flash.o
    0x1ffff10c   COMPRESSED   0x00000048   Data   RW         1361    .data               inv_mpu.o
    0x1ffff154   COMPRESSED   0x00000004   Data   RW         2242    .data               mc_p.l(stdout.o)
    0x1ffff158        -       0x00000800   Zero   RW          160    .bss                oled.o
    0x1ffff958        -       0x00000082   Zero   RW          969    .bss                upper.o
    0x1ffff9da   COMPRESSED   0x00000002   PAD
    0x1ffff9dc        -       0x00000070   Zero   RW         1068    .bss                kalman.o
    0x1ffffa4c        -       0x00000200   Zero   RW         1107    .bss                flash.o
    0x1ffffc4c        -       0x00000010   Zero   RW         1671    .bss                inv_mpu_dmp_motion_driver.o
    0x1ffffc5c   COMPRESSED   0x00000004   PAD
    0x1ffffc60        -       0x00001000   Zero   RW         1833    STACK               startup_skeaz1284.o


==============================================================================

Image component sizes


      Code (inc. data)   RO Data    RW Data    ZI Data      Debug   Object Name

        34          0          0          0          0        446   ad.o
        96         10          0          0          0        485   adc.o
      1676        224          0        152          0       4977   control.o
        36          6          0         82          0       3227   data.o
       132          6          0          0          0       1226   delay.o
       104          8          0          0          0        479   encoder.o
       272         32          0         20        512       3522   flash.o
         0          0          0          0          0     105508   gpio.o
      1122         46          0          0          0       4822   iic.o
       180         22          0          0          0        555   init.o
      6664        284        157         72          0      32236   inv_mpu.o
      3256        156       3062          0         16      21398   inv_mpu_dmp_motion_driver.o
        32         10          0          0        112       1695   kalman.o
       652         26          0          3          0       1585   key.o
       444         80          0          2          0       4663   led&buzzer.o
       164          6          0          0          0     111463   main.o
       220         10          0          0          0       2481   motor.o
       692         12          0          0          0       7169   my_mpu6050.o
      1622         64      64708          0       2048      15069   oled.o
       296         38          0          0          0       7550   pit.o
       900         56         24          6          0       3998   pwm.o
        56         30        192          0       4096        968   startup_skeaz1284.o
        96         20          0          0          0        529   system_skeaz1284.o
       414         36         12          0          0       4464   uart.o
      7944       1560        300          0          0      14116   ui.o
       144          6          0          0        130       2519   upper.o

    ----------------------------------------------------------------------
     27264       2748      68496        340       6920     357150   Object Totals
         0          0         32          0          0          0   (incl. Generated)
        16          0          9          3          6          0   (incl. Padding)

    ----------------------------------------------------------------------

      Code (inc. data)   RO Data    RW Data    ZI Data      Debug   Library Member Name

       540         68        152          0          0        112   atan.o
       376         42          0          0          0        144   atan2.o
        38          6          0          0          0        204   dunder.o
        44          4          0          0          0         60   fpclassify.o
       172          0          0          0          0         76   poly.o
         0          0          8          0          0          0   qnan.o
        86          0          0          0          0          0   __dczerorl2.o
         0          0          0          0          0          0   entry.o
         0          0          0          0          0          0   entry10a.o
         0          0          0          0          0          0   entry11a.o
         8          4          0          0          0          0   entry2.o
         4          0          0          0          0          0   entry5.o
         0          0          0          0          0          0   entry7b.o
         0          0          0          0          0          0   entry8b.o
         8          4          0          0          0          0   entry9a.o
        30          0          0          0          0          0   handlers.o
        40          0          0          0          0         72   idiv.o
        36          8          0          0          0         68   init.o
         0          0          0          0          0          0   iusefp.o
        76          0          0          0          0         76   ldiv.o
       122          0          0          0          0         84   llmul.o
        32          0          0          0          0         68   llshl.o
        38          0          0          0          0         68   llsshr.o
        34          0          0          0          0         68   llushr.o
        26          0          0          0          0         72   memcmp.o
        36          0          0          0          0         60   memcpya.o
        36          0          0          0          0        100   memseta.o
      2302        102          0          0          0        556   printfa.o
         0          0          0          4          0          0   stdout.o
        44          0          0          0          0         72   uidiv.o
        96          0          0          0          0         84   uldiv.o
        40          2          0          0          0         68   cdrcmple.o
        20          0          0          0          0         68   cfcmple.o
        20          0          0          0          0         68   cfrcmple.o
        56          0          0          0          0         68   d2f.o
       356          4          0          0          0        140   dadd.o
       240          6          0          0          0         84   ddiv.o
       236          0          0          0          0        216   depilogue.o
        64         10          0          0          0         68   dfixul.o
        40          6          0          0          0         68   dflti.o
        28          4          0          0          0         68   dfltui.o
       208          6          0          0          0         88   dmul.o
        44          0          0          0          0         72   dscalb.o
        40          0          0          0          0         60   f2d.o
       178          0          0          0          0        108   fadd.o
       124          0          0          0          0         72   fdiv.o
       130          0          0          0          0        144   fepilogue.o
        50          0          0          0          0         60   ffixi.o
        40          0          0          0          0         60   ffixui.o
        22          0          0          0          0         68   fflti.o
        14          0          0          0          0         68   ffltui.o
       122          0          0          0          0         72   fmul.o

    ----------------------------------------------------------------------
      6304        276        160          4          0       3832   Library Totals
         8          0          0          0          0          0   (incl. Padding)

    ----------------------------------------------------------------------

      Code (inc. data)   RO Data    RW Data    ZI Data      Debug   Library Name

      1170        120        160          0          0        596   m_ps.l
      3054        118          0          4          0       1448   mc_p.l
      2072         38          0          0          0       1788   mf_p.l

    ----------------------------------------------------------------------
      6304        276        160          4          0       3832   Library Totals

    ----------------------------------------------------------------------

==============================================================================


      Code (inc. data)   RO Data    RW Data    ZI Data      Debug   

     33568       3024      68656        344       6920     352734   Grand Totals
     33568       3024      68656         96       6920     352734   ELF Image Totals (compressed)
     33568       3024      68656         96          0          0   ROM Totals

==============================================================================

    Total RO  Size (Code + RO Data)               102224 (  99.83kB)
    Total RW  Size (RW Data + ZI Data)              7264 (   7.09kB)
    Total ROM Size (Code + RO Data + RW Data)     102320 (  99.92kB)

==============================================================================

