<html>
<body>
<pre>
<h1>µVision Build Log</h1>
<h2>Tool Versions:</h2>
IDE-Version: ¦ÌVision V5.25.0.0
Copyright (C) 2017 ARM Ltd and ARM Germany GmbH. All rights reserved.
License Information: Will Kang, Ingcom, LIC=IC9PC-7K3H5-KSPYM-XP2YQ-9KMDN-E8BAP
 
Tool Versions:
Toolchain:       MDK-ARM Professional  Version: 5.25.0.0
Toolchain Path:  C:\Keil_v5\ARM\ARMCC\Bin
C Compiler:      Armcc.exe V5.06 update 6 (build 750)
Assembler:       Armasm.exe V5.06 update 6 (build 750)
Linker/Locator:  ArmLink.exe V5.06 update 6 (build 750)
Library Manager: ArmAr.exe V5.06 update 6 (build 750)
Hex Converter:   FromElf.exe V5.06 update 6 (build 750)
CPU DLL:         SARMCM3.DLL V5.25.0.0
Dialog DLL:      DARMCM1.DLL V1.19.0.0
Target DLL:      Segger\JL2CM3.dll V2.99.28.0
Dialog DLL:      TARMCM1.DLL V1.14.0.0
 
<h2>Project:</h2>
E:\1000NXP0001\KEA\×ÔÉí±Ê¼Ç\GitHub_KEA\KEA_Car\Code_DMP\MDK-ARM\NEW1.uvprojx
Project File Date:  02/19/2018

<h2>Output:</h2>
*** Using Compiler 'V5.06 update 6 (build 750)', folder: 'C:\Keil_v5\ARM\ARMCC\Bin'
Build target 'Target 1'
compiling control.c...
..\Scr\control.c(89): warning:  #175-D: subscript out of range
                  PreError[19] = Error_End;
..\Scr\control.c(90): warning:  #175-D: subscript out of range
                  End_Integral += PreError[19];
..\Scr\control.c(161): warning:  #223-D: function "Beep_ON" declared implicitly
                                          Beep_ON();
..\Scr\control.c(212): warning:  #223-D: function "Motor_L_Go_V" declared implicitly
  									Motor_L_Go_V(1000);
..\Scr\control.c(213): warning:  #223-D: function "Motor_R_Go_V" declared implicitly
  									Motor_R_Go_V(1000);
..\Scr\control.c(224): warning:  #223-D: function "Motor_L_Go_V" declared implicitly
  										Motor_L_Go_V(L_Final_PWM);
..\Scr\control.c(231): warning:  #223-D: function "Motor_L_Back_V" declared implicitly
  										Motor_L_Back_V(L_Final_PWM);
..\Scr\control.c(241): warning:  #223-D: function "Motor_R_Go_V" declared implicitly
  										Motor_R_Go_V(R_Final_PWM);
..\Scr\control.c(248): warning:  #223-D: function "Motor_R_Back_V" declared implicitly
  										Motor_R_Back_V(R_Final_PWM);
..\Scr\control.c(274): warning:  #61-D: integer operation result is out of range
      Motor_L_EN(Enable);
..\Scr\control.c(274): warning:  #68-D: integer conversion resulted in a change of sign
      Motor_L_EN(Enable);
..\Scr\control.c(345): warning:  #61-D: integer operation result is out of range
  						Motor_L_EN(Disable);
..\Scr\control.c(345): warning:  #68-D: integer conversion resulted in a change of sign
  						Motor_L_EN(Disable);
..\Scr\control.c(363): warning:  #223-D: function "Send_Begin" declared implicitly
      Send_Begin();
..\Scr\control.c(364): warning:  #223-D: function "Send_Variable" declared implicitly
      Send_Variable();
..\Scr\control.c(375): warning:  #1-D: last line of file ends without a newline
  }
..\Scr\control.c(266): warning:  #177-D: variable "str"  was declared but never referenced
      uint8_t str[25];
..\Scr\control.c: 17 warnings, 0 errors
linking...
Program Size: Code=27272 RO-data=57808 RW-data=360 ZI-data=6984  
FromELF: creating hex file...
".\OBJ\NEW1.axf" - 0 Error(s), 17 Warning(s).

<h2>Software Packages used:</h2>

Package Vendor: ARM
                http://www.keil.com/pack/ARM.CMSIS.5.2.0.pack
                ARM.CMSIS.5.2.0
                CMSIS (Cortex Microcontroller Software Interface Standard)
   * Component: CORE Version: 5.0.2

Package Vendor: Keil
                http://www.keil.com/pack/Keil.Kinetis_KEAxx_DFP.1.3.0.pack
                Keil.Kinetis_KEAxx_DFP.1.3.0
                NXP Kinetis KEAxx Series Device Support and Examples
   * Component: Startup Version: 1.0.0

<h2>Collection of Component include folders:</h2>
  .\RTE\_Target_1
  C:\Keil_v5\ARM\PACK\ARM\CMSIS\5.2.0\CMSIS\Include
  C:\Keil_v5\ARM\PACK\Keil\Kinetis_KEAxx_DFP\1.3.0\Device\Include

<h2>Collection of Component Files used:</h2>

   * Component: Keil::Device:Startup:1.0.0
      Source file:   Device\Source\ARM\startup_SKEAZ1284.s
      Source file:   Device\Source\system_SKEAZ1284.c

   * Component: ARM::CMSIS:CORE:5.0.2
Build Time Elapsed:  00:00:01
</pre>
</body>
</html>
