<html>
<body>
<pre>
<h1>礦ision Build Log</h1>
<h2>Tool Versions:</h2>
IDE-Version: μVision V5.23.0.0
Copyright (C) 2017 ARM Ltd and ARM Germany GmbH. All rights reserved.
License Information: Will Kang, ingcom, LIC=1WS9U-SY356-VHF87-ECML7-BYKSZ-J4VWW
 
Tool Versions:
Toolchain:       MDK-ARM Professional  Version: 5.23
Toolchain Path:  C:\Keil_v5\ARM\ARMCC\Bin
C Compiler:      Armcc.exe V5.06 update 4 (build 422)
Assembler:       Armasm.exe V5.06 update 4 (build 422)
Linker/Locator:  ArmLink.exe V5.06 update 4 (build 422)
Library Manager: ArmAr.exe V5.06 update 4 (build 422)
Hex Converter:   FromElf.exe V5.06 update 4 (build 422)
CPU DLL:         SARMCM3.DLL V5.23
Dialog DLL:      DARMCM1.DLL V1.17.0.0
Target DLL:      Segger\JL2CM3.dll V2.99.23.0
Dialog DLL:      TARMCM1.DLL V1.12.0.0
 
<h2>Project:</h2>
E:\1000NXP0001\KEA\自身笔记\GitHub_KEA\KEA_Car\代码\MDK-ARM\NEW1.uvprojx
Project File Date:  12/23/2017

<h2>Output:</h2>
*** Using Compiler 'V5.06 update 4 (build 422)', folder: 'C:\Keil_v5\ARM\ARMCC\Bin'
Build target 'Target 1'
compiling main.c...
..\Drivers\kalman.h(47): warning:  #1-D: last line of file ends without a newline
  #endif  /*_KALMAN_FILTER_H*/
..\Inc\control.h(17): warning:  #1-D: last line of file ends without a newline
  #endif
..\Inc\motor.h(33): warning:  #1-D: last line of file ends without a newline
  #endif
..\Scr\main.c(17): warning:  #188-D: enumerated type mixed with another type
  	NVIC_ClearPendingIRQ(vector_number); 		/* Clear pending interrupt register */
..\Scr\main.c(18): warning:  #188-D: enumerated type mixed with another type
  	NVIC_EnableIRQ(vector_number); 				/* Enable required Interrupt */
..\Scr\main.c(37): warning:  #167-D: argument of type "uint8_t *" is incompatible with parameter of type "const char *restrict"
      printf(dataToSend);
..\Scr\main.c(216): warning:  #223-D: function "Encoder_Init" declared implicitly
      Encoder_Init();   //编码器初始化
..\Scr\main.c(316): warning:  #223-D: function "UI_MPU6050" declared implicitly
              case 31:   GO = UI_MPU6050();   break;          
..\Scr\main.c(317): warning:  #223-D: function "UI_Read_Ind" declared implicitly
              case 32:   GO = UI_Read_Ind();  break;
..\Scr\main.c(318): warning:  #223-D: function "UI_Read_End" declared implicitly
              case 33:   GO = UI_Read_End();  break;
..\Scr\main.c(449): warning:  #111-D: statement is unreachable
      return 0;
..\Scr\main.c(250): warning:  #177-D: variable "temp_str"  was declared but never referenced
      uint8_t temp_str[30];
..\Scr\main.c(255): warning:  #177-D: variable "str"  was declared but never referenced
      uint8_t str[30] ;
..\Scr\main.c(476): warning:  #1-D: last line of file ends without a newline
  ********************************************************************************************/
..\Scr\main.c: 14 warnings, 0 errors
linking...
Program Size: Code=23540 RO-data=57812 RW-data=280 ZI-data=5400  
FromELF: creating hex file...
".\OBJ\NEW1.axf" - 0 Error(s), 14 Warning(s).

<h2>Software Packages used:</h2>

Package Vendor: ARM
                http://www.keil.com/pack/ARM.CMSIS.5.0.1.pack
                ARM::CMSIS:CORE:5.0.1
                CMSIS (Cortex Microcontroller Software Interface Standard)
   * Component: CORE Version: 5.0.1

Package Vendor: Keil
                http://www.keil.com/pack/Keil.Kinetis_KEAxx_DFP.1.3.0.pack
                Keil::Device:Startup:1.0.0
                NXP Kinetis KEAxx Series Device Support and Examples
   * Component: Startup Version: 1.0.0

<h2>Collection of Component include folders:</h2>
  .\RTE\_Target_1
  C:\Keil_v5\ARM\PACK\ARM\CMSIS\5.0.1\CMSIS\Include
  C:\Keil_v5\ARM\PACK\Keil\Kinetis_KEAxx_DFP\1.3.0\Device\Include

<h2>Collection of Component Files used:</h2>

   * Component: ARM::CMSIS:CORE:5.0.1

   * Component: Keil::Device:Startup:1.0.0
      Source file:   Device\Source\ARM\startup_SKEAZ1284.s
      Source file:   Device\Source\system_SKEAZ1284.c
Build Time Elapsed:  00:00:02
</pre>
</body>
</html>
