<html>
<body>
<pre>
<h1>礦ision Build Log</h1>
<h2>Tool Versions:</h2>
IDE-Version: μVision V5.23.0.0
Copyright (C) 2017 ARM Ltd and ARM Germany GmbH. All rights reserved.
License Information: Will Kang, ingcom, LIC=1WS9U-SY356-VHF87-ECML7-BYKSZ-J4VWW
 
Tool Versions:
Toolchain:       MDK-ARM Professional  Version: 5.23
Toolchain Path:  C:\Keil_v5\ARM\ARMCC\Bin
C Compiler:      Armcc.exe V5.06 update 4 (build 422)
Assembler:       Armasm.exe V5.06 update 4 (build 422)
Linker/Locator:  ArmLink.exe V5.06 update 4 (build 422)
Library Manager: ArmAr.exe V5.06 update 4 (build 422)
Hex Converter:   FromElf.exe V5.06 update 4 (build 422)
CPU DLL:         SARMCM3.DLL V5.23
Dialog DLL:      DARMCM1.DLL V1.17.0.0
Target DLL:      Segger\JL2CM3.dll V2.99.23.0
Dialog DLL:      TARMCM1.DLL V1.12.0.0
 
<h2>Project:</h2>
E:\1000NXP0001\KEA\自身笔记\GitHub_KEA\KEA_Car\代码\MDK-ARM\NEW1.uvprojx
Project File Date:  01/03/2018

<h2>Output:</h2>
*** Using Compiler 'V5.06 update 4 (build 422)', folder: 'C:\Keil_v5\ARM\ARMCC\Bin'
Build target 'Target 1'
compiling control.c...
..\Drivers\kalman.h(47): warning:  #1-D: last line of file ends without a newline
  #endif  /*_KALMAN_FILTER_H*/
..\Inc\control.h(17): warning:  #1-D: last line of file ends without a newline
  #endif
..\Inc\motor.h(33): warning:  #1-D: last line of file ends without a newline
  #endif
..\Inc\control.h(17): warning:  #1-D: last line of file ends without a newline
  #endif
..\Scr\control.c(198): warning:  #223-D: function "Motor_L_Go_V" declared implicitly
  										Motor_L_Go_V(L_Final_PWM);
..\Scr\control.c(205): warning:  #223-D: function "Motor_L_Back_V" declared implicitly
  										Motor_L_Back_V(L_Final_PWM);
..\Scr\control.c(215): warning:  #223-D: function "Motor_R_Go_V" declared implicitly
  										Motor_R_Go_V(R_Final_PWM);
..\Scr\control.c(222): warning:  #223-D: function "Motor_R_Back_V" declared implicitly
  										Motor_R_Back_V(R_Final_PWM);
..\Scr\control.c(247): warning:  #61-D: integer operation result is out of range
      
otor_L_EN(Enable);
..\Scr\control.c(247): warning:  #68-D: integer conversion resulted in a change of sign
      
otor_L_EN(Enable);
..\Scr\control.c(284): warning:  #61-D: integer operation result is out of range
                              
otor_L_EN(Disable);
..\Scr\control.c(284): warning:  #68-D: integer conversion resulted in a change of sign
                              
otor_L_EN(Disable);
..\Scr\control.c(300): warning:  #223-D: function "Send_Begin" declared implicitly
      Send_Begin();
..\Scr\control.c(301): warning:  #223-D: function "Send_Variable" declared implicitly
      Send_Variable();
..\Scr\control.c(312): warning:  #1-D: last line of file ends without a newline
  }
..\Scr\control.c(240): warning:  #177-D: variable "str"  was declared but never referenced
      uint8_t str[25];
..\Scr\control.c: 16 warnings, 0 errors
linking...
Program Size: Code=23540 RO-data=57812 RW-data=280 ZI-data=5400  
FromELF: creating hex file...
".\OBJ\NEW1.axf" - 0 Error(s), 16 Warning(s).

<h2>Software Packages used:</h2>

Package Vendor: ARM
                http://www.keil.com/pack/ARM.CMSIS.5.0.1.pack
                ARM::CMSIS:CORE:5.0.1
                CMSIS (Cortex Microcontroller Software Interface Standard)
   * Component: CORE Version: 5.0.1

Package Vendor: Keil
                http://www.keil.com/pack/Keil.Kinetis_KEAxx_DFP.1.3.0.pack
                Keil::Device:Startup:1.0.0
                NXP Kinetis KEAxx Series Device Support and Examples
   * Component: Startup Version: 1.0.0

<h2>Collection of Component include folders:</h2>
  .\RTE\_Target_1
  C:\Keil_v5\ARM\PACK\ARM\CMSIS\5.0.1\CMSIS\Include
  C:\Keil_v5\ARM\PACK\Keil\Kinetis_KEAxx_DFP\1.3.0\Device\Include

<h2>Collection of Component Files used:</h2>

   * Component: ARM::CMSIS:CORE:5.0.1

   * Component: Keil::Device:Startup:1.0.0
      Source file:   Device\Source\ARM\startup_SKEAZ1284.s
      Source file:   Device\Source\system_SKEAZ1284.c
Build Time Elapsed:  00:00:01
</pre>
</body>
</html>
