Component: ARM Compiler 5.06 update 4 (build 422) Tool: armlink [4d35d2]

==============================================================================

Section Cross References

    main.o(i.ANO_DT_Send_Data) refers to printfa.o(i.__0printf) for __2printf
    main.o(i.ANO_DT_Send_Senser) refers to main.o(i.ANO_DT_Send_Data) for ANO_DT_Send_Data
    main.o(i.ANO_DT_Send_Senser) refers to main.o(.bss) for data_to_send
    main.o(i.ANO_DT_Send_Status) refers to fmul.o(.text) for __aeabi_fmul
    main.o(i.ANO_DT_Send_Status) refers to ffixi.o(.text) for __aeabi_f2iz
    main.o(i.ANO_DT_Send_Status) refers to main.o(i.ANO_DT_Send_Data) for ANO_DT_Send_Data
    main.o(i.ANO_DT_Send_Status) refers to main.o(.bss) for data_to_send
    main.o(i.main) refers to led&buzzer.o(i.Buzzer_Init) for Buzzer_Init
    main.o(i.main) refers to uart.o(i.UART_Init) for UART_Init
    main.o(i.main) refers to led&buzzer.o(i.LED_Init) for LED_Init
    main.o(i.main) refers to oled.o(i.OLED_Init) for OLED_Init
    main.o(i.main) refers to motor.o(i.Motor_Init) for Motor_Init
    main.o(i.main) refers to encoder.o(i.Encoder_Init) for Encoder_Init
    main.o(i.main) refers to key.o(i.KEY_Init) for KEY_Init
    main.o(i.main) refers to ad.o(i.AD_Init) for AD_Init
    main.o(i.main) refers to kalman.o(i.kalman1_init) for kalman1_init
    main.o(i.main) refers to delay.o(i.Delay_ms) for Delay_ms
    main.o(i.main) refers to my_i2c.o(i.IIC_init) for IIC_init
    main.o(i.main) refers to mpu6050.o(i.MPU6050_Init) for MPU6050_Init
    main.o(i.main) refers to pit.o(i.PIT_Config) for PIT_Config
    main.o(i.main) refers to oled.o(i.OLED_Clear) for OLED_Clear
    main.o(i.main) refers to ui.o(i.UI_Main) for UI_Main
    main.o(i.main) refers to ui.o(i.UI_Go) for UI_Go
    main.o(i.main) refers to ui.o(i.UI_Plan) for UI_Plan
    main.o(i.main) refers to ui.o(i.UI_Driver) for UI_Driver
    main.o(i.main) refers to ui.o(i.UI_Set) for UI_Set
    main.o(i.main) refers to ui.o(i.UI_MPU6050) for UI_MPU6050
    main.o(i.main) refers to ui.o(i.UI_Read_Ind) for UI_Read_Ind
    main.o(i.main) refers to ui.o(i.UI_Read_End) for UI_Read_End
    main.o(i.main) refers to kalman.o(.bss) for AD_Kalman
    oled.o(i.OLED_Clear) refers to oled.o(.bss) for OLED_GRAM
    oled.o(i.OLED_Display_Off) refers to oled.o(i.OLED_WR_Byte) for OLED_WR_Byte
    oled.o(i.OLED_Display_On) refers to oled.o(i.OLED_WR_Byte) for OLED_WR_Byte
    oled.o(i.OLED_DrawPoint) refers to oled.o(.bss) for OLED_GRAM
    oled.o(i.OLED_Fill) refers to oled.o(i.OLED_DrawPoint) for OLED_DrawPoint
    oled.o(i.OLED_Init) refers to oled.o(i.OLED_WR_Byte) for OLED_WR_Byte
    oled.o(i.OLED_Init) refers to oled.o(i.OLED_Clear) for OLED_Clear
    oled.o(i.OLED_Refresh_Gram) refers to oled.o(i.OLED_WR_Byte) for OLED_WR_Byte
    oled.o(i.OLED_Refresh_Gram) refers to oled.o(.bss) for OLED_GRAM
    oled.o(i.OLED_Show_Char) refers to oled.o(i.OLED_DrawPoint) for OLED_DrawPoint
    oled.o(i.OLED_Show_Char) refers to oled.o(.constdata) for asc2_1206
    oled.o(i.OLED_Show_Char24_32) refers to oled.o(i.OLED_DrawPoint) for OLED_DrawPoint
    oled.o(i.OLED_Show_Char24_32) refers to oled.o(.constdata) for FONT24x32_TAB
    oled.o(i.OLED_Show_Char48_64) refers to oled.o(i.OLED_DrawPoint) for OLED_DrawPoint
    oled.o(i.OLED_Show_Char48_64) refers to oled.o(.constdata) for FONT48x64_TAB
    oled.o(i.OLED_Show_Num) refers to oled.o(i.mypow) for mypow
    oled.o(i.OLED_Show_Num) refers to uidiv.o(.text) for __aeabi_uidivmod
    oled.o(i.OLED_Show_Num) refers to oled.o(i.OLED_Show_Char) for OLED_Show_Char
    oled.o(i.OLED_Show_Pic) refers to oled.o(i.OLED_Show_PicLine) for OLED_Show_PicLine
    oled.o(i.OLED_Show_PicLine) refers to oled.o(i.OLED_DrawPoint) for OLED_DrawPoint
    oled.o(i.OLED_Show_PicLine) refers to oled.o(.constdata) for DCB2HEX_TAB
    oled.o(i.OLED_Show_Str) refers to oled.o(i.OLED_Show_Char) for OLED_Show_Char
    oled.o(i.OLED_Show_StrAll) refers to oled.o(i.OLED_Show_Char) for OLED_Show_Char
    oled.o(i.OLED_Show_StrAll) refers to oled.o(i.OLED_Show_ZH12_12) for OLED_Show_ZH12_12
    oled.o(i.OLED_Show_ZH12_12) refers to oled.o(i.OLED_DrawPoint) for OLED_DrawPoint
    oled.o(i.OLED_Show_ZH12_12) refers to oled.o(.constdata) for FONT12x12_TAB
    oled.o(i.OLED_Show_ZH14_16) refers to oled.o(i.OLED_DrawPoint) for OLED_DrawPoint
    oled.o(i.OLED_Show_ZH14_16) refers to oled.o(.constdata) for FONT24x32_TAB
    motor.o(i.Motor_Init) refers to pwm.o(i.ftm_pwm_init) for ftm_pwm_init
    motor.o(i.Motor_L_Back_V) refers to pwm.o(i.FTM_PWM_set_CnV) for FTM_PWM_set_CnV
    motor.o(i.Motor_L_Go_V) refers to pwm.o(i.FTM_PWM_set_CnV) for FTM_PWM_set_CnV
    motor.o(i.Motor_R_Back_V) refers to pwm.o(i.FTM_PWM_set_CnV) for FTM_PWM_set_CnV
    motor.o(i.Motor_R_Go_V) refers to pwm.o(i.FTM_PWM_set_CnV) for FTM_PWM_set_CnV
    motor.o(i.Motor_Set_Back_Speed) refers to pwm.o(i.FTM_PWM_set_CnV) for FTM_PWM_set_CnV
    motor.o(i.Motor_Set_Go_Speed) refers to pwm.o(i.FTM_PWM_set_CnV) for FTM_PWM_set_CnV
[...]
    d2f.o(.text) refers (Special) to iusefp.o(.text) for __I$use$fp
    d2f.o(.text) refers to fepilogue.o(.text) for _float_round
    cfcmple.o(.text) refers (Special) to iusefp.o(.text) for __I$use$fp
    cfrcmple.o(.text) refers (Special) to iusefp.o(.text) for __I$use$fp
    atan.o(i.__softfp_atan) refers (Special) to iusefp.o(.text) for __I$use$fp
    atan.o(i.__softfp_atan) refers to atan.o(i.atan) for atan
    atan.o(i.atan) refers (Special) to iusefp.o(.text) for __I$use$fp
    atan.o(i.atan) refers to dunder.o(i.__mathlib_dbl_infnan) for __mathlib_dbl_infnan
    atan.o(i.atan) refers to fpclassify.o(i.__ARM_fpclassify) for __ARM_fpclassify
    atan.o(i.atan) refers to dunder.o(i.__mathlib_dbl_underflow) for __mathlib_dbl_underflow
    atan.o(i.atan) refers to dadd.o(.text) for __aeabi_dadd
    atan.o(i.atan) refers to dscalb.o(.text) for __ARM_scalbn
    atan.o(i.atan) refers to ddiv.o(.text) for __aeabi_ddiv
    atan.o(i.atan) refers to dmul.o(.text) for __aeabi_dmul
    atan.o(i.atan) refers to poly.o(i.__kernel_poly) for __kernel_poly
    atan.o(i.atan) refers to atan.o(.constdata) for .constdata
    atan.o(.constdata) refers (Special) to iusefp.o(.text) for __I$use$fp
    atan_x.o(i.____softfp_atan$lsc) refers (Special) to iusefp.o(.text) for __I$use$fp
    atan_x.o(i.____softfp_atan$lsc) refers to atan_x.o(i.__atan$lsc) for __atan$lsc
    atan_x.o(i.__atan$lsc) refers (Special) to iusefp.o(.text) for __I$use$fp
    atan_x.o(i.__atan$lsc) refers to dunder.o(i.__mathlib_dbl_infnan) for __mathlib_dbl_infnan
    atan_x.o(i.__atan$lsc) refers to dadd.o(.text) for __aeabi_dadd
    atan_x.o(i.__atan$lsc) refers to dscalb.o(.text) for __ARM_scalbn
    atan_x.o(i.__atan$lsc) refers to ddiv.o(.text) for __aeabi_ddiv
    atan_x.o(i.__atan$lsc) refers to dmul.o(.text) for __aeabi_dmul
    atan_x.o(i.__atan$lsc) refers to poly.o(i.__kernel_poly) for __kernel_poly
    atan_x.o(i.__atan$lsc) refers to atan_x.o(.constdata) for .constdata
    atan_x.o(.constdata) refers (Special) to iusefp.o(.text) for __I$use$fp
    dunder.o(i.__mathlib_dbl_divzero) refers to ddiv.o(.text) for __aeabi_ddiv
    dunder.o(i.__mathlib_dbl_infnan) refers to dscalb.o(.text) for __ARM_scalbn
    dunder.o(i.__mathlib_dbl_infnan2) refers to dadd.o(.text) for __aeabi_dadd
    dunder.o(i.__mathlib_dbl_invalid) refers to ddiv.o(.text) for __aeabi_ddiv
    dunder.o(i.__mathlib_dbl_overflow) refers to dscalb.o(.text) for __ARM_scalbn
    dunder.o(i.__mathlib_dbl_posinfnan) refers to dmul.o(.text) for __aeabi_dmul
    dunder.o(i.__mathlib_dbl_underflow) refers to dscalb.o(.text) for __ARM_scalbn
    fpclassify.o(i.__ARM_fpclassify) refers (Special) to iusefp.o(.text) for __I$use$fp
    poly.o(i.__kernel_poly) refers (Special) to iusefp.o(.text) for __I$use$fp
    poly.o(i.__kernel_poly) refers to dmul.o(.text) for __aeabi_dmul
    poly.o(i.__kernel_poly) refers to dadd.o(.text) for __aeabi_dadd
    qnan.o(.constdata) refers (Special) to iusefp.o(.text) for __I$use$fp
    entry2.o(.ARM.Collect$$$$00000001) refers to entry2.o(.ARM.Collect$$$$00002712) for __lit__00000000
    entry2.o(.ARM.Collect$$$$00002712) refers to startup_skeaz1284.o(STACK) for __initial_sp
    entry2.o(__vectab_stack_and_reset_area) refers to startup_skeaz1284.o(STACK) for __initial_sp
    entry2.o(__vectab_stack_and_reset_area) refers to entry.o(.ARM.Collect$$$$00000000) for __main
    entry5.o(.ARM.Collect$$$$00000004) refers to init.o(.text) for __scatterload
    entry9a.o(.ARM.Collect$$$$0000000B) refers to main.o(i.main) for main
    entry9b.o(.ARM.Collect$$$$0000000C) refers to main.o(i.main) for main
    uldiv.o(.text) refers to llushr.o(.text) for __aeabi_llsr
    uldiv.o(.text) refers to llshl.o(.text) for __aeabi_llsl
    errno.o(i.__aeabi_errno_addr) refers to errno.o(.data) for .data
    errno.o(i.__read_errno) refers to errno.o(.data) for .data
    errno.o(i.__set_errno) refers to errno.o(.data) for .data
    depilogue.o(.text) refers to depilogue.o(i.__ARM_clz) for __ARM_clz
    depilogue.o(.text) refers to llshl.o(.text) for __aeabi_llsl
    depilogue.o(.text) refers to llushr.o(.text) for __aeabi_llsr
    ddiv.o(.text) refers to depilogue.o(.text) for _double_round
    dsqrt.o(.text) refers to llushr.o(.text) for __aeabi_llsr
    dsqrt.o(.text) refers to depilogue.o(.text) for _double_round
    dfixul.o(.text) refers to llushr.o(.text) for __aeabi_llsr
    dfixul.o(.text) refers to llshl.o(.text) for __aeabi_llsl
    init.o(.text) refers to entry5.o(.ARM.Collect$$$$00000004) for __main_after_scatterload


==============================================================================

Removing Unused input sections from the image.

    Removing main.o(.rev16_text), (4 bytes).
    Removing main.o(.revsh_text), (4 bytes).
    Removing main.o(i.ANO_DT_Send_Data), (14 bytes).
    Removing main.o(i.ANO_DT_Send_Senser), (372 bytes).
    Removing main.o(i.ANO_DT_Send_Status), (316 bytes).
    Removing main.o(i.Enable_Interrupt), (44 bytes).
    Removing main.o(.bss), (50 bytes).
    Removing main.o(.data), (32 bytes).
    Removing oled.o(.rev16_text), (4 bytes).
    Removing oled.o(.revsh_text), (4 bytes).
    Removing oled.o(i.OLED_Fill), (46 bytes).
    Removing oled.o(i.OLED_JudgeOver), (22 bytes).
    Removing oled.o(i.OLED_Show_Char24_32), (172 bytes).
    Removing oled.o(i.OLED_Show_Num), (154 bytes).
    Removing oled.o(i.OLED_Show_Pic), (54 bytes).
    Removing oled.o(i.OLED_Show_PicLine), (112 bytes).
    Removing oled.o(i.OLED_Show_ZH14_16), (172 bytes).
    Removing oled.o(i.mypow), (26 bytes).
    Removing oled.o(.data), (1024 bytes).
    Removing motor.o(.rev16_text), (4 bytes).
    Removing motor.o(.revsh_text), (4 bytes).
    Removing motor.o(i.Motor_Set_Back_Speed), (48 bytes).
    Removing motor.o(i.Motor_Set_Go_Speed), (48 bytes).
    Removing led&buzzer.o(.rev16_text), (4 bytes).
    Removing led&buzzer.o(.revsh_text), (4 bytes).
    Removing key.o(.rev16_text), (4 bytes).
    Removing key.o(.revsh_text), (4 bytes).
    Removing data.o(.rev16_text), (4 bytes).
    Removing data.o(.revsh_text), (4 bytes).
    Removing data.o(i.ABS), (14 bytes).
    Removing ui.o(.rev16_text), (4 bytes).
    Removing ui.o(.revsh_text), (4 bytes).
    Removing ui.o(.data), (2 bytes).
    Removing ad.o(.rev16_text), (4 bytes).
    Removing ad.o(.revsh_text), (4 bytes).
    Removing encoder.o(.rev16_text), (4 bytes).
    Removing encoder.o(.revsh_text), (4 bytes).
    Removing encoder.o(i.End_Read_Dir), (48 bytes).
    Removing control.o(.rev16_text), (4 bytes).
    Removing control.o(.revsh_text), (4 bytes).
    Removing gpio.o(.rev16_text), (4 bytes).
    Removing gpio.o(.revsh_text), (4 bytes).
    Removing uart.o(.rev16_text), (4 bytes).
    Removing uart.o(.revsh_text), (4 bytes).
    Removing uart.o(i.UART_Send_Str), (40 bytes).
    Removing uart.o(i.fputc), (18 bytes).
    Removing uart.o(i.uart_disable_re_int), (52 bytes).
    Removing uart.o(i.uart_enable_re_int), (52 bytes).
    Removing uart.o(i.uart_re1), (64 bytes).
    Removing uart.o(i.uart_reN), (54 bytes).
    Removing uart.o(i.uart_sendN), (48 bytes).
    Removing uart.o(.data), (3 bytes).
    Removing delay.o(.rev16_text), (4 bytes).
    Removing delay.o(.revsh_text), (4 bytes).
    Removing delay.o(i.SysTickInt_Init), (48 bytes).
    Removing pit.o(.rev16_text), (4 bytes).
    Removing pit.o(.revsh_text), (4 bytes).
    Removing pwm.o(.rev16_text), (4 bytes).
    Removing pwm.o(.revsh_text), (4 bytes).
    Removing pwm.o(i.ftm_pwm_duty), (124 bytes).
    Removing pwm.o(i.ftm_pwm_freq), (120 bytes).
    Removing upper.o(.rev16_text), (4 bytes).
    Removing upper.o(.revsh_text), (4 bytes).
    Removing upper.o(.data), (12 bytes).
    Removing adc.o(.rev16_text), (4 bytes).
    Removing adc.o(.revsh_text), (4 bytes).
    Removing mpu6050.o(.rev16_text), (4 bytes).
    Removing mpu6050.o(.revsh_text), (4 bytes).
    Removing mpu6050.o(i.Balance_Init), (16 bytes).
    Removing mpu6050.o(i.Get_Attitude_NoF), (236 bytes).
    Removing my_i2c.o(.rev16_text), (4 bytes).
    Removing my_i2c.o(.revsh_text), (4 bytes).
    Removing my_i2c.o(i.simiic_read_len), (82 bytes).
    Removing my_i2c.o(i.simiic_write_len), (58 bytes).
    Removing my_i2c.o(.data), (9 bytes).
    Removing kalman.o(i.kalman2_filter), (510 bytes).
    Removing kalman.o(i.kalman2_init), (72 bytes).
    Removing startup_skeaz1284.o(HEAP), (0 bytes).
    Removing system_skeaz1284.o(.rev16_text), (4 bytes).
    Removing system_skeaz1284.o(.revsh_text), (4 bytes).
    Removing system_skeaz1284.o(i.SystemCoreClockUpdate), (180 bytes).
    Removing system_skeaz1284.o(.data), (4 bytes).
    Removing cdcmple.o(.text), (40 bytes).

83 unused section(s) (total 4772 bytes) removed from the image.

==============================================================================

Image Symbol Table

    Local Symbols

    Symbol Name                              Value     Ov Type        Size  Object(Section)

    RESET                                    0x00000000   Section      192  startup_skeaz1284.o(RESET)
    ../clib/microlib/division.c              0x00000000   Number         0  idiv.o ABSOLUTE
    ../clib/microlib/division.c              0x00000000   Number         0  uldiv.o ABSOLUTE
    ../clib/microlib/division.c              0x00000000   Number         0  uidiv.o ABSOLUTE
    ../clib/microlib/errno.c                 0x00000000   Number         0  errno.o ABSOLUTE
    ../clib/microlib/init/entry.s            0x00000000   Number         0  entry11a.o ABSOLUTE
    ../clib/microlib/init/entry.s            0x00000000   Number         0  entry11b.o ABSOLUTE
    ../clib/microlib/init/entry.s            0x00000000   Number         0  entry8a.o ABSOLUTE
    ../clib/microlib/init/entry.s            0x00000000   Number         0  entry10b.o ABSOLUTE
    ../clib/microlib/init/entry.s            0x00000000   Number         0  entry8b.o ABSOLUTE
    ../clib/microlib/init/entry.s            0x00000000   Number         0  entry7b.o ABSOLUTE
    ../clib/microlib/init/entry.s            0x00000000   Number         0  entry7a.o ABSOLUTE
    ../clib/microlib/init/entry.s            0x00000000   Number         0  entry.o ABSOLUTE
    ../clib/microlib/init/entry.s            0x00000000   Number         0  entry9a.o ABSOLUTE
    ../clib/microlib/init/entry.s            0x00000000   Number         0  entry9b.o ABSOLUTE
    ../clib/microlib/init/entry.s            0x00000000   Number         0  entry5.o ABSOLUTE
    ../clib/microlib/init/entry.s            0x00000000   Number         0  entry2.o ABSOLUTE
    ../clib/microlib/init/entry.s            0x00000000   Number         0  entry10a.o ABSOLUTE
    ../clib/microlib/longlong.c              0x00000000   Number         0  llshl.o ABSOLUTE
    ../clib/microlib/longlong.c              0x00000000   Number         0  llushr.o ABSOLUTE
    ../clib/microlib/longlong.c              0x00000000   Number         0  llsshr.o ABSOLUTE
    ../clib/microlib/printf/printf.c         0x00000000   Number         0  printf1.o ABSOLUTE
    ../clib/microlib/printf/printf.c         0x00000000   Number         0  printf6.o ABSOLUTE
    ../clib/microlib/printf/printf.c         0x00000000   Number         0  printf0.o ABSOLUTE
    ../clib/microlib/printf/printf.c         0x00000000   Number         0  printfb.o ABSOLUTE
    ../clib/microlib/printf/printf.c         0x00000000   Number         0  printf2.o ABSOLUTE
    ../clib/microlib/printf/printf.c         0x00000000   Number         0  printf5.o ABSOLUTE
    ../clib/microlib/printf/printf.c         0x00000000   Number         0  printf7.o ABSOLUTE
    ../clib/microlib/printf/printf.c         0x00000000   Number         0  printf4.o ABSOLUTE
    ../clib/microlib/printf/printf.c         0x00000000   Number         0  printf3.o ABSOLUTE
    ../clib/microlib/printf/printf.c         0x00000000   Number         0  printfa.o ABSOLUTE
    ../clib/microlib/printf/printf.c         0x00000000   Number         0  printf8.o ABSOLUTE
    ../clib/microlib/printf/stubs.s          0x00000000   Number         0  stubs.o ABSOLUTE
    ../clib/microlib/stdio/streams.c         0x00000000   Number         0  stdout.o ABSOLUTE
    ../clib/microlib/string/memcpy.c         0x00000000   Number         0  memcpyb.o ABSOLUTE
    ../clib/microlib/string/memcpy.c         0x00000000   Number         0  memcpya.o ABSOLUTE
    ../clib/microlib/string/memset.c         0x00000000   Number         0  memseta.o ABSOLUTE
    ../clib/microlib/stubs.s                 0x00000000   Number         0  iusefp.o ABSOLUTE
    ../fplib/microlib/d2f.c                  0x00000000   Number         0  d2f.o ABSOLUTE
    ../fplib/microlib/f2d.c                  0x00000000   Number         0  f2d.o ABSOLUTE
    ../fplib/microlib/fpadd.c                0x00000000   Number         0  fadd.o ABSOLUTE
    ../fplib/microlib/fpadd.c                0x00000000   Number         0  dadd.o ABSOLUTE
    ../fplib/microlib/fpdiv.c                0x00000000   Number         0  fdiv.o ABSOLUTE
    ../fplib/microlib/fpdiv.c                0x00000000   Number         0  ddiv.o ABSOLUTE
    ../fplib/microlib/fpepilogue.c           0x00000000   Number         0  depilogue.o ABSOLUTE
    ../fplib/microlib/fpepilogue.c           0x00000000   Number         0  fepilogue.o ABSOLUTE
    ../fplib/microlib/fpfix.c                0x00000000   Number         0  dfixui.o ABSOLUTE
    ../fplib/microlib/fpfix.c                0x00000000   Number         0  ffixui.o ABSOLUTE
    ../fplib/microlib/fpfix.c                0x00000000   Number         0  ffixi.o ABSOLUTE
    ../fplib/microlib/fpfix.c                0x00000000   Number         0  dfixul.o ABSOLUTE
    ../fplib/microlib/fpflt.c                0x00000000   Number         0  dfltui.o ABSOLUTE
    ../fplib/microlib/fpflt.c                0x00000000   Number         0  dflti.o ABSOLUTE
    ../fplib/microlib/fpflt.c                0x00000000   Number         0  ffltui.o ABSOLUTE
    ../fplib/microlib/fpflt.c                0x00000000   Number         0  fflti.o ABSOLUTE
    ../fplib/microlib/fpmul.c                0x00000000   Number         0  dmul.o ABSOLUTE
    ../fplib/microlib/fpmul.c                0x00000000   Number         0  fmul.o ABSOLUTE
    ../fplib/microlib/fpscalb.c              0x00000000   Number         0  dscalb.o ABSOLUTE
    ../fplib/microlib/fpsqrt.c               0x00000000   Number         0  dsqrt.o ABSOLUTE
    ../mathlib/asin.c                        0x00000000   Number         0  asin_x.o ABSOLUTE
    ../mathlib/asin.c                        0x00000000   Number         0  asin.o ABSOLUTE
    ../mathlib/atan.c                        0x00000000   Number         0  atan_x.o ABSOLUTE
    ../mathlib/atan.c                        0x00000000   Number         0  atan.o ABSOLUTE
    ../mathlib/atan2.c                       0x00000000   Number         0  atan2.o ABSOLUTE
    ../mathlib/atan2.c                       0x00000000   Number         0  atan2_x.o ABSOLUTE
    ../mathlib/dunder.c                      0x00000000   Number         0  dunder.o ABSOLUTE
    ../mathlib/fpclassify.c                  0x00000000   Number         0  fpclassify.o ABSOLUTE
    ../mathlib/poly.c                        0x00000000   Number         0  poly.o ABSOLUTE
    ../mathlib/qnan.c                        0x00000000   Number         0  qnan.o ABSOLUTE
    ../mathlib/sqrt.c                        0x00000000   Number         0  sqrt_x.o ABSOLUTE
    ../mathlib/sqrt.c                        0x00000000   Number         0  sqrt.o ABSOLUTE
    ..\Drivers\delay.c                       0x00000000   Number         0  delay.o ABSOLUTE
    ..\Drivers\gpio.c                        0x00000000   Number         0  gpio.o ABSOLUTE
    ..\Drivers\kalman.c                      0x00000000   Number         0  kalman.o ABSOLUTE
    ..\Drivers\pwm.c                         0x00000000   Number         0  pwm.o ABSOLUTE
    ..\Drivers\uart.c                        0x00000000   Number         0  uart.o ABSOLUTE
    ..\Scr\12.12_agine\MPU6050.c             0x00000000   Number         0  mpu6050.o ABSOLUTE
    ..\Scr\12.12_agine\My_I2C.c              0x00000000   Number         0  my_i2c.o ABSOLUTE
    ..\Scr\AD.c                              0x00000000   Number         0  ad.o ABSOLUTE
    ..\Scr\Encoder.c                         0x00000000   Number         0  encoder.o ABSOLUTE
    ..\Scr\LED&Buzzer.c                      0x00000000   Number         0  led&buzzer.o ABSOLUTE
    ..\Scr\adc.c                             0x00000000   Number         0  adc.o ABSOLUTE
    ..\Scr\control.c                         0x00000000   Number         0  control.o ABSOLUTE
    ..\Scr\data.c                            0x00000000   Number         0  data.o ABSOLUTE
    ..\Scr\key.c                             0x00000000   Number         0  key.o ABSOLUTE
    ..\Scr\main.c                            0x00000000   Number         0  main.o ABSOLUTE
    ..\Scr\motor.c                           0x00000000   Number         0  motor.o ABSOLUTE
    ..\Scr\oled.c                            0x00000000   Number         0  oled.o ABSOLUTE
    ..\Scr\pit.c                             0x00000000   Number         0  pit.o ABSOLUTE
    ..\Scr\ui.c                              0x00000000   Number         0  ui.o ABSOLUTE
    ..\Scr\upper.c                           0x00000000   Number         0  upper.o ABSOLUTE
    ..\\Drivers\\delay.c                     0x00000000   Number         0  delay.o ABSOLUTE
    ..\\Drivers\\gpio.c                      0x00000000   Number         0  gpio.o ABSOLUTE
    ..\\Drivers\\pwm.c                       0x00000000   Number         0  pwm.o ABSOLUTE
    ..\\Drivers\\uart.c                      0x00000000   Number         0  uart.o ABSOLUTE
    ..\\Scr\\12.12_agine\\MPU6050.c          0x00000000   Number         0  mpu6050.o ABSOLUTE
    ..\\Scr\\12.12_agine\\My_I2C.c           0x00000000   Number         0  my_i2c.o ABSOLUTE
    ..\\Scr\\AD.c                            0x00000000   Number         0  ad.o ABSOLUTE
    ..\\Scr\\Encoder.c                       0x00000000   Number         0  encoder.o ABSOLUTE
    ..\\Scr\\LED&Buzzer.c                    0x00000000   Number         0  led&buzzer.o ABSOLUTE
    ..\\Scr\\adc.c                           0x00000000   Number         0  adc.o ABSOLUTE
    ..\\Scr\\control.c                       0x00000000   Number         0  control.o ABSOLUTE
    ..\\Scr\\data.c                          0x00000000   Number         0  data.o ABSOLUTE
    ..\\Scr\\key.c                           0x00000000   Number         0  key.o ABSOLUTE
    ..\\Scr\\main.c                          0x00000000   Number         0  main.o ABSOLUTE
    ..\\Scr\\motor.c                         0x00000000   Number         0  motor.o ABSOLUTE
    ..\\Scr\\oled.c                          0x00000000   Number         0  oled.o ABSOLUTE
    ..\\Scr\\pit.c                           0x00000000   Number         0  pit.o ABSOLUTE
    ..\\Scr\\ui.c                            0x00000000   Number         0  ui.o ABSOLUTE
    ..\\Scr\\upper.c                         0x00000000   Number         0  upper.o ABSOLUTE
    RTE\Device\SKEAZ128xxx4\startup_SKEAZ1284.s 0x00000000   Number         0  startup_skeaz1284.o ABSOLUTE
    RTE\Device\SKEAZ128xxx4\system_SKEAZ1284.c 0x00000000   Number         0  system_skeaz1284.o ABSOLUTE
    RTE\\Device\\SKEAZ128xxx4\\system_SKEAZ1284.c 0x00000000   Number         0  system_skeaz1284.o ABSOLUTE
    cdcmple.s                                0x00000000   Number         0  cdcmple.o ABSOLUTE
    cdrcmple.s                               0x00000000   Number         0  cdrcmple.o ABSOLUTE
    cfcmple.s                                0x00000000   Number         0  cfcmple.o ABSOLUTE
    cfrcmple.s                               0x00000000   Number         0  cfrcmple.o ABSOLUTE
    dc.s                                     0x00000000   Number         0  dc.o ABSOLUTE
    handlers.s                               0x00000000   Number         0  handlers.o ABSOLUTE
    init.s                                   0x00000000   Number         0  init.o ABSOLUTE
    .ARM.Collect$$$$00000000                 0x000000c0   Section        0  entry.o(.ARM.Collect$$$$00000000)
    .ARM.Collect$$$$00000001                 0x000000c0   Section        4  entry2.o(.ARM.Collect$$$$00000001)
    .ARM.Collect$$$$00000004                 0x000000c4   Section        4  entry5.o(.ARM.Collect$$$$00000004)
    .ARM.Collect$$$$00000008                 0x000000c8   Section        0  entry7b.o(.ARM.Collect$$$$00000008)
    .ARM.Collect$$$$0000000A                 0x000000c8   Section        0  entry8b.o(.ARM.Collect$$$$0000000A)
    .ARM.Collect$$$$0000000B                 0x000000c8   Section        8  entry9a.o(.ARM.Collect$$$$0000000B)
    .ARM.Collect$$$$0000000D                 0x000000d0   Section        0  entry10a.o(.ARM.Collect$$$$0000000D)
    .ARM.Collect$$$$0000000F                 0x000000d0   Section        0  entry11a.o(.ARM.Collect$$$$0000000F)
    .ARM.Collect$$$$00002712                 0x000000d0   Section        4  entry2.o(.ARM.Collect$$$$00002712)
    __lit__00000000                          0x000000d0   Data           4  entry2.o(.ARM.Collect$$$$00002712)
    .text                                    0x000000d4   Section       40  startup_skeaz1284.o(.text)
    .text                                    0x000000fc   Section        0  uidiv.o(.text)
    .text                                    0x00000128   Section        0  idiv.o(.text)
    .text                                    0x00000150   Section        0  memcpya.o(.text)
    .text                                    0x00000174   Section        0  memseta.o(.text)
    .text                                    0x00000198   Section        0  fadd.o(.text)
    .text                                    0x0000024a   Section        0  fmul.o(.text)
    .text                                    0x000002c4   Section        0  fdiv.o(.text)
    .text                                    0x00000340   Section        0  fflti.o(.text)
    .text                                    0x00000356   Section        0  ffltui.o(.text)
    .text                                    0x00000364   Section        0  dflti.o(.text)
    .text                                    0x0000038c   Section        0  dfltui.o(.text)
    .text                                    0x000003a8   Section        0  ffixi.o(.text)
    .text                                    0x000003dc   Section       20  cfcmple.o(.text)
    .text                                    0x000003f0   Section        0  iusefp.o(.text)
    i.SysTick_Handler                        0x000003f0   Section        0  delay.o(i.SysTick_Handler)
    i.__mathlib_dbl_infnan                   0x000003f2   Section        0  dunder.o(i.__mathlib_dbl_infnan)
    i.__scatterload_null                     0x000003fc   Section        2  handlers.o(i.__scatterload_null)
    .ARM.__at_0x400                          0x00000400   Section       16  startup_skeaz1284.o(.ARM.__at_0x400)
    .text                                    0x00000410   Section        0  dadd.o(.text)
    .text                                    0x00000574   Section        0  dmul.o(.text)
    .text                                    0x00000644   Section        0  ffixui.o(.text)
    .text                                    0x0000066c   Section        0  dfixui.o(.text)
    .text                                    0x000006a8   Section        0  f2d.o(.text)
    .text                                    0x000006d0   Section        0  d2f.o(.text)
    .text                                    0x00000708   Section       20  cfrcmple.o(.text)
    .text                                    0x0000071c   Section        0  uldiv.o(.text)
    .text                                    0x0000077c   Section        0  llshl.o(.text)
    .text                                    0x0000079c   Section        0  llushr.o(.text)
    .text                                    0x000007be   Section        0  llsshr.o(.text)
    .text                                    0x000007e4   Section        0  fepilogue.o(.text)
    .text                                    0x00000866   Section        0  depilogue.o(.text)
    .text                                    0x00000924   Section        0  ddiv.o(.text)
    .text                                    0x00000a14   Section        0  dscalb.o(.text)
    .text                                    0x00000a40   Section        0  dsqrt.o(.text)
    .text                                    0x00000ae4   Section        0  dfixul.o(.text)
    .text                                    0x00000b24   Section       40  cdrcmple.o(.text)
    .text                                    0x00000b4c   Section       36  init.o(.text)
    i.ADC_Ave                                0x00000b70   Section        0  adc.o(i.ADC_Ave)
    i.ADC_Config                             0x00000ba4   Section        0  adc.o(i.ADC_Config)
    i.ADC_Get                                0x00000c04   Section        0  adc.o(i.ADC_Get)
    i.ADC_Mid                                0x00000c40   Section        0  adc.o(i.ADC_Mid)
    i.AD_Init                                0x00000c7a   Section        0  ad.o(i.AD_Init)
    i.Buzzer_Init                            0x00000c9c   Section        0  led&buzzer.o(i.Buzzer_Init)
    i.Chang_State                            0x00000cbc   Section        0  ui.o(i.Chang_State)
    i.Chang_Value                            0x00000d74   Section        0  ui.o(i.Chang_Value)
    i.CountDown                              0x00000ee8   Section        0  ui.o(i.CountDown)
    i.Data_Filter                            0x00000f8c   Section        0  mpu6050.o(i.Data_Filter)
    i.Delay_ms                               0x0000115c   Section        0  delay.o(i.Delay_ms)
    i.Delay_us                               0x0000118c   Section        0  delay.o(i.Delay_us)
    i.Encoder_Init                           0x000011e0   Section        0  encoder.o(i.Encoder_Init)
    i.FTM_PWM_set_CnV                        0x00001248   Section        0  pwm.o(i.FTM_PWM_set_CnV)
    i.GetData                                0x00001260   Section        0  mpu6050.o(i.GetData)
    i.Get_Attitude                           0x00001288   Section        0  mpu6050.o(i.Get_Attitude)
    i.Get_Ind_V                              0x00001358   Section        0  ad.o(i.Get_Ind_V)
    i.Get_Key                                0x000013ac   Section        0  key.o(i.Get_Key)
    i.I2C_SendACK                            0x00001604   Section        0  my_i2c.o(i.I2C_SendACK)
    i.IIC_init                               0x000016b0   Section        0  my_i2c.o(i.IIC_init)
    i.IIC_start                              0x000016e8   Section        0  my_i2c.o(i.IIC_start)
    i.IIC_stop                               0x00001774   Section        0  my_i2c.o(i.IIC_stop)
    i.IMUupdate                              0x00001800   Section        0  mpu6050.o(i.IMUupdate)
    i.Judge_State                            0x00001d50   Section        0  ui.o(i.Judge_State)
    i.Just_Do_It                             0x00001d90   Section        0  control.o(i.Just_Do_It)
    i.KEY_Init                               0x0000204c   Section        0  key.o(i.KEY_Init)
    i.LED_Init                               0x0000211c   Section        0  led&buzzer.o(i.LED_Init)
    i.MPU6050_GetData                        0x00002174   Section        0  mpu6050.o(i.MPU6050_GetData)
    i.MPU6050_Init                           0x00002208   Section        0  mpu6050.o(i.MPU6050_Init)
    i.MPU6050_Offset                         0x000022a8   Section        0  mpu6050.o(i.MPU6050_Offset)
    i.Motor_Init                             0x00002338   Section        0  motor.o(i.Motor_Init)
    i.Motor_L_Back_V                         0x000023ac   Section        0  motor.o(i.Motor_L_Back_V)
    i.Motor_L_Go_V                           0x000023c6   Section        0  motor.o(i.Motor_L_Go_V)
    i.Motor_R_Back_V                         0x000023e0   Section        0  motor.o(i.Motor_R_Back_V)
    i.Motor_R_Go_V                           0x000023fa   Section        0  motor.o(i.Motor_R_Go_V)
    i.NVIC_SetPriority                       0x00002414   Section        0  pit.o(i.NVIC_SetPriority)
    NVIC_SetPriority                         0x00002415   Thumb Code   110  pit.o(i.NVIC_SetPriority)
    i.OLED_Clear                             0x0000248c   Section        0  oled.o(i.OLED_Clear)
    i.OLED_Display_Off                       0x000024b8   Section        0  oled.o(i.OLED_Display_Off)
    i.OLED_Display_On                        0x000024d4   Section        0  oled.o(i.OLED_Display_On)
    i.OLED_DrawPoint                         0x000024f0   Section        0  oled.o(i.OLED_DrawPoint)
    i.OLED_Init                              0x00002558   Section        0  oled.o(i.OLED_Init)
    i.OLED_Refresh_Gram                      0x000026e8   Section        0  oled.o(i.OLED_Refresh_Gram)
    i.OLED_Show_Char                         0x00002734   Section        0  oled.o(i.OLED_Show_Char)
    i.OLED_Show_Char48_64                    0x00002830   Section        0  oled.o(i.OLED_Show_Char48_64)
    i.OLED_Show_Str                          0x000028dc   Section        0  oled.o(i.OLED_Show_Str)
    i.OLED_Show_StrAll                       0x00002916   Section        0  oled.o(i.OLED_Show_StrAll)
    i.OLED_Show_ZH12_12                      0x00002968   Section        0  oled.o(i.OLED_Show_ZH12_12)
    i.OLED_WR_Byte                           0x00002a20   Section        0  oled.o(i.OLED_WR_Byte)
    i.PIT_CH0_IRQHandler                     0x00002ab4   Section        0  control.o(i.PIT_CH0_IRQHandler)
    i.PIT_CH1_IRQHandler                     0x00003038   Section        0  pit.o(i.PIT_CH1_IRQHandler)
    i.PIT_Config                             0x0000304c   Section        0  pit.o(i.PIT_Config)
    i.SCCB_WaitAck                           0x000030e8   Section        0  my_i2c.o(i.SCCB_WaitAck)
    i.Send_Begin                             0x00003170   Section        0  upper.o(i.Send_Begin)
    i.Send_Variable                          0x00003188   Section        0  upper.o(i.Send_Variable)
    i.SystemInit                             0x000031f4   Section        0  system_skeaz1284.o(i.SystemInit)
    i.UART_Init                              0x00003258   Section        0  uart.o(i.UART_Init)
    i.UART_Send_Char                         0x000033a4   Section        0  uart.o(i.UART_Send_Char)
    i.UI_Driver                              0x000033e4   Section        0  ui.o(i.UI_Driver)
    i.UI_Go                                  0x000035dc   Section        0  ui.o(i.UI_Go)
    i.UI_MPU6050                             0x0000365c   Section        0  ui.o(i.UI_MPU6050)
    i.UI_Main                                0x0000374c   Section        0  ui.o(i.UI_Main)
    i.UI_Plan                                0x0000393c   Section        0  ui.o(i.UI_Plan)
    i.UI_Read_End                            0x00003bd4   Section        0  ui.o(i.UI_Read_End)
    i.UI_Read_Ind                            0x00003c7c   Section        0  ui.o(i.UI_Read_Ind)
    i.UI_Set                                 0x00003dbc   Section        0  ui.o(i.UI_Set)
    i.Write_State                            0x00003fe4   Section        0  ui.o(i.Write_State)
    i.Write_Value                            0x000041b0   Section        0  ui.o(i.Write_Value)
    i.__0sprintf                             0x00004494   Section        0  printfa.o(i.__0sprintf)
    i.__ARM_clz                              0x000044bc   Section        0  depilogue.o(i.__ARM_clz)
    i.__ARM_common_switch8                   0x000044ea   Section        0  ui.o(i.__ARM_common_switch8)
    i.__ARM_fpclassify                       0x00004508   Section        0  fpclassify.o(i.__ARM_fpclassify)
    i.__kernel_poly                          0x00004534   Section        0  poly.o(i.__kernel_poly)
    i.__mathlib_dbl_infnan2                  0x000045e0   Section        0  dunder.o(i.__mathlib_dbl_infnan2)
    i.__mathlib_dbl_invalid                  0x000045e8   Section        0  dunder.o(i.__mathlib_dbl_invalid)
    i.__mathlib_dbl_underflow                0x000045f8   Section        0  dunder.o(i.__mathlib_dbl_underflow)
    i.__scatterload_copy                     0x0000460c   Section       14  handlers.o(i.__scatterload_copy)
    i.__scatterload_zeroinit                 0x0000461a   Section       14  handlers.o(i.__scatterload_zeroinit)
    i.__set_errno                            0x00004628   Section        0  errno.o(i.__set_errno)
    i._fp_digits                             0x00004634   Section        0  printfa.o(i._fp_digits)
    _fp_digits                               0x00004635   Thumb Code   344  printfa.o(i._fp_digits)
    i._printf_core                           0x000047a8   Section        0  printfa.o(i._printf_core)
    _printf_core                             0x000047a9   Thumb Code  1754  printfa.o(i._printf_core)
    i._printf_post_padding                   0x00004e94   Section        0  printfa.o(i._printf_post_padding)
    _printf_post_padding                     0x00004e95   Thumb Code    32  printfa.o(i._printf_post_padding)
    i._printf_pre_padding                    0x00004eb4   Section        0  printfa.o(i._printf_pre_padding)
    _printf_pre_padding                      0x00004eb5   Thumb Code    44  printfa.o(i._printf_pre_padding)
    i._sputc                                 0x00004ee0   Section        0  printfa.o(i._sputc)
    _sputc                                   0x00004ee1   Thumb Code    10  printfa.o(i._sputc)
    i.asin                                   0x00004eec   Section        0  asin.o(i.asin)
    i.atan                                   0x00005160   Section        0  atan.o(i.atan)
    i.atan2                                  0x0000537c   Section        0  atan2.o(i.atan2)
    i.ftm_count_clean                        0x000054f4   Section        0  pwm.o(i.ftm_count_clean)
    i.ftm_count_get                          0x00005504   Section        0  pwm.o(i.ftm_count_get)
    i.ftm_count_init                         0x00005518   Section        0  pwm.o(i.ftm_count_init)
    i.ftm_count_mux                          0x00005554   Section        0  pwm.o(i.ftm_count_mux)
    i.ftm_pwm_init                           0x0000563c   Section        0  pwm.o(i.ftm_pwm_init)
    i.ftm_pwm_mux                            0x00005764   Section        0  pwm.o(i.ftm_pwm_mux)
    i.kalman1_filter                         0x00005880   Section        0  kalman.o(i.kalman1_filter)
    i.kalman1_init                           0x00005918   Section        0  kalman.o(i.kalman1_init)
    i.main                                   0x00005938   Section        0  main.o(i.main)
    i.my_putchar                             0x00005a74   Section        0  upper.o(i.my_putchar)
    i.read_ch                                0x00005a84   Section        0  my_i2c.o(i.read_ch)
    i.send_ch                                0x00005b28   Section        0  my_i2c.o(i.send_ch)
    i.simiic_read_reg                        0x00005bf4   Section        0  my_i2c.o(i.simiic_read_reg)
    i.simiic_write_reg                       0x00005c34   Section        0  my_i2c.o(i.simiic_write_reg)
    i.sqrt                                   0x00005c5c   Section        0  sqrt.o(i.sqrt)
    .constdata                               0x00005ca4   Section    57008  oled.o(.constdata)
    .constdata                               0x00013b54   Section      300  ui.o(.constdata)
    .constdata                               0x00013c80   Section       12  uart.o(.constdata)
    .constdata                               0x00013c8c   Section       24  pwm.o(.constdata)
    FTMX                                     0x00013c8c   Data          12  pwm.o(.constdata)
    .constdata                               0x00013ca8   Section       80  asin.o(.constdata)
    pS                                       0x00013ca8   Data          48  asin.o(.constdata)
    qS                                       0x00013cd8   Data          32  asin.o(.constdata)
    .constdata                               0x00013cf8   Section      152  atan.o(.constdata)
    atanhi                                   0x00013cf8   Data          32  atan.o(.constdata)
    atanlo                                   0x00013d18   Data          32  atan.o(.constdata)
    aTodd                                    0x00013d38   Data          40  atan.o(.constdata)
    aTeven                                   0x00013d60   Data          48  atan.o(.constdata)
    .constdata                               0x00013d90   Section        8  qnan.o(.constdata)
    .data                                    0x1ffff000   Section        3  key.o(.data)
    Key_Keep                                 0x1ffff000   Data           2  key.o(.data)
    Key_Delay                                0x1ffff002   Data           1  key.o(.data)
    .data                                    0x1ffff004   Section       80  data.o(.data)
    .data                                    0x1ffff054   Section       65  control.o(.data)
    .data                                    0x1ffff096   Section        6  pwm.o(.data)
    .data                                    0x1ffff09c   Section      120  mpu6050.o(.data)
    ACC_X_BUF                                0x1ffff0fc   Data           4  mpu6050.o(.data)
    ACC_Y_BUF                                0x1ffff100   Data           4  mpu6050.o(.data)
    ACC_Z_BUF                                0x1ffff104   Data           4  mpu6050.o(.data)
    GYRO_X_BUF                               0x1ffff108   Data           4  mpu6050.o(.data)
    GYRO_Y_BUF                               0x1ffff10c   Data           4  mpu6050.o(.data)
    GYRO_Z_BUF                               0x1ffff110   Data           4  mpu6050.o(.data)
    .data                                    0x1ffff114   Section        4  errno.o(.data)
    _errno                                   0x1ffff114   Data           4  errno.o(.data)
    .bss                                     0x1ffff118   Section     1024  oled.o(.bss)
    .bss                                     0x1ffff518   Section       24  control.o(.bss)
    .bss                                     0x1ffff530   Section       80  upper.o(.bss)
    .bss                                     0x1ffff580   Section       60  mpu6050.o(.bss)
    .bss                                     0x1ffff5bc   Section      112  kalman.o(.bss)
    STACK                                    0x1ffff630   Section     4096  startup_skeaz1284.o(STACK)

    Global Symbols

    Symbol Name                              Value     Ov Type        Size  Object(Section)

    BuildAttributes$$THM_ISAv3M$S$PE$A:L22$X:L11$S22$IEEE1$IW$USESV6$~STKCKD$USESV7$~SHL$OTIME$ROPI$IEEEX$EBA8$MICROLIB$REQ8$PRES8$EABIv2 0x00000000   Number         0  anon$$obj.o ABSOLUTE
    __ARM_use_no_argv                        0x00000000   Number         0  main.o ABSOLUTE
    __Vectors                                0x00000000   Data           4  startup_skeaz1284.o(RESET)
    _printf_a                                0x00000000   Number         0  stubs.o ABSOLUTE
    _printf_c                                0x00000000   Number         0  stubs.o ABSOLUTE
    _printf_charcount                        0x00000000   Number         0  stubs.o ABSOLUTE
    _printf_d                                0x00000000   Number         0  stubs.o ABSOLUTE
    _printf_e                                0x00000000   Number         0  stubs.o ABSOLUTE
    _printf_f                                0x00000000   Number         0  stubs.o ABSOLUTE
    _printf_flags                            0x00000000   Number         0  stubs.o ABSOLUTE
    _printf_fp_dec                           0x00000000   Number         0  stubs.o ABSOLUTE
    _printf_fp_hex                           0x00000000   Number         0  stubs.o ABSOLUTE
    _printf_g                                0x00000000   Number         0  stubs.o ABSOLUTE
    _printf_i                                0x00000000   Number         0  stubs.o ABSOLUTE
    _printf_int_dec                          0x00000000   Number         0  stubs.o ABSOLUTE
    _printf_l                                0x00000000   Number         0  stubs.o ABSOLUTE
    _printf_lc                               0x00000000   Number         0  stubs.o ABSOLUTE
    _printf_ll                               0x00000000   Number         0  stubs.o ABSOLUTE
    _printf_lld                              0x00000000   Number         0  stubs.o ABSOLUTE
    _printf_lli                              0x00000000   Number         0  stubs.o ABSOLUTE
    _printf_llo                              0x00000000   Number         0  stubs.o ABSOLUTE
    _printf_llu                              0x00000000   Number         0  stubs.o ABSOLUTE
    _printf_llx                              0x00000000   Number         0  stubs.o ABSOLUTE
    _printf_longlong_dec                     0x00000000   Number         0  stubs.o ABSOLUTE
    _printf_longlong_hex                     0x00000000   Number         0  stubs.o ABSOLUTE
    _printf_longlong_oct                     0x00000000   Number         0  stubs.o ABSOLUTE
    _printf_ls                               0x00000000   Number         0  stubs.o ABSOLUTE
    _printf_mbtowc                           0x00000000   Number         0  stubs.o ABSOLUTE
    _printf_n                                0x00000000   Number         0  stubs.o ABSOLUTE
    _printf_o                                0x00000000   Number         0  stubs.o ABSOLUTE
    _printf_p                                0x00000000   Number         0  stubs.o ABSOLUTE
    _printf_percent                          0x00000000   Number         0  stubs.o ABSOLUTE
    _printf_pre_padding                      0x00000000   Number         0  stubs.o ABSOLUTE
    _printf_return_value                     0x00000000   Number         0  stubs.o ABSOLUTE
    _printf_s                                0x00000000   Number         0  stubs.o ABSOLUTE
    _printf_sizespec                         0x00000000   Number         0  stubs.o ABSOLUTE
    _printf_str                              0x00000000   Number         0  stubs.o ABSOLUTE
    _printf_truncate_signed                  0x00000000   Number         0  stubs.o ABSOLUTE
    _printf_truncate_unsigned                0x00000000   Number         0  stubs.o ABSOLUTE
    _printf_u                                0x00000000   Number         0  stubs.o ABSOLUTE
    _printf_wc                               0x00000000   Number         0  stubs.o ABSOLUTE
    _printf_wctomb                           0x00000000   Number         0  stubs.o ABSOLUTE
    _printf_widthprec                        0x00000000   Number         0  stubs.o ABSOLUTE
    _printf_x                                0x00000000   Number         0  stubs.o ABSOLUTE
    __cpp_initialize__aeabi_                  - Undefined Weak Reference
    __cxa_finalize                            - Undefined Weak Reference
    __decompress                              - Undefined Weak Reference
    _clock_init                               - Undefined Weak Reference
    _microlib_exit                            - Undefined Weak Reference
    __Vectors_End                            0x000000c0   Data           0  startup_skeaz1284.o(RESET)
    __Vectors_Size                           0x000000c0   Number         0  startup_skeaz1284.o ABSOLUTE
    __main                                   0x000000c1   Thumb Code     0  entry.o(.ARM.Collect$$$$00000000)
    _main_stk                                0x000000c1   Thumb Code     0  entry2.o(.ARM.Collect$$$$00000001)
    _main_scatterload                        0x000000c5   Thumb Code     0  entry5.o(.ARM.Collect$$$$00000004)
    __main_after_scatterload                 0x000000c9   Thumb Code     0  entry5.o(.ARM.Collect$$$$00000004)
    _main_clock                              0x000000c9   Thumb Code     0  entry7b.o(.ARM.Collect$$$$00000008)
    _main_cpp_init                           0x000000c9   Thumb Code     0  entry8b.o(.ARM.Collect$$$$0000000A)
    _main_init                               0x000000c9   Thumb Code     0  entry9a.o(.ARM.Collect$$$$0000000B)
    __rt_final_cpp                           0x000000d1   Thumb Code     0  entry10a.o(.ARM.Collect$$$$0000000D)
    __rt_final_exit                          0x000000d1   Thumb Code     0  entry11a.o(.ARM.Collect$$$$0000000F)
    init_data_bss                            0x000000d5   Thumb Code     2  startup_skeaz1284.o(.text)
    Reset_Handler                            0x000000d7   Thumb Code    12  startup_skeaz1284.o(.text)
    NMI_Handler                              0x000000e3   Thumb Code     2  startup_skeaz1284.o(.text)
    HardFault_Handler                        0x000000e5   Thumb Code     2  startup_skeaz1284.o(.text)
    SVC_Handler                              0x000000e7   Thumb Code     2  startup_skeaz1284.o(.text)
    PendSV_Handler                           0x000000e9   Thumb Code     2  startup_skeaz1284.o(.text)
    ACMP0_IRQHandler                         0x000000ed   Thumb Code     0  startup_skeaz1284.o(.text)
    ACMP1_IRQHandler                         0x000000ed   Thumb Code     0  startup_skeaz1284.o(.text)
    ADC_IRQHandler                           0x000000ed   Thumb Code     0  startup_skeaz1284.o(.text)
    DefaultISR                               0x000000ed   Thumb Code     0  startup_skeaz1284.o(.text)
    FTM0_IRQHandler                          0x000000ed   Thumb Code     0  startup_skeaz1284.o(.text)
    FTM1_IRQHandler                          0x000000ed   Thumb Code     0  startup_skeaz1284.o(.text)
    FTM2_IRQHandler                          0x000000ed   Thumb Code     0  startup_skeaz1284.o(.text)
    FTMRE_IRQHandler                         0x000000ed   Thumb Code     0  startup_skeaz1284.o(.text)
    I2C0_IRQHandler                          0x000000ed   Thumb Code     0  startup_skeaz1284.o(.text)
    I2C1_IRQHandler                          0x000000ed   Thumb Code     0  startup_skeaz1284.o(.text)
    ICS_IRQHandler                           0x000000ed   Thumb Code     0  startup_skeaz1284.o(.text)
    IRQ_IRQHandler                           0x000000ed   Thumb Code     0  startup_skeaz1284.o(.text)
    KBI0_IRQHandler                          0x000000ed   Thumb Code     0  startup_skeaz1284.o(.text)
    KBI1_IRQHandler                          0x000000ed   Thumb Code     0  startup_skeaz1284.o(.text)
    MSCAN_RX_IRQHandler                      0x000000ed   Thumb Code     0  startup_skeaz1284.o(.text)
    MSCAN_TX_IRQHandler                      0x000000ed   Thumb Code     0  startup_skeaz1284.o(.text)
    PMC_IRQHandler                           0x000000ed   Thumb Code     0  startup_skeaz1284.o(.text)
    PWT_IRQHandler                           0x000000ed   Thumb Code     0  startup_skeaz1284.o(.text)
    RTC_IRQHandler                           0x000000ed   Thumb Code     0  startup_skeaz1284.o(.text)
    Reserved16_IRQHandler                    0x000000ed   Thumb Code     0  startup_skeaz1284.o(.text)
    Reserved17_IRQHandler                    0x000000ed   Thumb Code     0  startup_skeaz1284.o(.text)
    Reserved18_IRQHandler                    0x000000ed   Thumb Code     0  startup_skeaz1284.o(.text)
    Reserved19_IRQHandler                    0x000000ed   Thumb Code     0  startup_skeaz1284.o(.text)
    Reserved20_IRQHandler                    0x000000ed   Thumb Code     0  startup_skeaz1284.o(.text)
    Reserved42_IRQHandler                    0x000000ed   Thumb Code     0  startup_skeaz1284.o(.text)
    SPI0_IRQHandler                          0x000000ed   Thumb Code     0  startup_skeaz1284.o(.text)
    SPI1_IRQHandler                          0x000000ed   Thumb Code     0  startup_skeaz1284.o(.text)
    UART0_IRQHandler                         0x000000ed   Thumb Code     0  startup_skeaz1284.o(.text)
    UART1_IRQHandler                         0x000000ed   Thumb Code     0  startup_skeaz1284.o(.text)
    UART2_IRQHandler                         0x000000ed   Thumb Code     0  startup_skeaz1284.o(.text)
    WDOG_IRQHandler                          0x000000ed   Thumb Code     0  startup_skeaz1284.o(.text)
    __aeabi_uidiv                            0x000000fd   Thumb Code     0  uidiv.o(.text)
    __aeabi_uidivmod                         0x000000fd   Thumb Code    44  uidiv.o(.text)
    __aeabi_idiv                             0x00000129   Thumb Code     0  idiv.o(.text)
    __aeabi_idivmod                          0x00000129   Thumb Code    40  idiv.o(.text)
    __aeabi_memcpy                           0x00000151   Thumb Code    36  memcpya.o(.text)
    __aeabi_memcpy4                          0x00000151   Thumb Code     0  memcpya.o(.text)
    __aeabi_memcpy8                          0x00000151   Thumb Code     0  memcpya.o(.text)
    __aeabi_memset                           0x00000175   Thumb Code    14  memseta.o(.text)
    __aeabi_memset4                          0x00000175   Thumb Code     0  memseta.o(.text)
    __aeabi_memset8                          0x00000175   Thumb Code     0  memseta.o(.text)
    __aeabi_memclr                           0x00000183   Thumb Code     4  memseta.o(.text)
    __aeabi_memclr4                          0x00000183   Thumb Code     0  memseta.o(.text)
    __aeabi_memclr8                          0x00000183   Thumb Code     0  memseta.o(.text)
    _memset$wrapper                          0x00000187   Thumb Code    18  memseta.o(.text)
    __aeabi_fadd                             0x00000199   Thumb Code   162  fadd.o(.text)
    __aeabi_fsub                             0x0000023b   Thumb Code     8  fadd.o(.text)
    __aeabi_frsub                            0x00000243   Thumb Code     8  fadd.o(.text)
    __aeabi_fmul                             0x0000024b   Thumb Code   122  fmul.o(.text)
    __aeabi_fdiv                             0x000002c5   Thumb Code   124  fdiv.o(.text)
    __aeabi_i2f                              0x00000341   Thumb Code    22  fflti.o(.text)
    __aeabi_ui2f                             0x00000357   Thumb Code    14  ffltui.o(.text)
    __aeabi_i2d                              0x00000365   Thumb Code    34  dflti.o(.text)
    __aeabi_ui2d                             0x0000038d   Thumb Code    24  dfltui.o(.text)
    __aeabi_f2iz                             0x000003a9   Thumb Code    50  ffixi.o(.text)
    __aeabi_cfcmpeq                          0x000003dd   Thumb Code     0  cfcmple.o(.text)
    __aeabi_cfcmple                          0x000003dd   Thumb Code    20  cfcmple.o(.text)
    SysTick_Handler                          0x000003f1   Thumb Code     2  delay.o(i.SysTick_Handler)
    __I$use$fp                               0x000003f1   Thumb Code     0  iusefp.o(.text)
    __mathlib_dbl_infnan                     0x000003f3   Thumb Code    10  dunder.o(i.__mathlib_dbl_infnan)
    __scatterload_null                       0x000003fd   Thumb Code     2  handlers.o(i.__scatterload_null)
    __aeabi_dadd                             0x00000411   Thumb Code   328  dadd.o(.text)
    __aeabi_dsub                             0x00000559   Thumb Code    12  dadd.o(.text)
    __aeabi_drsub                            0x00000565   Thumb Code    12  dadd.o(.text)
    __aeabi_dmul                             0x00000575   Thumb Code   202  dmul.o(.text)
    __aeabi_f2uiz                            0x00000645   Thumb Code    40  ffixui.o(.text)
    __aeabi_d2uiz                            0x0000066d   Thumb Code    50  dfixui.o(.text)
    __aeabi_f2d                              0x000006a9   Thumb Code    40  f2d.o(.text)
    __aeabi_d2f                              0x000006d1   Thumb Code    56  d2f.o(.text)
    __aeabi_cfrcmple                         0x00000709   Thumb Code    20  cfrcmple.o(.text)
    __aeabi_uldivmod                         0x0000071d   Thumb Code    96  uldiv.o(.text)
    __aeabi_llsl                             0x0000077d   Thumb Code    32  llshl.o(.text)
    _ll_shift_l                              0x0000077d   Thumb Code     0  llshl.o(.text)
    __aeabi_llsr                             0x0000079d   Thumb Code    34  llushr.o(.text)
    _ll_ushift_r                             0x0000079d   Thumb Code     0  llushr.o(.text)
    __aeabi_lasr                             0x000007bf   Thumb Code    38  llsshr.o(.text)
    _ll_sshift_r                             0x000007bf   Thumb Code     0  llsshr.o(.text)
    _float_round                             0x000007e5   Thumb Code    16  fepilogue.o(.text)
    _float_epilogue                          0x000007f5   Thumb Code   114  fepilogue.o(.text)
    _double_round                            0x00000867   Thumb Code    26  depilogue.o(.text)
    _double_epilogue                         0x00000881   Thumb Code   164  depilogue.o(.text)
    __aeabi_ddiv                             0x00000925   Thumb Code   234  ddiv.o(.text)
    __ARM_scalbn                             0x00000a15   Thumb Code    44  dscalb.o(.text)
    scalbn                                   0x00000a15   Thumb Code     0  dscalb.o(.text)
    _dsqrt                                   0x00000a41   Thumb Code   162  dsqrt.o(.text)
    __aeabi_d2ulz                            0x00000ae5   Thumb Code    54  dfixul.o(.text)
    __aeabi_cdrcmple                         0x00000b25   Thumb Code    38  cdrcmple.o(.text)
    __scatterload                            0x00000b4d   Thumb Code    28  init.o(.text)
    __scatterload_rt2                        0x00000b4d   Thumb Code     0  init.o(.text)
    ADC_Ave                                  0x00000b71   Thumb Code    52  adc.o(i.ADC_Ave)
    ADC_Config                               0x00000ba5   Thumb Code    86  adc.o(i.ADC_Config)
    ADC_Get                                  0x00000c05   Thumb Code    54  adc.o(i.ADC_Get)
    ADC_Mid                                  0x00000c41   Thumb Code    58  adc.o(i.ADC_Mid)
    AD_Init                                  0x00000c7b   Thumb Code    34  ad.o(i.AD_Init)
    Buzzer_Init                              0x00000c9d   Thumb Code    28  led&buzzer.o(i.Buzzer_Init)
    Chang_State                              0x00000cbd   Thumb Code   182  ui.o(i.Chang_State)
    Chang_Value                              0x00000d75   Thumb Code   356  ui.o(i.Chang_Value)
    CountDown                                0x00000ee9   Thumb Code   154  ui.o(i.CountDown)
    Data_Filter                              0x00000f8d   Thumb Code   420  mpu6050.o(i.Data_Filter)
    Delay_ms                                 0x0000115d   Thumb Code    42  delay.o(i.Delay_ms)
    Delay_us                                 0x0000118d   Thumb Code    84  delay.o(i.Delay_us)
    Encoder_Init                             0x000011e1   Thumb Code    96  encoder.o(i.Encoder_Init)
    FTM_PWM_set_CnV                          0x00001249   Thumb Code    18  pwm.o(i.FTM_PWM_set_CnV)
    GetData                                  0x00001261   Thumb Code    38  mpu6050.o(i.GetData)
    Get_Attitude                             0x00001289   Thumb Code   186  mpu6050.o(i.Get_Attitude)
    Get_Ind_V                                0x00001359   Thumb Code    84  ad.o(i.Get_Ind_V)
    Get_Key                                  0x000013ad   Thumb Code   580  key.o(i.Get_Key)
    I2C_SendACK                              0x00001605   Thumb Code   168  my_i2c.o(i.I2C_SendACK)
    IIC_init                                 0x000016b1   Thumb Code    50  my_i2c.o(i.IIC_init)
    IIC_start                                0x000016e9   Thumb Code   136  my_i2c.o(i.IIC_start)
    IIC_stop                                 0x00001775   Thumb Code   136  my_i2c.o(i.IIC_stop)
    IMUupdate                                0x00001801   Thumb Code  1324  mpu6050.o(i.IMUupdate)
    Judge_State                              0x00001d51   Thumb Code    50  ui.o(i.Judge_State)
    Just_Do_It                               0x00001d91   Thumb Code   658  control.o(i.Just_Do_It)
    KEY_Init                                 0x0000204d   Thumb Code   200  key.o(i.KEY_Init)
    LED_Init                                 0x0000211d   Thumb Code    82  led&buzzer.o(i.LED_Init)
    MPU6050_GetData                          0x00002175   Thumb Code   138  mpu6050.o(i.MPU6050_GetData)
    MPU6050_Init                             0x00002209   Thumb Code   158  mpu6050.o(i.MPU6050_Init)
    MPU6050_Offset                           0x000022a9   Thumb Code   128  mpu6050.o(i.MPU6050_Offset)
    Motor_Init                               0x00002339   Thumb Code   106  motor.o(i.Motor_Init)
    Motor_L_Back_V                           0x000023ad   Thumb Code    26  motor.o(i.Motor_L_Back_V)
    Motor_L_Go_V                             0x000023c7   Thumb Code    26  motor.o(i.Motor_L_Go_V)
    Motor_R_Back_V                           0x000023e1   Thumb Code    26  motor.o(i.Motor_R_Back_V)
    Motor_R_Go_V                             0x000023fb   Thumb Code    26  motor.o(i.Motor_R_Go_V)
    OLED_Clear                               0x0000248d   Thumb Code    38  oled.o(i.OLED_Clear)
    OLED_Display_Off                         0x000024b9   Thumb Code    28  oled.o(i.OLED_Display_Off)
    OLED_Display_On                          0x000024d5   Thumb Code    28  oled.o(i.OLED_Display_On)
    OLED_DrawPoint                           0x000024f1   Thumb Code   100  oled.o(i.OLED_DrawPoint)
    OLED_Init                                0x00002559   Thumb Code   394  oled.o(i.OLED_Init)
    OLED_Refresh_Gram                        0x000026e9   Thumb Code    70  oled.o(i.OLED_Refresh_Gram)
    OLED_Show_Char                           0x00002735   Thumb Code   240  oled.o(i.OLED_Show_Char)
    OLED_Show_Char48_64                      0x00002831   Thumb Code   160  oled.o(i.OLED_Show_Char48_64)
    OLED_Show_Str                            0x000028dd   Thumb Code    58  oled.o(i.OLED_Show_Str)
    OLED_Show_StrAll                         0x00002917   Thumb Code    82  oled.o(i.OLED_Show_StrAll)
    OLED_Show_ZH12_12                        0x00002969   Thumb Code   170  oled.o(i.OLED_Show_ZH12_12)
    OLED_WR_Byte                             0x00002a21   Thumb Code   144  oled.o(i.OLED_WR_Byte)
    PIT_CH0_IRQHandler                       0x00002ab5   Thumb Code  1382  control.o(i.PIT_CH0_IRQHandler)
    PIT_CH1_IRQHandler                       0x00003039   Thumb Code    14  pit.o(i.PIT_CH1_IRQHandler)
    PIT_Config                               0x0000304d   Thumb Code   134  pit.o(i.PIT_Config)
    SCCB_WaitAck                             0x000030e9   Thumb Code   128  my_i2c.o(i.SCCB_WaitAck)
    Send_Begin                               0x00003171   Thumb Code    22  upper.o(i.Send_Begin)
    Send_Variable                            0x00003189   Thumb Code   102  upper.o(i.Send_Variable)
    SystemInit                               0x000031f5   Thumb Code    78  system_skeaz1284.o(i.SystemInit)
    UART_Init                                0x00003259   Thumb Code   304  uart.o(i.UART_Init)
    UART_Send_Char                           0x000033a5   Thumb Code    56  uart.o(i.UART_Send_Char)
    UI_Driver                                0x000033e5   Thumb Code   500  ui.o(i.UI_Driver)
    UI_Go                                    0x000035dd   Thumb Code   122  ui.o(i.UI_Go)
    UI_MPU6050                               0x0000365d   Thumb Code   150  ui.o(i.UI_MPU6050)
    UI_Main                                  0x0000374d   Thumb Code   376  ui.o(i.UI_Main)
    UI_Plan                                  0x0000393d   Thumb Code   658  ui.o(i.UI_Plan)
    UI_Read_End                              0x00003bd5   Thumb Code   102  ui.o(i.UI_Read_End)
    UI_Read_Ind                              0x00003c7d   Thumb Code   214  ui.o(i.UI_Read_Ind)
    UI_Set                                   0x00003dbd   Thumb Code   538  ui.o(i.UI_Set)
    Write_State                              0x00003fe5   Thumb Code   208  ui.o(i.Write_State)
    Write_Value                              0x000041b1   Thumb Code   310  ui.o(i.Write_Value)
    __0sprintf                               0x00004495   Thumb Code    36  printfa.o(i.__0sprintf)
    __1sprintf                               0x00004495   Thumb Code     0  printfa.o(i.__0sprintf)
    __2sprintf                               0x00004495   Thumb Code     0  printfa.o(i.__0sprintf)
    __c89sprintf                             0x00004495   Thumb Code     0  printfa.o(i.__0sprintf)
    sprintf                                  0x00004495   Thumb Code     0  printfa.o(i.__0sprintf)
    __ARM_clz                                0x000044bd   Thumb Code    46  depilogue.o(i.__ARM_clz)
    __ARM_common_switch8                     0x000044eb   Thumb Code    28  ui.o(i.__ARM_common_switch8)
    __ARM_fpclassify                         0x00004509   Thumb Code    40  fpclassify.o(i.__ARM_fpclassify)
    __kernel_poly                            0x00004535   Thumb Code   172  poly.o(i.__kernel_poly)
    __mathlib_dbl_infnan2                    0x000045e1   Thumb Code     8  dunder.o(i.__mathlib_dbl_infnan2)
    __mathlib_dbl_invalid                    0x000045e9   Thumb Code    16  dunder.o(i.__mathlib_dbl_invalid)
    __mathlib_dbl_underflow                  0x000045f9   Thumb Code    14  dunder.o(i.__mathlib_dbl_underflow)
    __scatterload_copy                       0x0000460d   Thumb Code    14  handlers.o(i.__scatterload_copy)
    __scatterload_zeroinit                   0x0000461b   Thumb Code    14  handlers.o(i.__scatterload_zeroinit)
    __set_errno                              0x00004629   Thumb Code     6  errno.o(i.__set_errno)
    asin                                     0x00004eed   Thumb Code   574  asin.o(i.asin)
    atan                                     0x00005161   Thumb Code   472  atan.o(i.atan)
    atan2                                    0x0000537d   Thumb Code   334  atan2.o(i.atan2)
    ftm_count_clean                          0x000054f5   Thumb Code    12  pwm.o(i.ftm_count_clean)
    ftm_count_get                            0x00005505   Thumb Code    14  pwm.o(i.ftm_count_get)
    ftm_count_init                           0x00005519   Thumb Code    54  pwm.o(i.ftm_count_init)
    ftm_count_mux                            0x00005555   Thumb Code   220  pwm.o(i.ftm_count_mux)
    ftm_pwm_init                             0x0000563d   Thumb Code   278  pwm.o(i.ftm_pwm_init)
    ftm_pwm_mux                              0x00005765   Thumb Code   278  pwm.o(i.ftm_pwm_mux)
    kalman1_filter                           0x00005881   Thumb Code   152  kalman.o(i.kalman1_filter)
    kalman1_init                             0x00005919   Thumb Code    22  kalman.o(i.kalman1_init)
    main                                     0x00005939   Thumb Code   294  main.o(i.main)
    my_putchar                               0x00005a75   Thumb Code    14  upper.o(i.my_putchar)
    read_ch                                  0x00005a85   Thumb Code   156  my_i2c.o(i.read_ch)
    send_ch                                  0x00005b29   Thumb Code   200  my_i2c.o(i.send_ch)
    simiic_read_reg                          0x00005bf5   Thumb Code    64  my_i2c.o(i.simiic_read_reg)
    simiic_write_reg                         0x00005c35   Thumb Code    38  my_i2c.o(i.simiic_write_reg)
    sqrt                                     0x00005c5d   Thumb Code    66  sqrt.o(i.sqrt)
    FONT48x64_TAB                            0x00005ca4   Data           9  oled.o(.constdata)
    FONT24x32_TAB                            0x00005cad   Data          15  oled.o(.constdata)
    FONT12x12_TAB                            0x00005cbc   Data         100  oled.o(.constdata)
    FONT12x12                                0x00005d20   Data       38400  oled.o(.constdata)
    FONT48x64                                0x0000f320   Data        3456  oled.o(.constdata)
    FONT24x32                                0x000100a0   Data        8940  oled.o(.constdata)
    asc2_1206                                0x0001238c   Data        1140  oled.o(.constdata)
    asc2_1608                                0x00012800   Data        1520  oled.o(.constdata)
    asc2_2412                                0x00012df0   Data        3420  oled.o(.constdata)
    DCB2HEX_TAB                              0x00013b4c   Data           8  oled.o(.constdata)
    UART_ARR                                 0x00013c80   Data          12  uart.o(.constdata)
    FTM_ARR                                  0x00013c98   Data          12  pwm.o(.constdata)
    __mathlib_zero                           0x00013d90   Data           8  qnan.o(.constdata)
    Region$$Table$$Base                      0x00013d98   Number         0  anon$$obj.o(Region$$Table)
    Region$$Table$$Limit                     0x00013db8   Number         0  anon$$obj.o(Region$$Table)
    Plan1                                    0x1ffff004   Data          36  data.o(.data)
    Blue                                     0x1ffff028   Data          36  data.o(.data)
    Add_L                                    0x1ffff04c   Data           2  data.o(.data)
    Set_LED                                  0x1ffff04e   Data           1  data.o(.data)
    Set_Beep                                 0x1ffff04f   Data           1  data.o(.data)
    Bluetooth                                0x1ffff050   Data           1  data.o(.data)
    Value_End                                0x1ffff052   Data           2  data.o(.data)
    Angle_PWM                                0x1ffff054   Data           4  control.o(.data)
    Speed_PWM                                0x1ffff058   Data           4  control.o(.data)
    Turn_PWM                                 0x1ffff05c   Data           4  control.o(.data)
    L_Final_PWM                              0x1ffff060   Data           4  control.o(.data)
    R_Final_PWM                              0x1ffff064   Data           4  control.o(.data)
    Value_Inductor_L                         0x1ffff068   Data           2  control.o(.data)
    Value_Inductor_R                         0x1ffff06a   Data           2  control.o(.data)
    Value_Ind_L_Old                          0x1ffff06c   Data           2  control.o(.data)
    Value_Ind_R_Old                          0x1ffff06e   Data           2  control.o(.data)
    Error_Ind                                0x1ffff070   Data           2  control.o(.data)
    Eroor_Ind_Old                            0x1ffff072   Data           2  control.o(.data)
    Value_End_L                              0x1ffff074   Data           2  control.o(.data)
    Value_End_R                              0x1ffff076   Data           2  control.o(.data)
    Error_End                                0x1ffff078   Data           2  control.o(.data)
    AlllastError                             0x1ffff07c   Data           4  control.o(.data)
    SpeedOUT                                 0x1ffff080   Data           4  control.o(.data)
    End_Integral                             0x1ffff084   Data           4  control.o(.data)
    x                                        0x1ffff088   Data           4  control.o(.data)
    Do_it                                    0x1ffff08c   Data           1  control.o(.data)
    Huan_Count_Flag                          0x1ffff08d   Data           1  control.o(.data)
    Huan_Count                               0x1ffff08e   Data           2  control.o(.data)
    Yaw_Huan                                 0x1ffff090   Data           4  control.o(.data)
    Huan_Flag                                0x1ffff094   Data           1  control.o(.data)
    period_                                  0x1ffff096   Data           6  pwm.o(.data)
    Pitch                                    0x1ffff09c   Data           4  mpu6050.o(.data)
    Roll                                     0x1ffff0a0   Data           4  mpu6050.o(.data)
    Yaw                                      0x1ffff0a4   Data           4  mpu6050.o(.data)
    GYRO                                     0x1ffff0a8   Data           6  mpu6050.o(.data)
    GYRO_Offset                              0x1ffff0ae   Data           6  mpu6050.o(.data)
    ACC                                      0x1ffff0b4   Data           6  mpu6050.o(.data)
    Speed_Now                                0x1ffff0bc   Data           4  mpu6050.o(.data)
    Speed_Min                                0x1ffff0c0   Data           4  mpu6050.o(.data)
    Speed_Set                                0x1ffff0c4   Data           4  mpu6050.o(.data)
    Theory_Duty                              0x1ffff0c8   Data           4  mpu6050.o(.data)
    Vel_Set                                  0x1ffff0cc   Data           4  mpu6050.o(.data)
    Direct_Parameter                         0x1ffff0d0   Data           4  mpu6050.o(.data)
    Direct_Last                              0x1ffff0d4   Data           4  mpu6050.o(.data)
    Radius                                   0x1ffff0d8   Data           4  mpu6050.o(.data)
    Offset_OK                                0x1ffff0dc   Data           1  mpu6050.o(.data)
    q0                                       0x1ffff0e0   Data           4  mpu6050.o(.data)
    q1                                       0x1ffff0e4   Data           4  mpu6050.o(.data)
    q2                                       0x1ffff0e8   Data           4  mpu6050.o(.data)
    q3                                       0x1ffff0ec   Data           4  mpu6050.o(.data)
    exInt                                    0x1ffff0f0   Data           4  mpu6050.o(.data)
    eyInt                                    0x1ffff0f4   Data           4  mpu6050.o(.data)
    ezInt                                    0x1ffff0f8   Data           4  mpu6050.o(.data)
    OLED_GRAM                                0x1ffff118   Data        1024  oled.o(.bss)
    PreError                                 0x1ffff518   Data          10  control.o(.bss)
    Speed_Slide                              0x1ffff524   Data          12  control.o(.bss)
    Variable                                 0x1ffff530   Data          80  upper.o(.bss)
    GYRO_Real                                0x1ffff580   Data          12  mpu6050.o(.bss)
    ACC_Real                                 0x1ffff58c   Data          12  mpu6050.o(.bss)
    Angle                                    0x1ffff598   Data          12  mpu6050.o(.bss)
    Tar_Ang_Vel                              0x1ffff5a4   Data          12  mpu6050.o(.bss)
    Tar_Ang_Vel_Last                         0x1ffff5b0   Data          12  mpu6050.o(.bss)
    AD_Kalman                                0x1ffff5bc   Data         112  kalman.o(.bss)
    __initial_sp                             0x20000630   Data           0  startup_skeaz1284.o(STACK)



==============================================================================

Memory Map of the image

  Image Entry point : 0x000000c1

  Load Region LR_IROM1 (Base: 0x00000000, Size: 0x00013ed0, Max: 0x00020000, ABSOLUTE)

    Execution Region ER_IROM1 (Base: 0x00000000, Size: 0x00013db8, Max: 0x00020000, ABSOLUTE)

    Base Addr    Size         Type   Attr      Idx    E Section Name        Object

    0x00000000   0x000000c0   Data   RO         1159    RESET               startup_skeaz1284.o
    0x000000c0   0x00000000   Code   RO         1231  * .ARM.Collect$$$$00000000  mc_p.l(entry.o)
    0x000000c0   0x00000004   Code   RO         1566    .ARM.Collect$$$$00000001  mc_p.l(entry2.o)
    0x000000c4   0x00000004   Code   RO         1569    .ARM.Collect$$$$00000004  mc_p.l(entry5.o)
    0x000000c8   0x00000000   Code   RO         1571    .ARM.Collect$$$$00000008  mc_p.l(entry7b.o)
    0x000000c8   0x00000000   Code   RO         1573    .ARM.Collect$$$$0000000A  mc_p.l(entry8b.o)
    0x000000c8   0x00000008   Code   RO         1574    .ARM.Collect$$$$0000000B  mc_p.l(entry9a.o)
    0x000000d0   0x00000000   Code   RO         1576    .ARM.Collect$$$$0000000D  mc_p.l(entry10a.o)
    0x000000d0   0x00000000   Code   RO         1578    .ARM.Collect$$$$0000000F  mc_p.l(entry11a.o)
    0x000000d0   0x00000004   Code   RO         1567    .ARM.Collect$$$$00002712  mc_p.l(entry2.o)
    0x000000d4   0x00000028   Code   RO         1161    .text               startup_skeaz1284.o
    0x000000fc   0x0000002c   Code   RO         1234    .text               mc_p.l(uidiv.o)
    0x00000128   0x00000028   Code   RO         1236    .text               mc_p.l(idiv.o)
    0x00000150   0x00000024   Code   RO         1238    .text               mc_p.l(memcpya.o)
    0x00000174   0x00000024   Code   RO         1240    .text               mc_p.l(memseta.o)
    0x00000198   0x000000b2   Code   RO         1505    .text               mf_p.l(fadd.o)
    0x0000024a   0x0000007a   Code   RO         1507    .text               mf_p.l(fmul.o)
    0x000002c4   0x0000007c   Code   RO         1509    .text               mf_p.l(fdiv.o)
    0x00000340   0x00000016   Code   RO         1515    .text               mf_p.l(fflti.o)
    0x00000356   0x0000000e   Code   RO         1517    .text               mf_p.l(ffltui.o)
    0x00000364   0x00000028   Code   RO         1519    .text               mf_p.l(dflti.o)
    0x0000038c   0x0000001c   Code   RO         1521    .text               mf_p.l(dfltui.o)
    0x000003a8   0x00000032   Code   RO         1523    .text               mf_p.l(ffixi.o)
    0x000003da   0x00000002   PAD
    0x000003dc   0x00000014   Code   RO         1533    .text               mf_p.l(cfcmple.o)
    0x000003f0   0x00000000   Code   RO         1596    .text               mc_p.l(iusefp.o)
    0x000003f0   0x00000002   Code   RO          740    i.SysTick_Handler   delay.o
    0x000003f2   0x0000000a   Code   RO         1548    i.__mathlib_dbl_infnan  m_ps.l(dunder.o)
    0x000003fc   0x00000002   Code   RO         1620    i.__scatterload_null  mc_p.l(handlers.o)
    0x000003fe   0x00000002   PAD
    0x00000400   0x00000010   Code   RO         1160    .ARM.__at_0x400     startup_skeaz1284.o
    0x00000410   0x00000164   Code   RO         1511    .text               mf_p.l(dadd.o)
    0x00000574   0x000000d0   Code   RO         1513    .text               mf_p.l(dmul.o)
    0x00000644   0x00000028   Code   RO         1525    .text               mf_p.l(ffixui.o)
    0x0000066c   0x0000003c   Code   RO         1527    .text               mf_p.l(dfixui.o)
    0x000006a8   0x00000028   Code   RO         1529    .text               mf_p.l(f2d.o)
    0x000006d0   0x00000038   Code   RO         1531    .text               mf_p.l(d2f.o)
    0x00000708   0x00000014   Code   RO         1535    .text               mf_p.l(cfrcmple.o)
    0x0000071c   0x00000060   Code   RO         1581    .text               mc_p.l(uldiv.o)
    0x0000077c   0x00000020   Code   RO         1583    .text               mc_p.l(llshl.o)
    0x0000079c   0x00000022   Code   RO         1585    .text               mc_p.l(llushr.o)
    0x000007be   0x00000026   Code   RO         1587    .text               mc_p.l(llsshr.o)
    0x000007e4   0x00000082   Code   RO         1597    .text               mf_p.l(fepilogue.o)
    0x00000866   0x000000be   Code   RO         1599    .text               mf_p.l(depilogue.o)
    0x00000924   0x000000f0   Code   RO         1603    .text               mf_p.l(ddiv.o)
    0x00000a14   0x0000002c   Code   RO         1605    .text               mf_p.l(dscalb.o)
    0x00000a40   0x000000a2   Code   RO         1607    .text               mf_p.l(dsqrt.o)
    0x00000ae2   0x00000002   PAD
    0x00000ae4   0x00000040   Code   RO         1609    .text               mf_p.l(dfixul.o)
    0x00000b24   0x00000028   Code   RO         1613    .text               mf_p.l(cdrcmple.o)
    0x00000b4c   0x00000024   Code   RO         1615    .text               mc_p.l(init.o)
    0x00000b70   0x00000034   Code   RO          926    i.ADC_Ave           adc.o
    0x00000ba4   0x00000060   Code   RO          927    i.ADC_Config        adc.o
    0x00000c04   0x0000003c   Code   RO          928    i.ADC_Get           adc.o
    0x00000c40   0x0000003a   Code   RO          929    i.ADC_Mid           adc.o
    0x00000c7a   0x00000022   Code   RO          547    i.AD_Init           ad.o
    0x00000c9c   0x00000020   Code   RO          363    i.Buzzer_Init       led&buzzer.o
    0x00000cbc   0x000000b6   Code   RO          443    i.Chang_State       ui.o
    0x00000d72   0x00000002   PAD
    0x00000d74   0x00000174   Code   RO          444    i.Chang_Value       ui.o
    0x00000ee8   0x000000a4   Code   RO          445    i.CountDown         ui.o
    0x00000f8c   0x000001d0   Code   RO          965    i.Data_Filter       mpu6050.o
    0x0000115c   0x00000030   Code   RO          737    i.Delay_ms          delay.o
    0x0000118c   0x00000054   Code   RO          738    i.Delay_us          delay.o
    0x000011e0   0x00000068   Code   RO          573    i.Encoder_Init      encoder.o
    0x00001248   0x00000018   Code   RO          815    i.FTM_PWM_set_CnV   pwm.o
    0x00001260   0x00000026   Code   RO          966    i.GetData           mpu6050.o
    0x00001286   0x00000002   PAD
    0x00001288   0x000000d0   Code   RO          967    i.Get_Attitude      mpu6050.o
    0x00001358   0x00000054   Code   RO          548    i.Get_Ind_V         ad.o
    0x000013ac   0x00000258   Code   RO          389    i.Get_Key           key.o
    0x00001604   0x000000ac   Code   RO         1040    i.I2C_SendACK       my_i2c.o
    0x000016b0   0x00000038   Code   RO         1041    i.IIC_init          my_i2c.o
    0x000016e8   0x0000008c   Code   RO         1042    i.IIC_start         my_i2c.o
    0x00001774   0x0000008c   Code   RO         1043    i.IIC_stop          my_i2c.o
    0x00001800   0x00000550   Code   RO          969    i.IMUupdate         mpu6050.o
    0x00001d50   0x00000040   Code   RO          446    i.Judge_State       ui.o
    0x00001d90   0x000002bc   Code   RO          599    i.Just_Do_It        control.o
    0x0000204c   0x000000d0   Code   RO          390    i.KEY_Init          key.o
    0x0000211c   0x00000058   Code   RO          364    i.LED_Init          led&buzzer.o
    0x00002174   0x00000094   Code   RO          970    i.MPU6050_GetData   mpu6050.o
    0x00002208   0x0000009e   Code   RO          971    i.MPU6050_Init      mpu6050.o
    0x000022a6   0x00000002   PAD
    0x000022a8   0x00000090   Code   RO          972    i.MPU6050_Offset    mpu6050.o
    0x00002338   0x00000074   Code   RO          307    i.Motor_Init        motor.o
    0x000023ac   0x0000001a   Code   RO          308    i.Motor_L_Back_V    motor.o
    0x000023c6   0x0000001a   Code   RO          309    i.Motor_L_Go_V      motor.o
    0x000023e0   0x0000001a   Code   RO          310    i.Motor_R_Back_V    motor.o
    0x000023fa   0x0000001a   Code   RO          311    i.Motor_R_Go_V      motor.o
    0x00002414   0x00000078   Code   RO          781    i.NVIC_SetPriority  pit.o
    0x0000248c   0x0000002c   Code   RO          156    i.OLED_Clear        oled.o
    0x000024b8   0x0000001c   Code   RO          157    i.OLED_Display_Off  oled.o
    0x000024d4   0x0000001c   Code   RO          158    i.OLED_Display_On   oled.o
    0x000024f0   0x00000068   Code   RO          159    i.OLED_DrawPoint    oled.o
    0x00002558   0x00000190   Code   RO          161    i.OLED_Init         oled.o
    0x000026e8   0x0000004c   Code   RO          163    i.OLED_Refresh_Gram  oled.o
    0x00002734   0x000000fc   Code   RO          164    i.OLED_Show_Char    oled.o
    0x00002830   0x000000ac   Code   RO          166    i.OLED_Show_Char48_64  oled.o
    0x000028dc   0x0000003a   Code   RO          170    i.OLED_Show_Str     oled.o
    0x00002916   0x00000052   Code   RO          171    i.OLED_Show_StrAll  oled.o
    0x00002968   0x000000b8   Code   RO          172    i.OLED_Show_ZH12_12  oled.o
    0x00002a20   0x00000094   Code   RO          174    i.OLED_WR_Byte      oled.o
    0x00002ab4   0x00000584   Code   RO          600    i.PIT_CH0_IRQHandler  control.o
    0x00003038   0x00000014   Code   RO          782    i.PIT_CH1_IRQHandler  pit.o
    0x0000304c   0x0000009c   Code   RO          783    i.PIT_Config        pit.o
    0x000030e8   0x00000088   Code   RO         1044    i.SCCB_WaitAck      my_i2c.o
    0x00003170   0x00000016   Code   RO          887    i.Send_Begin        upper.o
    0x00003186   0x00000002   PAD
    0x00003188   0x0000006c   Code   RO          888    i.Send_Variable     upper.o
    0x000031f4   0x00000064   Code   RO         1170    i.SystemInit        system_skeaz1284.o
    0x00003258   0x0000014c   Code   RO          655    i.UART_Init         uart.o
    0x000033a4   0x00000040   Code   RO          656    i.UART_Send_Char    uart.o
    0x000033e4   0x000001f8   Code   RO          447    i.UI_Driver         ui.o
    0x000035dc   0x00000080   Code   RO          448    i.UI_Go             ui.o
    0x0000365c   0x000000f0   Code   RO          449    i.UI_MPU6050        ui.o
    0x0000374c   0x000001f0   Code   RO          450    i.UI_Main           ui.o
    0x0000393c   0x00000298   Code   RO          451    i.UI_Plan           ui.o
    0x00003bd4   0x000000a8   Code   RO          452    i.UI_Read_End       ui.o
    0x00003c7c   0x00000140   Code   RO          453    i.UI_Read_Ind       ui.o
    0x00003dbc   0x00000228   Code   RO          454    i.UI_Set            ui.o
    0x00003fe4   0x000001cc   Code   RO          455    i.Write_State       ui.o
    0x000041b0   0x000002e4   Code   RO          456    i.Write_Value       ui.o
    0x00004494   0x00000028   Code   RO         1479    i.__0sprintf        mc_p.l(printfa.o)
    0x000044bc   0x0000002e   Code   RO         1601    i.__ARM_clz         mf_p.l(depilogue.o)
    0x000044ea   0x0000001c   Code   RO          540    i.__ARM_common_switch8  ui.o
    0x00004506   0x00000002   PAD
    0x00004508   0x0000002c   Code   RO         1561    i.__ARM_fpclassify  m_ps.l(fpclassify.o)
    0x00004534   0x000000ac   Code   RO         1563    i.__kernel_poly     m_ps.l(poly.o)
    0x000045e0   0x00000008   Code   RO         1549    i.__mathlib_dbl_infnan2  m_ps.l(dunder.o)
    0x000045e8   0x00000010   Code   RO         1550    i.__mathlib_dbl_invalid  m_ps.l(dunder.o)
    0x000045f8   0x00000014   Code   RO         1553    i.__mathlib_dbl_underflow  m_ps.l(dunder.o)
    0x0000460c   0x0000000e   Code   RO         1619    i.__scatterload_copy  mc_p.l(handlers.o)
    0x0000461a   0x0000000e   Code   RO         1621    i.__scatterload_zeroinit  mc_p.l(handlers.o)
    0x00004628   0x0000000c   Code   RO         1591    i.__set_errno       mc_p.l(errno.o)
    0x00004634   0x00000174   Code   RO         1484    i._fp_digits        mc_p.l(printfa.o)
    0x000047a8   0x000006ec   Code   RO         1485    i._printf_core      mc_p.l(printfa.o)
    0x00004e94   0x00000020   Code   RO         1486    i._printf_post_padding  mc_p.l(printfa.o)
    0x00004eb4   0x0000002c   Code   RO         1487    i._printf_pre_padding  mc_p.l(printfa.o)
    0x00004ee0   0x0000000a   Code   RO         1489    i._sputc            mc_p.l(printfa.o)
    0x00004eea   0x00000002   PAD
    0x00004eec   0x00000274   Code   RO         1206    i.asin              m_ps.l(asin.o)
    0x00005160   0x0000021c   Code   RO         1538    i.atan              m_ps.l(atan.o)
    0x0000537c   0x00000178   Code   RO         1216    i.atan2             m_ps.l(atan2.o)
    0x000054f4   0x00000010   Code   RO          816    i.ftm_count_clean   pwm.o
    0x00005504   0x00000014   Code   RO          817    i.ftm_count_get     pwm.o
    0x00005518   0x0000003c   Code   RO          818    i.ftm_count_init    pwm.o
    0x00005554   0x000000e8   Code   RO          819    i.ftm_count_mux     pwm.o
    0x0000563c   0x00000128   Code   RO          822    i.ftm_pwm_init      pwm.o
    0x00005764   0x0000011c   Code   RO          823    i.ftm_pwm_mux       pwm.o
    0x00005880   0x00000098   Code   RO         1121    i.kalman1_filter    kalman.o
    0x00005918   0x00000020   Code   RO         1122    i.kalman1_init      kalman.o
    0x00005938   0x0000013c   Code   RO            7    i.main              main.o
    0x00005a74   0x0000000e   Code   RO          889    i.my_putchar        upper.o
    0x00005a82   0x00000002   PAD
    0x00005a84   0x000000a4   Code   RO         1045    i.read_ch           my_i2c.o
    0x00005b28   0x000000cc   Code   RO         1046    i.send_ch           my_i2c.o
    0x00005bf4   0x00000040   Code   RO         1048    i.simiic_read_reg   my_i2c.o
    0x00005c34   0x00000026   Code   RO         1050    i.simiic_write_reg  my_i2c.o
    0x00005c5a   0x00000002   PAD
    0x00005c5c   0x00000048   Code   RO         1224    i.sqrt              m_ps.l(sqrt.o)
    0x00005ca4   0x0000deb0   Data   RO          177    .constdata          oled.o
    0x00013b54   0x0000012c   Data   RO          457    .constdata          ui.o
    0x00013c80   0x0000000c   Data   RO          664    .constdata          uart.o
    0x00013c8c   0x00000018   Data   RO          824    .constdata          pwm.o
    0x00013ca4   0x00000004   PAD
    0x00013ca8   0x00000050   Data   RO         1207    .constdata          m_ps.l(asin.o)
    0x00013cf8   0x00000098   Data   RO         1539    .constdata          m_ps.l(atan.o)
    0x00013d90   0x00000008   Data   RO         1565    .constdata          m_ps.l(qnan.o)
    0x00013d98   0x00000020   Data   RO         1617    Region$$Table       anon$$obj.o


    Execution Region RW_IRAM1 (Base: 0x1ffff000, Size: 0x00001630, Max: 0x00004000, ABSOLUTE)

    Base Addr    Size         Type   Attr      Idx    E Section Name        Object

    0x1ffff000   0x00000003   Data   RW          391    .data               key.o
    0x1ffff003   0x00000001   PAD
    0x1ffff004   0x00000050   Data   RW          417    .data               data.o
    0x1ffff054   0x00000041   Data   RW          602    .data               control.o
    0x1ffff095   0x00000001   PAD
    0x1ffff096   0x00000006   Data   RW          825    .data               pwm.o
    0x1ffff09c   0x00000078   Data   RW          974    .data               mpu6050.o
    0x1ffff114   0x00000004   Data   RW         1592    .data               mc_p.l(errno.o)
    0x1ffff118   0x00000400   Zero   RW          176    .bss                oled.o
    0x1ffff518   0x00000018   Zero   RW          601    .bss                control.o
    0x1ffff530   0x00000050   Zero   RW          890    .bss                upper.o
    0x1ffff580   0x0000003c   Zero   RW          973    .bss                mpu6050.o
    0x1ffff5bc   0x00000070   Zero   RW         1125    .bss                kalman.o
    0x1ffff62c   0x00000004   PAD
    0x1ffff630   0x00001000   Zero   RW         1157    STACK               startup_skeaz1284.o


==============================================================================

Image component sizes


      Code (inc. data)   RO Data    RW Data    ZI Data      Debug   Object Name

       118          0          0          0          0        966   ad.o
       266         16          0          0          0       2187   adc.o
      2112        234          0         65         24       3235   control.o
         0          0          0         80          0       1375   data.o
       134          6          0          0          0       1592   delay.o
       104          8          0          0          0        455   encoder.o
         0          0          0          0          0     105488   gpio.o
       184         10          0          0        112       2200   kalman.o
       808         28          0          3          0       1561   key.o
       120         10          0          0          0        837   led&buzzer.o
       316         22          0          0          0     112331   main.o
       220         10          0          0          0       2369   motor.o
      2520        168          0        120         60       8991   mpu6050.o
      1114         38          0          0          0       5176   my_i2c.o
      1576         64      57008          0       1024      13878   oled.o
       296         38          0          0          0       7474   pit.o
       932         66         24          6          0       4772   pwm.o
        56         30        192          0       4096        920   startup_skeaz1284.o
       100         22          0          0          0        529   system_skeaz1284.o
       396         36         12          0          0       2056   uart.o
      5082       1156        300          0          0      10672   ui.o
       144          6          0          0         80       2338   upper.o

    ----------------------------------------------------------------------
     16612       1968      57572        276       5400     291402   Object Totals
         0          0         32          0          0          0   (incl. Generated)
        14          0          4          2          4          0   (incl. Padding)

    ----------------------------------------------------------------------

      Code (inc. data)   RO Data    RW Data    ZI Data      Debug   Library Member Name

       628         54         80          0          0        104   asin.o
       540         68        152          0          0        112   atan.o
       376         42          0          0          0        144   atan2.o
        54          6          0          0          0        272   dunder.o
        44          4          0          0          0         60   fpclassify.o
       172          0          0          0          0         76   poly.o
         0          0          8          0          0          0   qnan.o
        72          6          0          0          0         76   sqrt.o
         0          0          0          0          0          0   entry.o
         0          0          0          0          0          0   entry10a.o
         0          0          0          0          0          0   entry11a.o
         8          4          0          0          0          0   entry2.o
         4          0          0          0          0          0   entry5.o
         0          0          0          0          0          0   entry7b.o
         0          0          0          0          0          0   entry8b.o
         8          4          0          0          0          0   entry9a.o
        12          6          0          4          0         60   errno.o
        30          0          0          0          0          0   handlers.o
        40          0          0          0          0         72   idiv.o
        36          8          0          0          0         68   init.o
         0          0          0          0          0          0   iusefp.o
        32          0          0          0          0         68   llshl.o
        38          0          0          0          0         68   llsshr.o
        34          0          0          0          0         68   llushr.o
        36          0          0          0          0         60   memcpya.o
        36          0          0          0          0        100   memseta.o
      2270         94          0          0          0        472   printfa.o
        44          0          0          0          0         72   uidiv.o
        96          0          0          0          0         84   uldiv.o
        40          2          0          0          0         68   cdrcmple.o
        20          0          0          0          0         68   cfcmple.o
        20          0          0          0          0         68   cfrcmple.o
        56          0          0          0          0         68   d2f.o
       356          4          0          0          0        140   dadd.o
       240          6          0          0          0         84   ddiv.o
       236          0          0          0          0        216   depilogue.o
        60         10          0          0          0         68   dfixui.o
        64         10          0          0          0         68   dfixul.o
        40          6          0          0          0         68   dflti.o
        28          4          0          0          0         68   dfltui.o
       208          6          0          0          0         88   dmul.o
        44          0          0          0          0         72   dscalb.o
       162          0          0          0          0         80   dsqrt.o
        40          0          0          0          0         60   f2d.o
       178          0          0          0          0        108   fadd.o
       124          0          0          0          0         72   fdiv.o
       130          0          0          0          0        144   fepilogue.o
        50          0          0          0          0         60   ffixi.o
        40          0          0          0          0         60   ffixui.o
        22          0          0          0          0         68   fflti.o
        14          0          0          0          0         68   ffltui.o
       122          0          0          0          0         72   fmul.o

    ----------------------------------------------------------------------
      6912        344        240          4          0       3972   Library Totals
         8          0          0          0          0          0   (incl. Padding)

    ----------------------------------------------------------------------

      Code (inc. data)   RO Data    RW Data    ZI Data      Debug   Library Name

      1886        180        240          0          0        844   m_ps.l
      2724        116          0          4          0       1192   mc_p.l
      2294         48          0          0          0       1936   mf_p.l

    ----------------------------------------------------------------------
      6912        344        240          4          0       3972   Library Totals

    ----------------------------------------------------------------------

==============================================================================


      Code (inc. data)   RO Data    RW Data    ZI Data      Debug   

     23524       2312      57812        280       5400     289914   Grand Totals
     23524       2312      57812        280       5400     289914   ELF Image Totals
     23524       2312      57812        280          0          0   ROM Totals

==============================================================================

    Total RO  Size (Code + RO Data)                81336 (  79.43kB)
    Total RW  Size (RW Data + ZI Data)              5680 (   5.55kB)
    Total ROM Size (Code + RO Data + RW Data)      81616 (  79.70kB)

==============================================================================

