Component: ARM Compiler 5.06 update 6 (build 750) Tool: armlink [4d35ed]

==============================================================================

Section Cross References

    main.o(i.main) refers to init.o(i.All_Init) for All_Init
    main.o(i.main) refers to delay.o(i.Delay_ms) for Delay_ms
    main.o(i.main) refers to my_mpu6050.o(i.MPU_Init) for MPU_Init
    main.o(i.main) refers to ui.o(i.UI_Main) for UI_Main
    main.o(i.main) refers to ui.o(i.UI_Go) for UI_Go
    main.o(i.main) refers to ui.o(i.UI_Plan) for UI_Plan
    main.o(i.main) refers to ui.o(i.UI_Driver) for UI_Driver
    main.o(i.main) refers to ui.o(i.UI_Set) for UI_Set
    main.o(i.main) refers to ui.o(i.UI_MPU6050) for UI_MPU6050
    main.o(i.main) refers to ui.o(i.UI_Read_Ind) for UI_Read_Ind
    main.o(i.main) refers to ui.o(i.UI_Read_End) for UI_Read_End
    main.o(i.main) refers to led&buzzer.o(.data) for BB_Times
    oled.o(i.OLED_Clear) refers to oled.o(.bss) for OLED_GRAM
    oled.o(i.OLED_Display_Off) refers to oled.o(i.OLED_WR_Byte) for OLED_WR_Byte
    oled.o(i.OLED_Display_On) refers to oled.o(i.OLED_WR_Byte) for OLED_WR_Byte
    oled.o(i.OLED_DrawPoint) refers to oled.o(.bss) for OLED_GRAM
    oled.o(i.OLED_Fill) refers to oled.o(i.OLED_DrawPoint) for OLED_DrawPoint
    oled.o(i.OLED_Init) refers to oled.o(i.OLED_WR_Byte) for OLED_WR_Byte
    oled.o(i.OLED_Init) refers to oled.o(i.OLED_Clear) for OLED_Clear
    oled.o(i.OLED_Refresh_Gram) refers to oled.o(i.OLED_WR_Byte) for OLED_WR_Byte
    oled.o(i.OLED_Refresh_Gram) refers to oled.o(.bss) for OLED_GRAM
    oled.o(i.OLED_Show_Char) refers to oled.o(i.OLED_DrawPoint) for OLED_DrawPoint
    oled.o(i.OLED_Show_Char) refers to oled.o(.constdata) for asc2_1206
    oled.o(i.OLED_Show_Char24_32) refers to oled.o(i.OLED_DrawPoint) for OLED_DrawPoint
    oled.o(i.OLED_Show_Char24_32) refers to oled.o(.constdata) for FONT24x32_TAB
    oled.o(i.OLED_Show_Char48_64) refers to oled.o(i.OLED_DrawPoint) for OLED_DrawPoint
    oled.o(i.OLED_Show_Char48_64) refers to oled.o(.constdata) for FONT48x64_TAB
    oled.o(i.OLED_Show_Num) refers to oled.o(i.mypow) for mypow
    oled.o(i.OLED_Show_Num) refers to uidiv.o(.text) for __aeabi_uidivmod
    oled.o(i.OLED_Show_Num) refers to oled.o(i.OLED_Show_Char) for OLED_Show_Char
    oled.o(i.OLED_Show_Pic) refers to oled.o(i.OLED_Show_PicLine) for OLED_Show_PicLine
    oled.o(i.OLED_Show_PicLine) refers to oled.o(i.OLED_DrawPoint) for OLED_DrawPoint
    oled.o(i.OLED_Show_PicLine) refers to oled.o(.constdata) for DCB2HEX_TAB
    oled.o(i.OLED_Show_Str) refers to oled.o(i.OLED_Show_Char) for OLED_Show_Char
    oled.o(i.OLED_Show_StrAll) refers to oled.o(i.OLED_Show_Char) for OLED_Show_Char
    oled.o(i.OLED_Show_StrAll) refers to oled.o(i.OLED_Show_ZH12_12) for OLED_Show_ZH12_12
    oled.o(i.OLED_Show_ZH12_12) refers to oled.o(i.OLED_DrawPoint) for OLED_DrawPoint
    oled.o(i.OLED_Show_ZH12_12) refers to oled.o(.constdata) for FONT12x12_TAB
    motor.o(i.Motor_Init) refers to pwm.o(i.ftm_pwm_init) for ftm_pwm_init
    motor.o(i.Motor_L_Back_V) refers to pwm.o(i.FTM_PWM_set_CnV) for FTM_PWM_set_CnV
    motor.o(i.Motor_L_Go_V) refers to pwm.o(i.FTM_PWM_set_CnV) for FTM_PWM_set_CnV
    motor.o(i.Motor_R_Back_V) refers to pwm.o(i.FTM_PWM_set_CnV) for FTM_PWM_set_CnV
    motor.o(i.Motor_R_Go_V) refers to pwm.o(i.FTM_PWM_set_CnV) for FTM_PWM_set_CnV
    motor.o(i.Motor_Set_Back_Speed) refers to pwm.o(i.FTM_PWM_set_CnV) for FTM_PWM_set_CnV
    motor.o(i.Motor_Set_Go_Speed) refers to pwm.o(i.FTM_PWM_set_CnV) for FTM_PWM_set_CnV
    led&buzzer.o(i.Beep_ON) refers to flash.o(.bss) for ALL_DATA
    led&buzzer.o(i.LED_Blue_ON) refers to flash.o(.bss) for ALL_DATA
    led&buzzer.o(i.LED_Green_ON) refers to flash.o(.bss) for ALL_DATA
    led&buzzer.o(i.LED_Indigo_ON) refers to flash.o(.bss) for ALL_DATA
    led&buzzer.o(i.LED_Orange_ON) refers to flash.o(.bss) for ALL_DATA
    led&buzzer.o(i.LED_Purple_ON) refers to flash.o(.bss) for ALL_DATA
    led&buzzer.o(i.LED_Red_ON) refers to flash.o(.bss) for ALL_DATA
    led&buzzer.o(i.LED_White_ON) refers to flash.o(.bss) for ALL_DATA
    key.o(i.Get_Key) refers to delay.o(i.Delay_ms) for Delay_ms
    key.o(i.Get_Key) refers to key.o(.data) for Key_Delay
    key.o(i.Get_Key) refers to led&buzzer.o(.data) for BB_Times
    data.o(i.Data_Init) refers to flash.o(.bss) for ALL_DATA
    ui.o(i.Chang_State) refers to ui.o(i.Judge_State) for Judge_State
    ui.o(i.Chang_State) refers to oled.o(i.OLED_Show_Str) for OLED_Show_Str
    ui.o(i.Chang_State) refers to key.o(i.Get_Key) for Get_Key
    ui.o(i.Chang_State) refers to flash.o(i.FLASH_EraseSector) for FLASH_EraseSector
    ui.o(i.Chang_State) refers to flash.o(i.FLASH_WriteSector) for FLASH_WriteSector
    ui.o(i.Chang_State) refers to oled.o(i.OLED_Refresh_Gram) for OLED_Refresh_Gram
    ui.o(i.Chang_State) refers to flash.o(.data) for ALL_DATA_Change
    ui.o(i.Chang_State) refers to flash.o(.bss) for ALL_DATA
[...]
    printf3.o(i.__0vsnprintf$3) refers to printf3.o(i._snputc) for _snputc
    printf3.o(i.__0vsprintf$3) refers to printf3.o(i._printf_core) for _printf_core
    printf3.o(i.__0vsprintf$3) refers to printf3.o(i._sputc) for _sputc
    printf3.o(i._printf_core) refers to uidiv.o(.text) for __aeabi_uidivmod
    printf4.o(i.__0fprintf$4) refers to printf4.o(i._printf_core) for _printf_core
    printf4.o(i.__0fprintf$4) refers to uart.o(i.fputc) for fputc
    printf4.o(i.__0printf$4) refers to printf4.o(i._printf_core) for _printf_core
    printf4.o(i.__0printf$4) refers to uart.o(i.fputc) for fputc
    printf4.o(i.__0printf$4) refers to stdout.o(.data) for __stdout
    printf4.o(i.__0snprintf$4) refers to printf4.o(i._printf_core) for _printf_core
    printf4.o(i.__0snprintf$4) refers to printf4.o(i._snputc) for _snputc
    printf4.o(i.__0sprintf$4) refers to printf4.o(i._printf_core) for _printf_core
    printf4.o(i.__0sprintf$4) refers to printf4.o(i._sputc) for _sputc
    printf4.o(i.__0vfprintf$4) refers to printf4.o(i._printf_core) for _printf_core
    printf4.o(i.__0vfprintf$4) refers to uart.o(i.fputc) for fputc
    printf4.o(i.__0vprintf$4) refers to printf4.o(i._printf_core) for _printf_core
    printf4.o(i.__0vprintf$4) refers to uart.o(i.fputc) for fputc
    printf4.o(i.__0vprintf$4) refers to stdout.o(.data) for __stdout
    printf4.o(i.__0vsnprintf$4) refers to printf4.o(i._printf_core) for _printf_core
    printf4.o(i.__0vsnprintf$4) refers to printf4.o(i._snputc) for _snputc
    printf4.o(i.__0vsprintf$4) refers to printf4.o(i._printf_core) for _printf_core
    printf4.o(i.__0vsprintf$4) refers to printf4.o(i._sputc) for _sputc
    printf4.o(i._printf_core) refers to uldiv.o(.text) for __aeabi_uldivmod
    printf5.o(i.__0fprintf$5) refers to printf5.o(i._printf_core) for _printf_core
    printf5.o(i.__0fprintf$5) refers to uart.o(i.fputc) for fputc
    printf5.o(i.__0printf$5) refers to printf5.o(i._printf_core) for _printf_core
    printf5.o(i.__0printf$5) refers to uart.o(i.fputc) for fputc
    printf5.o(i.__0printf$5) refers to stdout.o(.data) for __stdout
    printf5.o(i.__0snprintf$5) refers to printf5.o(i._printf_core) for _printf_core
    printf5.o(i.__0snprintf$5) refers to printf5.o(i._snputc) for _snputc
    printf5.o(i.__0sprintf$5) refers to printf5.o(i._printf_core) for _printf_core
    printf5.o(i.__0sprintf$5) refers to printf5.o(i._sputc) for _sputc
    printf5.o(i.__0vfprintf$5) refers to printf5.o(i._printf_core) for _printf_core
    printf5.o(i.__0vfprintf$5) refers to uart.o(i.fputc) for fputc
    printf5.o(i.__0vprintf$5) refers to printf5.o(i._printf_core) for _printf_core
    printf5.o(i.__0vprintf$5) refers to uart.o(i.fputc) for fputc
    printf5.o(i.__0vprintf$5) refers to stdout.o(.data) for __stdout
    printf5.o(i.__0vsnprintf$5) refers to printf5.o(i._printf_core) for _printf_core
    printf5.o(i.__0vsnprintf$5) refers to printf5.o(i._snputc) for _snputc
    printf5.o(i.__0vsprintf$5) refers to printf5.o(i._printf_core) for _printf_core
    printf5.o(i.__0vsprintf$5) refers to printf5.o(i._sputc) for _sputc
    printf5.o(i._printf_core) refers to uldiv.o(.text) for __aeabi_uldivmod
    printf6.o(i.__0fprintf$6) refers to printf6.o(i._printf_core) for _printf_core
    printf6.o(i.__0fprintf$6) refers to uart.o(i.fputc) for fputc
    printf6.o(i.__0printf$6) refers to printf6.o(i._printf_core) for _printf_core
    printf6.o(i.__0printf$6) refers to uart.o(i.fputc) for fputc
    printf6.o(i.__0printf$6) refers to stdout.o(.data) for __stdout
    printf6.o(i.__0snprintf$6) refers to printf6.o(i._printf_core) for _printf_core
    printf6.o(i.__0snprintf$6) refers to printf6.o(i._snputc) for _snputc
    printf6.o(i.__0sprintf$6) refers to printf6.o(i._printf_core) for _printf_core
    printf6.o(i.__0sprintf$6) refers to printf6.o(i._sputc) for _sputc
    printf6.o(i.__0vfprintf$6) refers to printf6.o(i._printf_core) for _printf_core
    printf6.o(i.__0vfprintf$6) refers to uart.o(i.fputc) for fputc
    printf6.o(i.__0vprintf$6) refers to printf6.o(i._printf_core) for _printf_core
    printf6.o(i.__0vprintf$6) refers to uart.o(i.fputc) for fputc
    printf6.o(i.__0vprintf$6) refers to stdout.o(.data) for __stdout
    printf6.o(i.__0vsnprintf$6) refers to printf6.o(i._printf_core) for _printf_core
    printf6.o(i.__0vsnprintf$6) refers to printf6.o(i._snputc) for _snputc
    printf6.o(i.__0vsprintf$6) refers to printf6.o(i._printf_core) for _printf_core
    printf6.o(i.__0vsprintf$6) refers to printf6.o(i._sputc) for _sputc
    printf6.o(i._printf_core) refers to printf6.o(i._printf_pre_padding) for _printf_pre_padding
    printf6.o(i._printf_core) refers to printf6.o(i._printf_post_padding) for _printf_post_padding
    printf6.o(i._printf_core) refers to uidiv.o(.text) for __aeabi_uidivmod
    printf7.o(i.__0fprintf$7) refers to printf7.o(i._printf_core) for _printf_core
    printf7.o(i.__0fprintf$7) refers to uart.o(i.fputc) for fputc
    printf7.o(i.__0printf$7) refers to printf7.o(i._printf_core) for _printf_core
    printf7.o(i.__0printf$7) refers to uart.o(i.fputc) for fputc
    printf7.o(i.__0printf$7) refers to stdout.o(.data) for __stdout
    printf7.o(i.__0snprintf$7) refers to printf7.o(i._printf_core) for _printf_core
    printf7.o(i.__0snprintf$7) refers to printf7.o(i._snputc) for _snputc
    printf7.o(i.__0sprintf$7) refers to printf7.o(i._printf_core) for _printf_core
    printf7.o(i.__0sprintf$7) refers to printf7.o(i._sputc) for _sputc
    printf7.o(i.__0vfprintf$7) refers to printf7.o(i._printf_core) for _printf_core
    printf7.o(i.__0vfprintf$7) refers to uart.o(i.fputc) for fputc
    printf7.o(i.__0vprintf$7) refers to printf7.o(i._printf_core) for _printf_core
    printf7.o(i.__0vprintf$7) refers to uart.o(i.fputc) for fputc
    printf7.o(i.__0vprintf$7) refers to stdout.o(.data) for __stdout
    printf7.o(i.__0vsnprintf$7) refers to printf7.o(i._printf_core) for _printf_core
    printf7.o(i.__0vsnprintf$7) refers to printf7.o(i._snputc) for _snputc
    printf7.o(i.__0vsprintf$7) refers to printf7.o(i._printf_core) for _printf_core
    printf7.o(i.__0vsprintf$7) refers to printf7.o(i._sputc) for _sputc
    printf7.o(i._printf_core) refers to printf7.o(i._printf_pre_padding) for _printf_pre_padding
    printf7.o(i._printf_core) refers to printf7.o(i._printf_post_padding) for _printf_post_padding
    printf7.o(i._printf_core) refers to uldiv.o(.text) for __aeabi_uldivmod
    printf8.o(i.__0fprintf$8) refers to printf8.o(i._printf_core) for _printf_core
    printf8.o(i.__0fprintf$8) refers to uart.o(i.fputc) for fputc
    printf8.o(i.__0printf$8) refers to printf8.o(i._printf_core) for _printf_core
    printf8.o(i.__0printf$8) refers to uart.o(i.fputc) for fputc
    printf8.o(i.__0printf$8) refers to stdout.o(.data) for __stdout
    printf8.o(i.__0snprintf$8) refers to printf8.o(i._printf_core) for _printf_core
    printf8.o(i.__0snprintf$8) refers to printf8.o(i._snputc) for _snputc
    printf8.o(i.__0sprintf$8) refers to printf8.o(i._printf_core) for _printf_core
    printf8.o(i.__0sprintf$8) refers to printf8.o(i._sputc) for _sputc
    printf8.o(i.__0vfprintf$8) refers to printf8.o(i._printf_core) for _printf_core
    printf8.o(i.__0vfprintf$8) refers to uart.o(i.fputc) for fputc
    printf8.o(i.__0vprintf$8) refers to printf8.o(i._printf_core) for _printf_core
    printf8.o(i.__0vprintf$8) refers to uart.o(i.fputc) for fputc
    printf8.o(i.__0vprintf$8) refers to stdout.o(.data) for __stdout
    printf8.o(i.__0vsnprintf$8) refers to printf8.o(i._printf_core) for _printf_core
    printf8.o(i.__0vsnprintf$8) refers to printf8.o(i._snputc) for _snputc
    printf8.o(i.__0vsprintf$8) refers to printf8.o(i._printf_core) for _printf_core
    printf8.o(i.__0vsprintf$8) refers to printf8.o(i._sputc) for _sputc
    printf8.o(i._printf_core) refers to printf8.o(i._printf_pre_padding) for _printf_pre_padding
    printf8.o(i._printf_core) refers to printf8.o(i._printf_post_padding) for _printf_post_padding
    printf8.o(i._printf_core) refers to uldiv.o(.text) for __aeabi_uldivmod
    printfa.o(i.__0fprintf) refers (Special) to iusefp.o(.text) for __I$use$fp
    printfa.o(i.__0fprintf) refers to printfa.o(i._printf_core) for _printf_core
    printfa.o(i.__0fprintf) refers to uart.o(i.fputc) for fputc
    printfa.o(i.__0printf) refers (Special) to iusefp.o(.text) for __I$use$fp
    printfa.o(i.__0printf) refers to printfa.o(i._printf_core) for _printf_core
    printfa.o(i.__0printf) refers to uart.o(i.fputc) for fputc
    printfa.o(i.__0printf) refers to stdout.o(.data) for __stdout
    printfa.o(i.__0snprintf) refers (Special) to iusefp.o(.text) for __I$use$fp
    printfa.o(i.__0snprintf) refers to printfa.o(i._printf_core) for _printf_core
    printfa.o(i.__0snprintf) refers to printfa.o(i._snputc) for _snputc
    printfa.o(i.__0sprintf) refers (Special) to iusefp.o(.text) for __I$use$fp
    printfa.o(i.__0sprintf) refers to printfa.o(i._printf_core) for _printf_core
    printfa.o(i.__0sprintf) refers to printfa.o(i._sputc) for _sputc
    printfa.o(i.__0vfprintf) refers (Special) to iusefp.o(.text) for __I$use$fp
    printfa.o(i.__0vfprintf) refers to printfa.o(i._printf_core) for _printf_core
    printfa.o(i.__0vfprintf) refers to uart.o(i.fputc) for fputc
    printfa.o(i.__0vprintf) refers (Special) to iusefp.o(.text) for __I$use$fp
    printfa.o(i.__0vprintf) refers to printfa.o(i._printf_core) for _printf_core
    printfa.o(i.__0vprintf) refers to uart.o(i.fputc) for fputc
    printfa.o(i.__0vprintf) refers to stdout.o(.data) for __stdout
    printfa.o(i.__0vsnprintf) refers (Special) to iusefp.o(.text) for __I$use$fp
    printfa.o(i.__0vsnprintf) refers to printfa.o(i._printf_core) for _printf_core
    printfa.o(i.__0vsnprintf) refers to printfa.o(i._snputc) for _snputc
    printfa.o(i.__0vsprintf) refers (Special) to iusefp.o(.text) for __I$use$fp
    printfa.o(i.__0vsprintf) refers to printfa.o(i._printf_core) for _printf_core
    printfa.o(i.__0vsprintf) refers to printfa.o(i._sputc) for _sputc
    printfa.o(i._fp_digits) refers (Special) to iusefp.o(.text) for __I$use$fp
    printfa.o(i._fp_digits) refers to dmul.o(.text) for __aeabi_dmul
    printfa.o(i._fp_digits) refers to ddiv.o(.text) for __aeabi_ddiv
    printfa.o(i._fp_digits) refers to cdrcmple.o(.text) for __aeabi_cdrcmple
    printfa.o(i._fp_digits) refers to dadd.o(.text) for __aeabi_dadd
    printfa.o(i._fp_digits) refers to dfixul.o(.text) for __aeabi_d2ulz
    printfa.o(i._fp_digits) refers to uldiv.o(.text) for __aeabi_uldivmod
    printfa.o(i._printf_core) refers (Special) to iusefp.o(.text) for __I$use$fp
    printfa.o(i._printf_core) refers to printfa.o(i._printf_pre_padding) for _printf_pre_padding
    printfa.o(i._printf_core) refers to uldiv.o(.text) for __aeabi_uldivmod
    printfa.o(i._printf_core) refers to printfa.o(i._printf_post_padding) for _printf_post_padding
    printfa.o(i._printf_core) refers to printfa.o(i._fp_digits) for _fp_digits
    printfa.o(i._printf_core) refers to uidiv.o(.text) for __aeabi_uidivmod
    printfa.o(i._printf_post_padding) refers (Special) to iusefp.o(.text) for __I$use$fp
    printfa.o(i._printf_pre_padding) refers (Special) to iusefp.o(.text) for __I$use$fp
    printfa.o(i._snputc) refers (Special) to iusefp.o(.text) for __I$use$fp
    printfa.o(i._sputc) refers (Special) to iusefp.o(.text) for __I$use$fp
    fadd.o(.text) refers (Special) to iusefp.o(.text) for __I$use$fp
    fadd.o(.text) refers to fepilogue.o(.text) for _float_epilogue
    fmul.o(.text) refers (Special) to iusefp.o(.text) for __I$use$fp
    fdiv.o(.text) refers (Special) to iusefp.o(.text) for __I$use$fp
    fdiv.o(.text) refers to fepilogue.o(.text) for _float_round
    dadd.o(.text) refers (Special) to iusefp.o(.text) for __I$use$fp
    dadd.o(.text) refers to llshl.o(.text) for __aeabi_llsl
    dadd.o(.text) refers to llsshr.o(.text) for __aeabi_lasr
    dadd.o(.text) refers to depilogue.o(.text) for _double_epilogue
    dmul.o(.text) refers (Special) to iusefp.o(.text) for __I$use$fp
    dmul.o(.text) refers to depilogue.o(.text) for _double_epilogue
    ddiv.o(.text) refers (Special) to iusefp.o(.text) for __I$use$fp
    ddiv.o(.text) refers to depilogue.o(.text) for _double_round
    fflti.o(.text) refers (Special) to iusefp.o(.text) for __I$use$fp
    fflti.o(.text) refers to fepilogue.o(.text) for _float_epilogue
    ffltui.o(.text) refers (Special) to iusefp.o(.text) for __I$use$fp
    ffltui.o(.text) refers to fepilogue.o(.text) for _float_epilogue
    dflti.o(.text) refers (Special) to iusefp.o(.text) for __I$use$fp
    dflti.o(.text) refers to depilogue.o(.text) for _double_epilogue
    dfltui.o(.text) refers (Special) to iusefp.o(.text) for __I$use$fp
    dfltui.o(.text) refers to depilogue.o(.text) for _double_epilogue
    ffixi.o(.text) refers (Special) to iusefp.o(.text) for __I$use$fp
    ffixui.o(.text) refers (Special) to iusefp.o(.text) for __I$use$fp
    f2d.o(.text) refers (Special) to iusefp.o(.text) for __I$use$fp
    cdrcmple.o(.text) refers (Special) to iusefp.o(.text) for __I$use$fp
    d2f.o(.text) refers (Special) to iusefp.o(.text) for __I$use$fp
    d2f.o(.text) refers to fepilogue.o(.text) for _float_round
    entry2.o(.ARM.Collect$$$$00000001) refers to entry2.o(.ARM.Collect$$$$00002712) for __lit__00000000
    entry2.o(.ARM.Collect$$$$00002712) refers to startup_skeaz1284.o(STACK) for __initial_sp
    entry2.o(__vectab_stack_and_reset_area) refers to startup_skeaz1284.o(STACK) for __initial_sp
    entry2.o(__vectab_stack_and_reset_area) refers to entry.o(.ARM.Collect$$$$00000000) for __main
    entry5.o(.ARM.Collect$$$$00000004) refers to init.o(.text) for __scatterload
    entry9a.o(.ARM.Collect$$$$0000000B) refers to main.o(i.main) for main
    entry9b.o(.ARM.Collect$$$$0000000C) refers to main.o(i.main) for main
    uldiv.o(.text) refers to llushr.o(.text) for __aeabi_llsr
    uldiv.o(.text) refers to llshl.o(.text) for __aeabi_llsl
    depilogue.o(.text) refers to depilogue.o(i.__ARM_clz) for __ARM_clz
    depilogue.o(.text) refers to llshl.o(.text) for __aeabi_llsl
    depilogue.o(.text) refers to llushr.o(.text) for __aeabi_llsr
    dfixul.o(.text) refers to llushr.o(.text) for __aeabi_llsr
    dfixul.o(.text) refers to llshl.o(.text) for __aeabi_llsl
    init.o(.text) refers to entry5.o(.ARM.Collect$$$$00000004) for __main_after_scatterload


==============================================================================

Removing Unused input sections from the image.

    Removing main.o(.rev16_text), (4 bytes).
    Removing main.o(.revsh_text), (4 bytes).
    Removing main.o(.data), (32 bytes).
    Removing oled.o(.rev16_text), (4 bytes).
    Removing oled.o(.revsh_text), (4 bytes).
    Removing oled.o(i.OLED_JudgeOver), (22 bytes).
    Removing oled.o(i.OLED_Show_Char24_32), (172 bytes).
    Removing oled.o(i.OLED_Show_Num), (154 bytes).
    Removing oled.o(i.OLED_Show_Pic), (54 bytes).
    Removing oled.o(i.OLED_Show_PicLine), (112 bytes).
    Removing oled.o(i.mypow), (26 bytes).
    Removing motor.o(.rev16_text), (4 bytes).
    Removing motor.o(.revsh_text), (4 bytes).
    Removing motor.o(i.Motor_Init), (116 bytes).
    Removing motor.o(i.Motor_L_Back_V), (26 bytes).
    Removing motor.o(i.Motor_L_Go_V), (26 bytes).
    Removing motor.o(i.Motor_R_Back_V), (26 bytes).
    Removing motor.o(i.Motor_R_Go_V), (26 bytes).
    Removing motor.o(i.Motor_Set_Back_Speed), (48 bytes).
    Removing motor.o(i.Motor_Set_Go_Speed), (48 bytes).
    Removing led&buzzer.o(.rev16_text), (4 bytes).
    Removing led&buzzer.o(.revsh_text), (4 bytes).
    Removing key.o(.rev16_text), (4 bytes).
    Removing key.o(.revsh_text), (4 bytes).
    Removing data.o(.rev16_text), (4 bytes).
    Removing data.o(.revsh_text), (4 bytes).
    Removing data.o(i.ABS), (14 bytes).
    Removing data.o(.bss), (18 bytes).
    Removing ui.o(.rev16_text), (4 bytes).
    Removing ui.o(.revsh_text), (4 bytes).
    Removing ui.o(i.Chang_Value_End), (568 bytes).
    Removing ui.o(.data), (2 bytes).
    Removing ad.o(.rev16_text), (4 bytes).
    Removing ad.o(.revsh_text), (4 bytes).
    Removing ad.o(i.AD_Init), (34 bytes).
    Removing ad.o(i.Get_Ind_V), (84 bytes).
    Removing encoder.o(.rev16_text), (4 bytes).
    Removing encoder.o(.revsh_text), (4 bytes).
    Removing encoder.o(i.Encoder_Init), (104 bytes).
    Removing encoder.o(i.End_Read_Dir), (48 bytes).
    Removing control.o(.rev16_text), (4 bytes).
    Removing control.o(.revsh_text), (4 bytes).
    Removing control.o(.bss), (52 bytes).
    Removing init.o(.rev16_text), (4 bytes).
    Removing init.o(.revsh_text), (4 bytes).
    Removing gpio.o(.rev16_text), (4 bytes).
    Removing gpio.o(.revsh_text), (4 bytes).
    Removing uart.o(.rev16_text), (4 bytes).
    Removing uart.o(.revsh_text), (4 bytes).
    Removing uart.o(i.UART_Send_Str), (40 bytes).
    Removing uart.o(i.fputc), (18 bytes).
    Removing uart.o(i.uart_disable_re_int), (52 bytes).
    Removing uart.o(i.uart_enable_re_int), (52 bytes).
    Removing uart.o(i.uart_re1), (64 bytes).
    Removing uart.o(i.uart_reN), (54 bytes).
    Removing uart.o(i.uart_sendN), (48 bytes).
    Removing uart.o(.data), (3 bytes).
    Removing delay.o(.rev16_text), (4 bytes).
    Removing delay.o(.revsh_text), (4 bytes).
    Removing pit.o(.rev16_text), (4 bytes).
    Removing pit.o(.revsh_text), (4 bytes).
    Removing pwm.o(.rev16_text), (4 bytes).
    Removing pwm.o(.revsh_text), (4 bytes).
    Removing pwm.o(i.FTM_PWM_set_CnV), (24 bytes).
    Removing pwm.o(i.ftm_count_clean), (16 bytes).
    Removing pwm.o(i.ftm_count_get), (20 bytes).
    Removing pwm.o(i.ftm_count_init), (60 bytes).
    Removing pwm.o(i.ftm_count_mux), (232 bytes).
    Removing pwm.o(i.ftm_pwm_duty), (124 bytes).
    Removing pwm.o(i.ftm_pwm_freq), (120 bytes).
    Removing pwm.o(i.ftm_pwm_init), (300 bytes).
    Removing pwm.o(i.ftm_pwm_mux), (284 bytes).
    Removing pwm.o(.constdata), (24 bytes).
    Removing pwm.o(.data), (6 bytes).
    Removing upper.o(.rev16_text), (4 bytes).
    Removing upper.o(.revsh_text), (4 bytes).
    Removing upper.o(i.ANO_DT_Send_Data), (14 bytes).
    Removing upper.o(i.ANO_DT_Send_Senser), (372 bytes).
    Removing upper.o(i.ANO_DT_Send_Status), (316 bytes).
    Removing upper.o(i.Enable_Interrupt), (44 bytes).
    Removing upper.o(.data), (12 bytes).
    Removing adc.o(.rev16_text), (4 bytes).
    Removing adc.o(.revsh_text), (4 bytes).
    Removing adc.o(i.ADC_Ave), (52 bytes).
    Removing adc.o(i.ADC_Config), (96 bytes).
    Removing adc.o(i.ADC_Get), (60 bytes).
    Removing adc.o(i.ADC_Mid), (58 bytes).
    Removing kalman.o(i.kalman1_filter), (152 bytes).
    Removing kalman.o(i.kalman1_init), (32 bytes).
    Removing kalman.o(i.kalman2_filter), (510 bytes).
    Removing kalman.o(i.kalman2_init), (72 bytes).
    Removing kalman.o(.bss), (112 bytes).
    Removing flash.o(.rev16_text), (4 bytes).
    Removing flash.o(.revsh_text), (4 bytes).
    Removing flash.o(i.FLASH_GetSectorSize), (6 bytes).
    Removing iic.o(.rev16_text), (4 bytes).
    Removing iic.o(.revsh_text), (4 bytes).
    Removing my_mpu6050.o(.rev16_text), (4 bytes).
    Removing my_mpu6050.o(.revsh_text), (4 bytes).
    Removing my_mpu6050.o(i.MPU_Write_Len), (94 bytes).
    Removing startup_skeaz1284.o(HEAP), (0 bytes).
    Removing system_skeaz1284.o(.rev16_text), (4 bytes).
    Removing system_skeaz1284.o(.revsh_text), (4 bytes).
    Removing system_skeaz1284.o(i.SystemCoreClockUpdate), (180 bytes).
    Removing system_skeaz1284.o(.data), (4 bytes).
    Removing fadd.o(.text), (178 bytes).
    Removing fmul.o(.text), (122 bytes).
    Removing ffixi.o(.text), (50 bytes).
    Removing ffixui.o(.text), (40 bytes).

109 unused section(s) (total 6105 bytes) removed from the image.

==============================================================================

Image Symbol Table

    Local Symbols

    Symbol Name                              Value     Ov Type        Size  Object(Section)

    RESET                                    0x00000000   Section      192  startup_skeaz1284.o(RESET)
    ../clib/microlib/division.c              0x00000000   Number         0  idiv.o ABSOLUTE
    ../clib/microlib/division.c              0x00000000   Number         0  uidiv.o ABSOLUTE
    ../clib/microlib/division.c              0x00000000   Number         0  uldiv.o ABSOLUTE
    ../clib/microlib/init/entry.s            0x00000000   Number         0  entry7b.o ABSOLUTE
    ../clib/microlib/init/entry.s            0x00000000   Number         0  entry10b.o ABSOLUTE
    ../clib/microlib/init/entry.s            0x00000000   Number         0  entry.o ABSOLUTE
    ../clib/microlib/init/entry.s            0x00000000   Number         0  entry7a.o ABSOLUTE
    ../clib/microlib/init/entry.s            0x00000000   Number         0  entry8b.o ABSOLUTE
    ../clib/microlib/init/entry.s            0x00000000   Number         0  entry8a.o ABSOLUTE
    ../clib/microlib/init/entry.s            0x00000000   Number         0  entry5.o ABSOLUTE
    ../clib/microlib/init/entry.s            0x00000000   Number         0  entry2.o ABSOLUTE
    ../clib/microlib/init/entry.s            0x00000000   Number         0  entry9a.o ABSOLUTE
    ../clib/microlib/init/entry.s            0x00000000   Number         0  entry10a.o ABSOLUTE
    ../clib/microlib/init/entry.s            0x00000000   Number         0  entry9b.o ABSOLUTE
    ../clib/microlib/init/entry.s            0x00000000   Number         0  entry11b.o ABSOLUTE
    ../clib/microlib/init/entry.s            0x00000000   Number         0  entry11a.o ABSOLUTE
    ../clib/microlib/longlong.c              0x00000000   Number         0  llushr.o ABSOLUTE
    ../clib/microlib/longlong.c              0x00000000   Number         0  llsshr.o ABSOLUTE
    ../clib/microlib/longlong.c              0x00000000   Number         0  llshl.o ABSOLUTE
    ../clib/microlib/printf/printf.c         0x00000000   Number         0  printf0.o ABSOLUTE
    ../clib/microlib/printf/printf.c         0x00000000   Number         0  printf2.o ABSOLUTE
    ../clib/microlib/printf/printf.c         0x00000000   Number         0  printfb.o ABSOLUTE
    ../clib/microlib/printf/printf.c         0x00000000   Number         0  printf3.o ABSOLUTE
    ../clib/microlib/printf/printf.c         0x00000000   Number         0  printf4.o ABSOLUTE
    ../clib/microlib/printf/printf.c         0x00000000   Number         0  printf5.o ABSOLUTE
    ../clib/microlib/printf/printf.c         0x00000000   Number         0  printf6.o ABSOLUTE
    ../clib/microlib/printf/printf.c         0x00000000   Number         0  printf7.o ABSOLUTE
    ../clib/microlib/printf/printf.c         0x00000000   Number         0  printf8.o ABSOLUTE
    ../clib/microlib/printf/printf.c         0x00000000   Number         0  printfa.o ABSOLUTE
    ../clib/microlib/printf/printf.c         0x00000000   Number         0  printf1.o ABSOLUTE
    ../clib/microlib/printf/stubs.s          0x00000000   Number         0  stubs.o ABSOLUTE
    ../clib/microlib/stdio/streams.c         0x00000000   Number         0  stdout.o ABSOLUTE
    ../clib/microlib/string/memcpy.c         0x00000000   Number         0  memcpya.o ABSOLUTE
    ../clib/microlib/string/memcpy.c         0x00000000   Number         0  memcpyb.o ABSOLUTE
    ../clib/microlib/string/memset.c         0x00000000   Number         0  memseta.o ABSOLUTE
    ../clib/microlib/stubs.s                 0x00000000   Number         0  iusefp.o ABSOLUTE
    ../fplib/microlib/d2f.c                  0x00000000   Number         0  d2f.o ABSOLUTE
    ../fplib/microlib/f2d.c                  0x00000000   Number         0  f2d.o ABSOLUTE
    ../fplib/microlib/fpadd.c                0x00000000   Number         0  fadd.o ABSOLUTE
    ../fplib/microlib/fpadd.c                0x00000000   Number         0  dadd.o ABSOLUTE
    ../fplib/microlib/fpdiv.c                0x00000000   Number         0  ddiv.o ABSOLUTE
    ../fplib/microlib/fpdiv.c                0x00000000   Number         0  fdiv.o ABSOLUTE
    ../fplib/microlib/fpepilogue.c           0x00000000   Number         0  fepilogue.o ABSOLUTE
    ../fplib/microlib/fpepilogue.c           0x00000000   Number         0  depilogue.o ABSOLUTE
    ../fplib/microlib/fpfix.c                0x00000000   Number         0  ffixui.o ABSOLUTE
    ../fplib/microlib/fpfix.c                0x00000000   Number         0  dfixul.o ABSOLUTE
    ../fplib/microlib/fpfix.c                0x00000000   Number         0  ffixi.o ABSOLUTE
    ../fplib/microlib/fpflt.c                0x00000000   Number         0  dfltui.o ABSOLUTE
    ../fplib/microlib/fpflt.c                0x00000000   Number         0  dflti.o ABSOLUTE
    ../fplib/microlib/fpflt.c                0x00000000   Number         0  ffltui.o ABSOLUTE
    ../fplib/microlib/fpflt.c                0x00000000   Number         0  fflti.o ABSOLUTE
    ../fplib/microlib/fpmul.c                0x00000000   Number         0  dmul.o ABSOLUTE
    ../fplib/microlib/fpmul.c                0x00000000   Number         0  fmul.o ABSOLUTE
    ..\Drivers\My_MPU6050.c                  0x00000000   Number         0  my_mpu6050.o ABSOLUTE
    ..\Drivers\delay.c                       0x00000000   Number         0  delay.o ABSOLUTE
    ..\Drivers\gpio.c                        0x00000000   Number         0  gpio.o ABSOLUTE
    ..\Drivers\iic.c                         0x00000000   Number         0  iic.o ABSOLUTE
    ..\Drivers\kalman.c                      0x00000000   Number         0  kalman.o ABSOLUTE
    ..\Drivers\pwm.c                         0x00000000   Number         0  pwm.o ABSOLUTE
    ..\Drivers\uart.c                        0x00000000   Number         0  uart.o ABSOLUTE
    ..\Scr\AD.c                              0x00000000   Number         0  ad.o ABSOLUTE
    ..\Scr\Encoder.c                         0x00000000   Number         0  encoder.o ABSOLUTE
    ..\Scr\Init.c                            0x00000000   Number         0  init.o ABSOLUTE
    ..\Scr\LED&Buzzer.c                      0x00000000   Number         0  led&buzzer.o ABSOLUTE
    ..\Scr\adc.c                             0x00000000   Number         0  adc.o ABSOLUTE
    ..\Scr\control.c                         0x00000000   Number         0  control.o ABSOLUTE
    ..\Scr\data.c                            0x00000000   Number         0  data.o ABSOLUTE
    ..\Scr\flash.c                           0x00000000   Number         0  flash.o ABSOLUTE
    ..\Scr\key.c                             0x00000000   Number         0  key.o ABSOLUTE
    ..\Scr\main.c                            0x00000000   Number         0  main.o ABSOLUTE
    ..\Scr\motor.c                           0x00000000   Number         0  motor.o ABSOLUTE
    ..\Scr\oled.c                            0x00000000   Number         0  oled.o ABSOLUTE
    ..\Scr\pit.c                             0x00000000   Number         0  pit.o ABSOLUTE
    ..\Scr\ui.c                              0x00000000   Number         0  ui.o ABSOLUTE
    ..\Scr\upper.c                           0x00000000   Number         0  upper.o ABSOLUTE
    ..\\Drivers\\My_MPU6050.c                0x00000000   Number         0  my_mpu6050.o ABSOLUTE
    ..\\Drivers\\delay.c                     0x00000000   Number         0  delay.o ABSOLUTE
    ..\\Drivers\\gpio.c                      0x00000000   Number         0  gpio.o ABSOLUTE
    ..\\Drivers\\iic.c                       0x00000000   Number         0  iic.o ABSOLUTE
    ..\\Drivers\\pwm.c                       0x00000000   Number         0  pwm.o ABSOLUTE
    ..\\Drivers\\uart.c                      0x00000000   Number         0  uart.o ABSOLUTE
    ..\\Scr\\AD.c                            0x00000000   Number         0  ad.o ABSOLUTE
    ..\\Scr\\Encoder.c                       0x00000000   Number         0  encoder.o ABSOLUTE
    ..\\Scr\\Init.c                          0x00000000   Number         0  init.o ABSOLUTE
    ..\\Scr\\LED&Buzzer.c                    0x00000000   Number         0  led&buzzer.o ABSOLUTE
    ..\\Scr\\adc.c                           0x00000000   Number         0  adc.o ABSOLUTE
    ..\\Scr\\control.c                       0x00000000   Number         0  control.o ABSOLUTE
    ..\\Scr\\data.c                          0x00000000   Number         0  data.o ABSOLUTE
    ..\\Scr\\flash.c                         0x00000000   Number         0  flash.o ABSOLUTE
    ..\\Scr\\key.c                           0x00000000   Number         0  key.o ABSOLUTE
    ..\\Scr\\main.c                          0x00000000   Number         0  main.o ABSOLUTE
    ..\\Scr\\motor.c                         0x00000000   Number         0  motor.o ABSOLUTE
    ..\\Scr\\oled.c                          0x00000000   Number         0  oled.o ABSOLUTE
    ..\\Scr\\pit.c                           0x00000000   Number         0  pit.o ABSOLUTE
    ..\\Scr\\ui.c                            0x00000000   Number         0  ui.o ABSOLUTE
    ..\\Scr\\upper.c                         0x00000000   Number         0  upper.o ABSOLUTE
    RTE\Device\SKEAZ128xxx4\startup_SKEAZ1284.s 0x00000000   Number         0  startup_skeaz1284.o ABSOLUTE
    RTE\Device\SKEAZ128xxx4\system_SKEAZ1284.c 0x00000000   Number         0  system_skeaz1284.o ABSOLUTE
    RTE\\Device\\SKEAZ128xxx4\\system_SKEAZ1284.c 0x00000000   Number         0  system_skeaz1284.o ABSOLUTE
    cdrcmple.s                               0x00000000   Number         0  cdrcmple.o ABSOLUTE
    dc.s                                     0x00000000   Number         0  dc.o ABSOLUTE
    handlers.s                               0x00000000   Number         0  handlers.o ABSOLUTE
    init.s                                   0x00000000   Number         0  init.o ABSOLUTE
    .ARM.Collect$$$$00000000                 0x000000c0   Section        0  entry.o(.ARM.Collect$$$$00000000)
    .ARM.Collect$$$$00000001                 0x000000c0   Section        4  entry2.o(.ARM.Collect$$$$00000001)
    .ARM.Collect$$$$00000004                 0x000000c4   Section        4  entry5.o(.ARM.Collect$$$$00000004)
    .ARM.Collect$$$$00000008                 0x000000c8   Section        0  entry7b.o(.ARM.Collect$$$$00000008)
    .ARM.Collect$$$$0000000A                 0x000000c8   Section        0  entry8b.o(.ARM.Collect$$$$0000000A)
    .ARM.Collect$$$$0000000B                 0x000000c8   Section        8  entry9a.o(.ARM.Collect$$$$0000000B)
    .ARM.Collect$$$$0000000D                 0x000000d0   Section        0  entry10a.o(.ARM.Collect$$$$0000000D)
    .ARM.Collect$$$$0000000F                 0x000000d0   Section        0  entry11a.o(.ARM.Collect$$$$0000000F)
    .ARM.Collect$$$$00002712                 0x000000d0   Section        4  entry2.o(.ARM.Collect$$$$00002712)
    __lit__00000000                          0x000000d0   Data           4  entry2.o(.ARM.Collect$$$$00002712)
    .text                                    0x000000d4   Section       40  startup_skeaz1284.o(.text)
    .text                                    0x000000fc   Section        0  uidiv.o(.text)
    .text                                    0x00000128   Section        0  idiv.o(.text)
    .text                                    0x00000150   Section        0  memcpya.o(.text)
    .text                                    0x00000174   Section        0  memseta.o(.text)
    .text                                    0x00000198   Section        0  fdiv.o(.text)
    .text                                    0x00000214   Section        0  dadd.o(.text)
    .text                                    0x00000378   Section        0  fflti.o(.text)
    .text                                    0x0000038e   Section        0  ffltui.o(.text)
    .text                                    0x0000039c   Section        0  dflti.o(.text)
    .text                                    0x000003c4   Section        0  dfltui.o(.text)
    .text                                    0x000003e0   Section        0  llshl.o(.text)
    .ARM.__at_0x400                          0x00000400   Section       16  startup_skeaz1284.o(.ARM.__at_0x400)
    .text                                    0x00000410   Section        0  dmul.o(.text)
    .text                                    0x000004e0   Section        0  ddiv.o(.text)
    .text                                    0x000005d0   Section        0  f2d.o(.text)
    .text                                    0x000005f8   Section       40  cdrcmple.o(.text)
    .text                                    0x00000620   Section        0  d2f.o(.text)
    .text                                    0x00000658   Section        0  uldiv.o(.text)
    .text                                    0x000006b8   Section        0  llsshr.o(.text)
    .text                                    0x000006de   Section        0  fepilogue.o(.text)
    .text                                    0x000006de   Section        0  iusefp.o(.text)
    .text                                    0x00000760   Section        0  depilogue.o(.text)
    .text                                    0x00000820   Section        0  dfixul.o(.text)
    .text                                    0x00000860   Section       36  init.o(.text)
    .text                                    0x00000884   Section        0  llushr.o(.text)
    i.All_Init                               0x000008a8   Section        0  init.o(i.All_Init)
    i.Beep_ON                                0x000008fc   Section        0  led&buzzer.o(i.Beep_ON)
    i.Buzzer_Init                            0x0000091c   Section        0  led&buzzer.o(i.Buzzer_Init)
    i.Chang_State                            0x0000093c   Section        0  ui.o(i.Chang_State)
    i.Chang_Value                            0x00000a40   Section        0  ui.o(i.Chang_Value)
    i.CountDown                              0x00000c08   Section        0  ui.o(i.CountDown)
    i.Data_Init                              0x00000c5c   Section        0  data.o(i.Data_Init)
    i.Delay_ms                               0x00000c80   Section        0  delay.o(i.Delay_ms)
    i.Delay_us                               0x00000cb0   Section        0  delay.o(i.Delay_us)
    i.FLASH_EraseSector                      0x00000d04   Section        0  flash.o(i.FLASH_EraseSector)
    i.FLASH_Init                             0x00000d34   Section        0  flash.o(i.FLASH_Init)
    i.FLASH_WriteSector                      0x00000d68   Section        0  flash.o(i.FLASH_WriteSector)
    i.FlashCmdStart                          0x00000dd8   Section        0  flash.o(i.FlashCmdStart)
    i.Get_Key                                0x00000e14   Section        0  key.o(i.Get_Key)
    i.Judge_State                            0x00000fd0   Section        0  ui.o(i.Judge_State)
    i.Just_Do_It                             0x00001010   Section        0  control.o(i.Just_Do_It)
    i.KEY_Init                               0x000013b8   Section        0  key.o(i.KEY_Init)
    i.LED_Blue_ON                            0x00001488   Section        0  led&buzzer.o(i.LED_Blue_ON)
    i.LED_Green_ON                           0x000014a8   Section        0  led&buzzer.o(i.LED_Green_ON)
    i.LED_Indigo_ON                          0x000014c8   Section        0  led&buzzer.o(i.LED_Indigo_ON)
    i.LED_Init                               0x000014f8   Section        0  led&buzzer.o(i.LED_Init)
    i.LED_Orange_ON                          0x00001550   Section        0  led&buzzer.o(i.LED_Orange_ON)
    i.LED_Purple_ON                          0x0000157c   Section        0  led&buzzer.o(i.LED_Purple_ON)
    i.LED_Red_ON                             0x000015a8   Section        0  led&buzzer.o(i.LED_Red_ON)
    i.LED_White_ON                           0x000015c8   Section        0  led&buzzer.o(i.LED_White_ON)
    i.MPU_Get_Accelerometer                  0x00001604   Section        0  my_mpu6050.o(i.MPU_Get_Accelerometer)
    i.MPU_Get_Gyroscope                      0x00001652   Section        0  my_mpu6050.o(i.MPU_Get_Gyroscope)
    i.MPU_Get_Temperature                    0x000016a0   Section        0  my_mpu6050.o(i.MPU_Get_Temperature)
    i.MPU_IIC_Ack                            0x000016f4   Section        0  iic.o(i.MPU_IIC_Ack)
    i.MPU_IIC_Delay                          0x0000177c   Section        0  iic.o(i.MPU_IIC_Delay)
    i.MPU_IIC_Init                           0x00001788   Section        0  iic.o(i.MPU_IIC_Init)
    i.MPU_IIC_NAck                           0x000017c0   Section        0  iic.o(i.MPU_IIC_NAck)
    i.MPU_IIC_Read_Byte                      0x00001848   Section        0  iic.o(i.MPU_IIC_Read_Byte)
    i.MPU_IIC_Send_Byte                      0x000018e4   Section        0  iic.o(i.MPU_IIC_Send_Byte)
    i.MPU_IIC_Start                          0x000019a4   Section        0  iic.o(i.MPU_IIC_Start)
    i.MPU_IIC_Stop                           0x00001a2c   Section        0  iic.o(i.MPU_IIC_Stop)
    i.MPU_IIC_Wait_Ack                       0x00001ab4   Section        0  iic.o(i.MPU_IIC_Wait_Ack)
    i.MPU_Init                               0x00001b58   Section        0  my_mpu6050.o(i.MPU_Init)
    i.MPU_Read_Byte                          0x00001bd2   Section        0  my_mpu6050.o(i.MPU_Read_Byte)
    i.MPU_Read_Len                           0x00001c0c   Section        0  my_mpu6050.o(i.MPU_Read_Len)
    i.MPU_Set_Accel_Fsr                      0x00001c78   Section        0  my_mpu6050.o(i.MPU_Set_Accel_Fsr)
    i.MPU_Set_Gyro_Fsr                       0x00001c88   Section        0  my_mpu6050.o(i.MPU_Set_Gyro_Fsr)
    i.MPU_Set_LPF                            0x00001c98   Section        0  my_mpu6050.o(i.MPU_Set_LPF)
    i.MPU_Set_Rate                           0x00001cd2   Section        0  my_mpu6050.o(i.MPU_Set_Rate)
    i.MPU_Write_Byte                         0x00001d0e   Section        0  my_mpu6050.o(i.MPU_Write_Byte)
    i.NVIC_SetPriority                       0x00001d58   Section        0  pit.o(i.NVIC_SetPriority)
    NVIC_SetPriority                         0x00001d59   Thumb Code   110  pit.o(i.NVIC_SetPriority)
    i.OLED_Clear                             0x00001dd0   Section        0  oled.o(i.OLED_Clear)
    i.OLED_Display_Off                       0x00001dfc   Section        0  oled.o(i.OLED_Display_Off)
    i.OLED_Display_On                        0x00001e18   Section        0  oled.o(i.OLED_Display_On)
    i.OLED_DrawPoint                         0x00001e34   Section        0  oled.o(i.OLED_DrawPoint)
    i.OLED_Fill                              0x00001e9c   Section        0  oled.o(i.OLED_Fill)
    i.OLED_Init                              0x00001ecc   Section        0  oled.o(i.OLED_Init)
    i.OLED_Refresh_Gram                      0x0000205c   Section        0  oled.o(i.OLED_Refresh_Gram)
    i.OLED_Show_Char                         0x000020a8   Section        0  oled.o(i.OLED_Show_Char)
    i.OLED_Show_Char48_64                    0x000021a4   Section        0  oled.o(i.OLED_Show_Char48_64)
    i.OLED_Show_Str                          0x00002250   Section        0  oled.o(i.OLED_Show_Str)
    i.OLED_Show_StrAll                       0x0000228a   Section        0  oled.o(i.OLED_Show_StrAll)
    i.OLED_Show_ZH12_12                      0x000022dc   Section        0  oled.o(i.OLED_Show_ZH12_12)
    i.OLED_WR_Byte                           0x00002394   Section        0  oled.o(i.OLED_WR_Byte)
    i.PIT_CH0_IRQHandler                     0x00002428   Section        0  control.o(i.PIT_CH0_IRQHandler)
    i.PIT_CH1_IRQHandler                     0x0000246c   Section        0  pit.o(i.PIT_CH1_IRQHandler)
    i.PIT_Config                             0x00002480   Section        0  pit.o(i.PIT_Config)
    i.Send_Begin                             0x0000251c   Section        0  upper.o(i.Send_Begin)
    i.Send_Variable                          0x00002534   Section        0  upper.o(i.Send_Variable)
    i.Show_Plan                              0x000025a0   Section        0  ui.o(i.Show_Plan)
    i.SystemInit                             0x0000267c   Section        0  system_skeaz1284.o(i.SystemInit)
    i.UART_Init                              0x000026dc   Section        0  uart.o(i.UART_Init)
    i.UART_Send_Char                         0x00002828   Section        0  uart.o(i.UART_Send_Char)
    i.UI_Driver                              0x00002868   Section        0  ui.o(i.UI_Driver)
    i.UI_Go                                  0x00002a60   Section        0  ui.o(i.UI_Go)
    i.UI_MPU6050                             0x00002c78   Section        0  ui.o(i.UI_MPU6050)
    i.UI_Main                                0x00002d5c   Section        0  ui.o(i.UI_Main)
    i.UI_Plan                                0x00002fe4   Section        0  ui.o(i.UI_Plan)
    i.UI_Read_End                            0x0000392c   Section        0  ui.o(i.UI_Read_End)
    i.UI_Read_Ind                            0x000039d4   Section        0  ui.o(i.UI_Read_Ind)
    i.UI_Set                                 0x00003a94   Section        0  ui.o(i.UI_Set)
    i.Write_State                            0x00003d10   Section        0  ui.o(i.Write_State)
    i.Write_Value                            0x00003ed0   Section        0  ui.o(i.Write_Value)
    i.__0sprintf                             0x000042e0   Section        0  printfa.o(i.__0sprintf)
    i.__ARM_clz                              0x00004308   Section        0  depilogue.o(i.__ARM_clz)
    i.__ARM_common_switch8                   0x00004336   Section        0  ui.o(i.__ARM_common_switch8)
    i.__scatterload_copy                     0x00004352   Section       14  handlers.o(i.__scatterload_copy)
    i.__scatterload_null                     0x00004360   Section        2  handlers.o(i.__scatterload_null)
    i.__scatterload_zeroinit                 0x00004362   Section       14  handlers.o(i.__scatterload_zeroinit)
    i._fp_digits                             0x00004370   Section        0  printfa.o(i._fp_digits)
    _fp_digits                               0x00004371   Thumb Code   344  printfa.o(i._fp_digits)
    i._printf_core                           0x000044e4   Section        0  printfa.o(i._printf_core)
    _printf_core                             0x000044e5   Thumb Code  1754  printfa.o(i._printf_core)
    i._printf_post_padding                   0x00004bd0   Section        0  printfa.o(i._printf_post_padding)
    _printf_post_padding                     0x00004bd1   Thumb Code    32  printfa.o(i._printf_post_padding)
    i._printf_pre_padding                    0x00004bf0   Section        0  printfa.o(i._printf_pre_padding)
    _printf_pre_padding                      0x00004bf1   Thumb Code    44  printfa.o(i._printf_pre_padding)
    i._sputc                                 0x00004c1c   Section        0  printfa.o(i._sputc)
    _sputc                                   0x00004c1d   Thumb Code    10  printfa.o(i._sputc)
    i.main                                   0x00004c28   Section        0  main.o(i.main)
    i.my_putchar                             0x00004cc4   Section        0  upper.o(i.my_putchar)
    .constdata                               0x00004cd2   Section    64708  oled.o(.constdata)
    .constdata                               0x00014998   Section      300  ui.o(.constdata)
    .constdata                               0x00014ac4   Section       12  uart.o(.constdata)
    .data                                    0x1ffff000   Section        2  led&buzzer.o(.data)
    .data                                    0x1ffff002   Section        3  key.o(.data)
    Key_Keep                                 0x1ffff002   Data           2  key.o(.data)
    Key_Delay                                0x1ffff004   Data           1  key.o(.data)
    .data                                    0x1ffff006   Section       82  data.o(.data)
    .data                                    0x1ffff058   Section      104  control.o(.data)
    .data                                    0x1ffff0c0   Section       20  flash.o(.data)
    .bss                                     0x1ffff0d4   Section     2048  oled.o(.bss)
    .bss                                     0x1ffff8d4   Section      130  upper.o(.bss)
    .bss                                     0x1ffff956   Section      512  flash.o(.bss)
    STACK                                    0x1ffffb58   Section     4096  startup_skeaz1284.o(STACK)

    Global Symbols

    Symbol Name                              Value     Ov Type        Size  Object(Section)

    BuildAttributes$$THM_ISAv3M$S$PE$A:L22$X:L11$S22$IEEE1$IW$USESV6$~STKCKD$USESV7$~SHL$OTIME$ROPI$EBA8$MICROLIB$REQ8$PRES8$EABIv2 0x00000000   Number         0  anon$$obj.o ABSOLUTE
    __ARM_use_no_argv                        0x00000000   Number         0  main.o ABSOLUTE
    __Vectors                                0x00000000   Data           4  startup_skeaz1284.o(RESET)
    _printf_a                                0x00000000   Number         0  stubs.o ABSOLUTE
    _printf_c                                0x00000000   Number         0  stubs.o ABSOLUTE
    _printf_charcount                        0x00000000   Number         0  stubs.o ABSOLUTE
    _printf_d                                0x00000000   Number         0  stubs.o ABSOLUTE
    _printf_e                                0x00000000   Number         0  stubs.o ABSOLUTE
    _printf_f                                0x00000000   Number         0  stubs.o ABSOLUTE
    _printf_flags                            0x00000000   Number         0  stubs.o ABSOLUTE
    _printf_fp_dec                           0x00000000   Number         0  stubs.o ABSOLUTE
    _printf_fp_hex                           0x00000000   Number         0  stubs.o ABSOLUTE
    _printf_g                                0x00000000   Number         0  stubs.o ABSOLUTE
    _printf_i                                0x00000000   Number         0  stubs.o ABSOLUTE
    _printf_int_dec                          0x00000000   Number         0  stubs.o ABSOLUTE
    _printf_l                                0x00000000   Number         0  stubs.o ABSOLUTE
    _printf_lc                               0x00000000   Number         0  stubs.o ABSOLUTE
    _printf_ll                               0x00000000   Number         0  stubs.o ABSOLUTE
    _printf_lld                              0x00000000   Number         0  stubs.o ABSOLUTE
    _printf_lli                              0x00000000   Number         0  stubs.o ABSOLUTE
    _printf_llo                              0x00000000   Number         0  stubs.o ABSOLUTE
    _printf_llu                              0x00000000   Number         0  stubs.o ABSOLUTE
    _printf_llx                              0x00000000   Number         0  stubs.o ABSOLUTE
    _printf_longlong_dec                     0x00000000   Number         0  stubs.o ABSOLUTE
    _printf_longlong_hex                     0x00000000   Number         0  stubs.o ABSOLUTE
    _printf_longlong_oct                     0x00000000   Number         0  stubs.o ABSOLUTE
    _printf_ls                               0x00000000   Number         0  stubs.o ABSOLUTE
    _printf_mbtowc                           0x00000000   Number         0  stubs.o ABSOLUTE
    _printf_n                                0x00000000   Number         0  stubs.o ABSOLUTE
    _printf_o                                0x00000000   Number         0  stubs.o ABSOLUTE
    _printf_p                                0x00000000   Number         0  stubs.o ABSOLUTE
    _printf_percent                          0x00000000   Number         0  stubs.o ABSOLUTE
    _printf_pre_padding                      0x00000000   Number         0  stubs.o ABSOLUTE
    _printf_return_value                     0x00000000   Number         0  stubs.o ABSOLUTE
    _printf_s                                0x00000000   Number         0  stubs.o ABSOLUTE
    _printf_sizespec                         0x00000000   Number         0  stubs.o ABSOLUTE
    _printf_str                              0x00000000   Number         0  stubs.o ABSOLUTE
    _printf_truncate_signed                  0x00000000   Number         0  stubs.o ABSOLUTE
    _printf_truncate_unsigned                0x00000000   Number         0  stubs.o ABSOLUTE
    _printf_u                                0x00000000   Number         0  stubs.o ABSOLUTE
    _printf_wc                               0x00000000   Number         0  stubs.o ABSOLUTE
    _printf_wctomb                           0x00000000   Number         0  stubs.o ABSOLUTE
    _printf_widthprec                        0x00000000   Number         0  stubs.o ABSOLUTE
    _printf_x                                0x00000000   Number         0  stubs.o ABSOLUTE
    __cpp_initialize__aeabi_                  - Undefined Weak Reference
    __cxa_finalize                            - Undefined Weak Reference
    __decompress                              - Undefined Weak Reference
    _clock_init                               - Undefined Weak Reference
    _microlib_exit                            - Undefined Weak Reference
    __Vectors_End                            0x000000c0   Data           0  startup_skeaz1284.o(RESET)
    __Vectors_Size                           0x000000c0   Number         0  startup_skeaz1284.o ABSOLUTE
    __main                                   0x000000c1   Thumb Code     0  entry.o(.ARM.Collect$$$$00000000)
    _main_stk                                0x000000c1   Thumb Code     0  entry2.o(.ARM.Collect$$$$00000001)
    _main_scatterload                        0x000000c5   Thumb Code     0  entry5.o(.ARM.Collect$$$$00000004)
    __main_after_scatterload                 0x000000c9   Thumb Code     0  entry5.o(.ARM.Collect$$$$00000004)
    _main_clock                              0x000000c9   Thumb Code     0  entry7b.o(.ARM.Collect$$$$00000008)
    _main_cpp_init                           0x000000c9   Thumb Code     0  entry8b.o(.ARM.Collect$$$$0000000A)
    _main_init                               0x000000c9   Thumb Code     0  entry9a.o(.ARM.Collect$$$$0000000B)
    __rt_final_cpp                           0x000000d1   Thumb Code     0  entry10a.o(.ARM.Collect$$$$0000000D)
    __rt_final_exit                          0x000000d1   Thumb Code     0  entry11a.o(.ARM.Collect$$$$0000000F)
    init_data_bss                            0x000000d5   Thumb Code     2  startup_skeaz1284.o(.text)
    Reset_Handler                            0x000000d7   Thumb Code    12  startup_skeaz1284.o(.text)
    NMI_Handler                              0x000000e3   Thumb Code     2  startup_skeaz1284.o(.text)
    HardFault_Handler                        0x000000e5   Thumb Code     2  startup_skeaz1284.o(.text)
    SVC_Handler                              0x000000e7   Thumb Code     2  startup_skeaz1284.o(.text)
    PendSV_Handler                           0x000000e9   Thumb Code     2  startup_skeaz1284.o(.text)
    SysTick_Handler                          0x000000eb   Thumb Code     2  startup_skeaz1284.o(.text)
    ACMP0_IRQHandler                         0x000000ed   Thumb Code     0  startup_skeaz1284.o(.text)
    ACMP1_IRQHandler                         0x000000ed   Thumb Code     0  startup_skeaz1284.o(.text)
    ADC_IRQHandler                           0x000000ed   Thumb Code     0  startup_skeaz1284.o(.text)
    DefaultISR                               0x000000ed   Thumb Code     0  startup_skeaz1284.o(.text)
    FTM0_IRQHandler                          0x000000ed   Thumb Code     0  startup_skeaz1284.o(.text)
    FTM1_IRQHandler                          0x000000ed   Thumb Code     0  startup_skeaz1284.o(.text)
    FTM2_IRQHandler                          0x000000ed   Thumb Code     0  startup_skeaz1284.o(.text)
    FTMRE_IRQHandler                         0x000000ed   Thumb Code     0  startup_skeaz1284.o(.text)
    I2C0_IRQHandler                          0x000000ed   Thumb Code     0  startup_skeaz1284.o(.text)
    I2C1_IRQHandler                          0x000000ed   Thumb Code     0  startup_skeaz1284.o(.text)
    ICS_IRQHandler                           0x000000ed   Thumb Code     0  startup_skeaz1284.o(.text)
    IRQ_IRQHandler                           0x000000ed   Thumb Code     0  startup_skeaz1284.o(.text)
    KBI0_IRQHandler                          0x000000ed   Thumb Code     0  startup_skeaz1284.o(.text)
    KBI1_IRQHandler                          0x000000ed   Thumb Code     0  startup_skeaz1284.o(.text)
    MSCAN_RX_IRQHandler                      0x000000ed   Thumb Code     0  startup_skeaz1284.o(.text)
    MSCAN_TX_IRQHandler                      0x000000ed   Thumb Code     0  startup_skeaz1284.o(.text)
    PMC_IRQHandler                           0x000000ed   Thumb Code     0  startup_skeaz1284.o(.text)
    PWT_IRQHandler                           0x000000ed   Thumb Code     0  startup_skeaz1284.o(.text)
    RTC_IRQHandler                           0x000000ed   Thumb Code     0  startup_skeaz1284.o(.text)
    Reserved16_IRQHandler                    0x000000ed   Thumb Code     0  startup_skeaz1284.o(.text)
    Reserved17_IRQHandler                    0x000000ed   Thumb Code     0  startup_skeaz1284.o(.text)
    Reserved18_IRQHandler                    0x000000ed   Thumb Code     0  startup_skeaz1284.o(.text)
    Reserved19_IRQHandler                    0x000000ed   Thumb Code     0  startup_skeaz1284.o(.text)
    Reserved20_IRQHandler                    0x000000ed   Thumb Code     0  startup_skeaz1284.o(.text)
    Reserved42_IRQHandler                    0x000000ed   Thumb Code     0  startup_skeaz1284.o(.text)
    SPI0_IRQHandler                          0x000000ed   Thumb Code     0  startup_skeaz1284.o(.text)
    SPI1_IRQHandler                          0x000000ed   Thumb Code     0  startup_skeaz1284.o(.text)
    UART0_IRQHandler                         0x000000ed   Thumb Code     0  startup_skeaz1284.o(.text)
    UART1_IRQHandler                         0x000000ed   Thumb Code     0  startup_skeaz1284.o(.text)
    UART2_IRQHandler                         0x000000ed   Thumb Code     0  startup_skeaz1284.o(.text)
    WDOG_IRQHandler                          0x000000ed   Thumb Code     0  startup_skeaz1284.o(.text)
    __aeabi_uidiv                            0x000000fd   Thumb Code     0  uidiv.o(.text)
    __aeabi_uidivmod                         0x000000fd   Thumb Code    44  uidiv.o(.text)
    __aeabi_idiv                             0x00000129   Thumb Code     0  idiv.o(.text)
    __aeabi_idivmod                          0x00000129   Thumb Code    40  idiv.o(.text)
    __aeabi_memcpy                           0x00000151   Thumb Code    36  memcpya.o(.text)
    __aeabi_memcpy4                          0x00000151   Thumb Code     0  memcpya.o(.text)
    __aeabi_memcpy8                          0x00000151   Thumb Code     0  memcpya.o(.text)
    __aeabi_memset                           0x00000175   Thumb Code    14  memseta.o(.text)
    __aeabi_memset4                          0x00000175   Thumb Code     0  memseta.o(.text)
    __aeabi_memset8                          0x00000175   Thumb Code     0  memseta.o(.text)
    __aeabi_memclr                           0x00000183   Thumb Code     4  memseta.o(.text)
    __aeabi_memclr4                          0x00000183   Thumb Code     0  memseta.o(.text)
    __aeabi_memclr8                          0x00000183   Thumb Code     0  memseta.o(.text)
    _memset$wrapper                          0x00000187   Thumb Code    18  memseta.o(.text)
    __aeabi_fdiv                             0x00000199   Thumb Code   124  fdiv.o(.text)
    __aeabi_dadd                             0x00000215   Thumb Code   328  dadd.o(.text)
    __aeabi_dsub                             0x0000035d   Thumb Code    12  dadd.o(.text)
    __aeabi_drsub                            0x00000369   Thumb Code    12  dadd.o(.text)
    __aeabi_i2f                              0x00000379   Thumb Code    22  fflti.o(.text)
    __aeabi_ui2f                             0x0000038f   Thumb Code    14  ffltui.o(.text)
    __aeabi_i2d                              0x0000039d   Thumb Code    34  dflti.o(.text)
    __aeabi_ui2d                             0x000003c5   Thumb Code    24  dfltui.o(.text)
    __aeabi_llsl                             0x000003e1   Thumb Code    32  llshl.o(.text)
    _ll_shift_l                              0x000003e1   Thumb Code     0  llshl.o(.text)
    __aeabi_dmul                             0x00000411   Thumb Code   202  dmul.o(.text)
    __aeabi_ddiv                             0x000004e1   Thumb Code   234  ddiv.o(.text)
    __aeabi_f2d                              0x000005d1   Thumb Code    40  f2d.o(.text)
    __aeabi_cdrcmple                         0x000005f9   Thumb Code    38  cdrcmple.o(.text)
    __aeabi_d2f                              0x00000621   Thumb Code    56  d2f.o(.text)
    __aeabi_uldivmod                         0x00000659   Thumb Code    96  uldiv.o(.text)
    __aeabi_lasr                             0x000006b9   Thumb Code    38  llsshr.o(.text)
    _ll_sshift_r                             0x000006b9   Thumb Code     0  llsshr.o(.text)
    __I$use$fp                               0x000006df   Thumb Code     0  iusefp.o(.text)
    _float_round                             0x000006df   Thumb Code    16  fepilogue.o(.text)
    _float_epilogue                          0x000006ef   Thumb Code   114  fepilogue.o(.text)
    _double_round                            0x00000761   Thumb Code    26  depilogue.o(.text)
    _double_epilogue                         0x0000077b   Thumb Code   164  depilogue.o(.text)
    __aeabi_d2ulz                            0x00000821   Thumb Code    54  dfixul.o(.text)
    __scatterload                            0x00000861   Thumb Code    28  init.o(.text)
    __scatterload_rt2                        0x00000861   Thumb Code     0  init.o(.text)
    __aeabi_llsr                             0x00000885   Thumb Code    34  llushr.o(.text)
    _ll_ushift_r                             0x00000885   Thumb Code     0  llushr.o(.text)
    All_Init                                 0x000008a9   Thumb Code    80  init.o(i.All_Init)
    Beep_ON                                  0x000008fd   Thumb Code    24  led&buzzer.o(i.Beep_ON)
    Buzzer_Init                              0x0000091d   Thumb Code    28  led&buzzer.o(i.Buzzer_Init)
    Chang_State                              0x0000093d   Thumb Code   252  ui.o(i.Chang_State)
    Chang_Value                              0x00000a41   Thumb Code   426  ui.o(i.Chang_Value)
    CountDown                                0x00000c09   Thumb Code    80  ui.o(i.CountDown)
    Data_Init                                0x00000c5d   Thumb Code    30  data.o(i.Data_Init)
    Delay_ms                                 0x00000c81   Thumb Code    42  delay.o(i.Delay_ms)
    Delay_us                                 0x00000cb1   Thumb Code    84  delay.o(i.Delay_us)
    FLASH_EraseSector                        0x00000d05   Thumb Code    42  flash.o(i.FLASH_EraseSector)
    FLASH_Init                               0x00000d35   Thumb Code    44  flash.o(i.FLASH_Init)
    FLASH_WriteSector                        0x00000d69   Thumb Code   108  flash.o(i.FLASH_WriteSector)
    FlashCmdStart                            0x00000dd9   Thumb Code    46  flash.o(i.FlashCmdStart)
    Get_Key                                  0x00000e15   Thumb Code   426  key.o(i.Get_Key)
    Judge_State                              0x00000fd1   Thumb Code    50  ui.o(i.Judge_State)
    Just_Do_It                               0x00001011   Thumb Code   838  control.o(i.Just_Do_It)
    KEY_Init                                 0x000013b9   Thumb Code   200  key.o(i.KEY_Init)
    LED_Blue_ON                              0x00001489   Thumb Code    24  led&buzzer.o(i.LED_Blue_ON)
    LED_Green_ON                             0x000014a9   Thumb Code    24  led&buzzer.o(i.LED_Green_ON)
    LED_Indigo_ON                            0x000014c9   Thumb Code    38  led&buzzer.o(i.LED_Indigo_ON)
    LED_Init                                 0x000014f9   Thumb Code    82  led&buzzer.o(i.LED_Init)
    LED_Orange_ON                            0x00001551   Thumb Code    36  led&buzzer.o(i.LED_Orange_ON)
    LED_Purple_ON                            0x0000157d   Thumb Code    36  led&buzzer.o(i.LED_Purple_ON)
    LED_Red_ON                               0x000015a9   Thumb Code    22  led&buzzer.o(i.LED_Red_ON)
    LED_White_ON                             0x000015c9   Thumb Code    50  led&buzzer.o(i.LED_White_ON)
    MPU_Get_Accelerometer                    0x00001605   Thumb Code    78  my_mpu6050.o(i.MPU_Get_Accelerometer)
    MPU_Get_Gyroscope                        0x00001653   Thumb Code    78  my_mpu6050.o(i.MPU_Get_Gyroscope)
    MPU_Get_Temperature                      0x000016a1   Thumb Code    72  my_mpu6050.o(i.MPU_Get_Temperature)
    MPU_IIC_Ack                              0x000016f5   Thumb Code   132  iic.o(i.MPU_IIC_Ack)
    MPU_IIC_Delay                            0x0000177d   Thumb Code    10  iic.o(i.MPU_IIC_Delay)
    MPU_IIC_Init                             0x00001789   Thumb Code    50  iic.o(i.MPU_IIC_Init)
    MPU_IIC_NAck                             0x000017c1   Thumb Code   132  iic.o(i.MPU_IIC_NAck)
    MPU_IIC_Read_Byte                        0x00001849   Thumb Code   148  iic.o(i.MPU_IIC_Read_Byte)
    MPU_IIC_Send_Byte                        0x000018e5   Thumb Code   186  iic.o(i.MPU_IIC_Send_Byte)
    MPU_IIC_Start                            0x000019a5   Thumb Code   132  iic.o(i.MPU_IIC_Start)
    MPU_IIC_Stop                             0x00001a2d   Thumb Code   132  iic.o(i.MPU_IIC_Stop)
    MPU_IIC_Wait_Ack                         0x00001ab5   Thumb Code   154  iic.o(i.MPU_IIC_Wait_Ack)
    MPU_Init                                 0x00001b59   Thumb Code   122  my_mpu6050.o(i.MPU_Init)
    MPU_Read_Byte                            0x00001bd3   Thumb Code    58  my_mpu6050.o(i.MPU_Read_Byte)
    MPU_Read_Len                             0x00001c0d   Thumb Code   108  my_mpu6050.o(i.MPU_Read_Len)
    MPU_Set_Accel_Fsr                        0x00001c79   Thumb Code    16  my_mpu6050.o(i.MPU_Set_Accel_Fsr)
    MPU_Set_Gyro_Fsr                         0x00001c89   Thumb Code    16  my_mpu6050.o(i.MPU_Set_Gyro_Fsr)
    MPU_Set_LPF                              0x00001c99   Thumb Code    58  my_mpu6050.o(i.MPU_Set_LPF)
    MPU_Set_Rate                             0x00001cd3   Thumb Code    60  my_mpu6050.o(i.MPU_Set_Rate)
    MPU_Write_Byte                           0x00001d0f   Thumb Code    72  my_mpu6050.o(i.MPU_Write_Byte)
    OLED_Clear                               0x00001dd1   Thumb Code    38  oled.o(i.OLED_Clear)
    OLED_Display_Off                         0x00001dfd   Thumb Code    28  oled.o(i.OLED_Display_Off)
    OLED_Display_On                          0x00001e19   Thumb Code    28  oled.o(i.OLED_Display_On)
    OLED_DrawPoint                           0x00001e35   Thumb Code   100  oled.o(i.OLED_DrawPoint)
    OLED_Fill                                0x00001e9d   Thumb Code    46  oled.o(i.OLED_Fill)
    OLED_Init                                0x00001ecd   Thumb Code   394  oled.o(i.OLED_Init)
    OLED_Refresh_Gram                        0x0000205d   Thumb Code    70  oled.o(i.OLED_Refresh_Gram)
    OLED_Show_Char                           0x000020a9   Thumb Code   240  oled.o(i.OLED_Show_Char)
    OLED_Show_Char48_64                      0x000021a5   Thumb Code   160  oled.o(i.OLED_Show_Char48_64)
    OLED_Show_Str                            0x00002251   Thumb Code    58  oled.o(i.OLED_Show_Str)
    OLED_Show_StrAll                         0x0000228b   Thumb Code    82  oled.o(i.OLED_Show_StrAll)
    OLED_Show_ZH12_12                        0x000022dd   Thumb Code   170  oled.o(i.OLED_Show_ZH12_12)
    OLED_WR_Byte                             0x00002395   Thumb Code   144  oled.o(i.OLED_WR_Byte)
    PIT_CH0_IRQHandler                       0x00002429   Thumb Code    54  control.o(i.PIT_CH0_IRQHandler)
    PIT_CH1_IRQHandler                       0x0000246d   Thumb Code    14  pit.o(i.PIT_CH1_IRQHandler)
    PIT_Config                               0x00002481   Thumb Code   134  pit.o(i.PIT_Config)
    Send_Begin                               0x0000251d   Thumb Code    22  upper.o(i.Send_Begin)
    Send_Variable                            0x00002535   Thumb Code   102  upper.o(i.Send_Variable)
    Show_Plan                                0x000025a1   Thumb Code    96  ui.o(i.Show_Plan)
    SystemInit                               0x0000267d   Thumb Code    76  system_skeaz1284.o(i.SystemInit)
    UART_Init                                0x000026dd   Thumb Code   304  uart.o(i.UART_Init)
    UART_Send_Char                           0x00002829   Thumb Code    56  uart.o(i.UART_Send_Char)
    UI_Driver                                0x00002869   Thumb Code   500  ui.o(i.UI_Driver)
    UI_Go                                    0x00002a61   Thumb Code   466  ui.o(i.UI_Go)
    UI_MPU6050                               0x00002c79   Thumb Code   174  ui.o(i.UI_MPU6050)
    UI_Main                                  0x00002d5d   Thumb Code   564  ui.o(i.UI_Main)
    UI_Plan                                  0x00002fe5   Thumb Code  2354  ui.o(i.UI_Plan)
    UI_Read_End                              0x0000392d   Thumb Code   102  ui.o(i.UI_Read_End)
    UI_Read_Ind                              0x000039d5   Thumb Code   124  ui.o(i.UI_Read_Ind)
    UI_Set                                   0x00003a95   Thumb Code   630  ui.o(i.UI_Set)
    Write_State                              0x00003d11   Thumb Code   202  ui.o(i.Write_State)
    Write_Value                              0x00003ed1   Thumb Code   526  ui.o(i.Write_Value)
    __0sprintf                               0x000042e1   Thumb Code    36  printfa.o(i.__0sprintf)
    __1sprintf                               0x000042e1   Thumb Code     0  printfa.o(i.__0sprintf)
    __2sprintf                               0x000042e1   Thumb Code     0  printfa.o(i.__0sprintf)
    __c89sprintf                             0x000042e1   Thumb Code     0  printfa.o(i.__0sprintf)
    sprintf                                  0x000042e1   Thumb Code     0  printfa.o(i.__0sprintf)
    __ARM_clz                                0x00004309   Thumb Code    46  depilogue.o(i.__ARM_clz)
    __ARM_common_switch8                     0x00004337   Thumb Code    28  ui.o(i.__ARM_common_switch8)
    __scatterload_copy                       0x00004353   Thumb Code    14  handlers.o(i.__scatterload_copy)
    __scatterload_null                       0x00004361   Thumb Code     2  handlers.o(i.__scatterload_null)
    __scatterload_zeroinit                   0x00004363   Thumb Code    14  handlers.o(i.__scatterload_zeroinit)
    main                                     0x00004c29   Thumb Code   152  main.o(i.main)
    my_putchar                               0x00004cc5   Thumb Code    14  upper.o(i.my_putchar)
    FONT48x64_TAB                            0x00004cd2   Data           9  oled.o(.constdata)
    FONT24x32_TAB                            0x00004cdb   Data          15  oled.o(.constdata)
    FONT12x12_TAB                            0x00004cea   Data         120  oled.o(.constdata)
    FONT12x12                                0x00004d62   Data       46080  oled.o(.constdata)
    FONT48x64                                0x00010162   Data        3456  oled.o(.constdata)
    FONT24x32                                0x00010ee2   Data        8940  oled.o(.constdata)
    asc2_1206                                0x000131ce   Data        1140  oled.o(.constdata)
    asc2_1608                                0x00013642   Data        1520  oled.o(.constdata)
    asc2_2412                                0x00013c32   Data        3420  oled.o(.constdata)
    DCB2HEX_TAB                              0x0001498e   Data           8  oled.o(.constdata)
    UART_ARR                                 0x00014ac4   Data          12  uart.o(.constdata)
    Region$$Table$$Base                      0x00014ad0   Number         0  anon$$obj.o(Region$$Table)
    Region$$Table$$Limit                     0x00014af0   Number         0  anon$$obj.o(Region$$Table)
    BB_Times                                 0x1ffff000   Data           2  led&buzzer.o(.data)
    uint16_TMEP                              0x1ffff006   Data           2  data.o(.data)
    Plan1                                    0x1ffff008   Data          36  data.o(.data)
    Blue                                     0x1ffff02c   Data          36  data.o(.data)
    Add_L                                    0x1ffff050   Data           2  data.o(.data)
    Set_LED                                  0x1ffff052   Data           1  data.o(.data)
    Set_Beep                                 0x1ffff053   Data           1  data.o(.data)
    Bluetooth                                0x1ffff054   Data           1  data.o(.data)
    Value_End                                0x1ffff056   Data           2  data.o(.data)
    Angle_PWM                                0x1ffff058   Data           4  control.o(.data)
    Speed_PWM                                0x1ffff05c   Data           4  control.o(.data)
    Turn_PWM                                 0x1ffff060   Data           4  control.o(.data)
    L_Final_PWM                              0x1ffff064   Data           4  control.o(.data)
    R_Final_PWM                              0x1ffff068   Data           4  control.o(.data)
    Value_Inductor_L                         0x1ffff06c   Data           2  control.o(.data)
    Value_Inductor_R                         0x1ffff06e   Data           2  control.o(.data)
    Value_Ind_L_Old                          0x1ffff070   Data           2  control.o(.data)
    Value_Ind_R_Old                          0x1ffff072   Data           2  control.o(.data)
    Error_Ind                                0x1ffff074   Data           2  control.o(.data)
    Eroor_Ind_Old                            0x1ffff076   Data           2  control.o(.data)
    Value_End_L                              0x1ffff078   Data           2  control.o(.data)
    Value_End_R                              0x1ffff07a   Data           2  control.o(.data)
    Error_End                                0x1ffff07c   Data           2  control.o(.data)
    AlllastError                             0x1ffff080   Data           4  control.o(.data)
    SpeedOUT                                 0x1ffff084   Data           4  control.o(.data)
    End_Integral                             0x1ffff088   Data           4  control.o(.data)
    LR_Error                                 0x1ffff08c   Data           4  control.o(.data)
    Do_it                                    0x1ffff090   Data           1  control.o(.data)
    Huan_Count_Flag                          0x1ffff091   Data           1  control.o(.data)
    Huan_Count                               0x1ffff092   Data           2  control.o(.data)
    Yaw_Huan                                 0x1ffff094   Data           4  control.o(.data)
    Huan_Flag                                0x1ffff098   Data           1  control.o(.data)
    Run_Time_Flag                            0x1ffff099   Data           1  control.o(.data)
    Run_Time                                 0x1ffff09c   Data           4  control.o(.data)
    Run_Distance                             0x1ffff0a0   Data           4  control.o(.data)
    Stop_Flag                                0x1ffff0a4   Data           1  control.o(.data)
    CONTROL_Target_Angle                     0x1ffff0a6   Data           2  control.o(.data)
    CONTROL_Target_Speed                     0x1ffff0a8   Data           2  control.o(.data)
    CONTROL_AnglePID_P                       0x1ffff0aa   Data           2  control.o(.data)
    CONTROL_AnglePID_D                       0x1ffff0ac   Data           2  control.o(.data)
    CONTROL_SpeedPID_P                       0x1ffff0ae   Data           2  control.o(.data)
    CONTROL_SpeedPID_I                       0x1ffff0b0   Data           2  control.o(.data)
    CONTROL_TurnPID_P                        0x1ffff0b2   Data           2  control.o(.data)
    CONTROL_TurnPID_D                        0x1ffff0b4   Data           2  control.o(.data)
    CONTROL_Huan_Add                         0x1ffff0b6   Data           2  control.o(.data)
    temp_time                                0x1ffff0b8   Data           4  control.o(.data)
    temp_dis                                 0x1ffff0bc   Data           4  control.o(.data)
    ALL_DATA_Change                          0x1ffff0c0   Data           2  flash.o(.data)
    s_flash_command_run                      0x1ffff0c2   Data          14  flash.o(.data)
    s_flash_run_entry                        0x1ffff0d0   Data           4  flash.o(.data)
    OLED_GRAM                                0x1ffff0d4   Data        1024  oled.o(.bss)
    TEMP_OLED_GRAM                           0x1ffff4d4   Data        1024  oled.o(.bss)
    Variable                                 0x1ffff8d4   Data          80  upper.o(.bss)
    data_to_send                             0x1ffff924   Data          50  upper.o(.bss)
    ALL_DATA                                 0x1ffff956   Data         512  flash.o(.bss)
    __initial_sp                             0x20000b58   Data           0  startup_skeaz1284.o(STACK)



==============================================================================

Memory Map of the image

  Image Entry point : 0x000000c1

  Load Region LR_IROM1 (Base: 0x00000000, Size: 0x00014bc4, Max: 0x00020000, ABSOLUTE)

    Execution Region ER_IROM1 (Exec base: 0x00000000, Load base: 0x00000000, Size: 0x00014af0, Max: 0x00020000, ABSOLUTE)

    Exec Addr    Load Addr    Size         Type   Attr      Idx    E Section Name        Object

    0x00000000   0x00000000   0x000000c0   Data   RO         1292    RESET               startup_skeaz1284.o
    0x000000c0   0x000000c0   0x00000000   Code   RO         1338  * .ARM.Collect$$$$00000000  mc_p.l(entry.o)
    0x000000c0   0x000000c0   0x00000004   Code   RO         1642    .ARM.Collect$$$$00000001  mc_p.l(entry2.o)
    0x000000c4   0x000000c4   0x00000004   Code   RO         1645    .ARM.Collect$$$$00000004  mc_p.l(entry5.o)
    0x000000c8   0x000000c8   0x00000000   Code   RO         1647    .ARM.Collect$$$$00000008  mc_p.l(entry7b.o)
    0x000000c8   0x000000c8   0x00000000   Code   RO         1649    .ARM.Collect$$$$0000000A  mc_p.l(entry8b.o)
    0x000000c8   0x000000c8   0x00000008   Code   RO         1650    .ARM.Collect$$$$0000000B  mc_p.l(entry9a.o)
    0x000000d0   0x000000d0   0x00000000   Code   RO         1652    .ARM.Collect$$$$0000000D  mc_p.l(entry10a.o)
    0x000000d0   0x000000d0   0x00000000   Code   RO         1654    .ARM.Collect$$$$0000000F  mc_p.l(entry11a.o)
    0x000000d0   0x000000d0   0x00000004   Code   RO         1643    .ARM.Collect$$$$00002712  mc_p.l(entry2.o)
    0x000000d4   0x000000d4   0x00000028   Code   RO         1294    .text               startup_skeaz1284.o
    0x000000fc   0x000000fc   0x0000002c   Code   RO         1341    .text               mc_p.l(uidiv.o)
    0x00000128   0x00000128   0x00000028   Code   RO         1343    .text               mc_p.l(idiv.o)
    0x00000150   0x00000150   0x00000024   Code   RO         1345    .text               mc_p.l(memcpya.o)
    0x00000174   0x00000174   0x00000024   Code   RO         1347    .text               mc_p.l(memseta.o)
    0x00000198   0x00000198   0x0000007c   Code   RO         1616    .text               mf_p.l(fdiv.o)
    0x00000214   0x00000214   0x00000164   Code   RO         1618    .text               mf_p.l(dadd.o)
    0x00000378   0x00000378   0x00000016   Code   RO         1624    .text               mf_p.l(fflti.o)
    0x0000038e   0x0000038e   0x0000000e   Code   RO         1626    .text               mf_p.l(ffltui.o)
    0x0000039c   0x0000039c   0x00000028   Code   RO         1628    .text               mf_p.l(dflti.o)
    0x000003c4   0x000003c4   0x0000001c   Code   RO         1630    .text               mf_p.l(dfltui.o)
    0x000003e0   0x000003e0   0x00000020   Code   RO         1659    .text               mc_p.l(llshl.o)
    0x00000400   0x00000400   0x00000010   Code   RO         1293    .ARM.__at_0x400     startup_skeaz1284.o
    0x00000410   0x00000410   0x000000d0   Code   RO         1620    .text               mf_p.l(dmul.o)
    0x000004e0   0x000004e0   0x000000f0   Code   RO         1622    .text               mf_p.l(ddiv.o)
    0x000005d0   0x000005d0   0x00000028   Code   RO         1636    .text               mf_p.l(f2d.o)
    0x000005f8   0x000005f8   0x00000028   Code   RO         1638    .text               mf_p.l(cdrcmple.o)
    0x00000620   0x00000620   0x00000038   Code   RO         1640    .text               mf_p.l(d2f.o)
    0x00000658   0x00000658   0x00000060   Code   RO         1657    .text               mc_p.l(uldiv.o)
    0x000006b8   0x000006b8   0x00000026   Code   RO         1661    .text               mc_p.l(llsshr.o)
    0x000006de   0x000006de   0x00000000   Code   RO         1663    .text               mc_p.l(iusefp.o)
    0x000006de   0x000006de   0x00000082   Code   RO         1664    .text               mf_p.l(fepilogue.o)
    0x00000760   0x00000760   0x000000be   Code   RO         1666    .text               mf_p.l(depilogue.o)
    0x0000081e   0x0000081e   0x00000002   PAD
    0x00000820   0x00000820   0x00000040   Code   RO         1670    .text               mf_p.l(dfixul.o)
    0x00000860   0x00000860   0x00000024   Code   RO         1672    .text               mc_p.l(init.o)
    0x00000884   0x00000884   0x00000022   Code   RO         1674    .text               mc_p.l(llushr.o)
    0x000008a6   0x000008a6   0x00000002   PAD
    0x000008a8   0x000008a8   0x00000054   Code   RO          684    i.All_Init          init.o
    0x000008fc   0x000008fc   0x00000020   Code   RO          339    i.Beep_ON           led&buzzer.o
    0x0000091c   0x0000091c   0x00000020   Code   RO          340    i.Buzzer_Init       led&buzzer.o
    0x0000093c   0x0000093c   0x00000104   Code   RO          483    i.Chang_State       ui.o
    0x00000a40   0x00000a40   0x000001c8   Code   RO          484    i.Chang_Value       ui.o
    0x00000c08   0x00000c08   0x00000054   Code   RO          486    i.CountDown         ui.o
    0x00000c5c   0x00000c5c   0x00000024   Code   RO          450    i.Data_Init         data.o
    0x00000c80   0x00000c80   0x00000030   Code   RO          809    i.Delay_ms          delay.o
    0x00000cb0   0x00000cb0   0x00000054   Code   RO          810    i.Delay_us          delay.o
    0x00000d04   0x00000d04   0x00000030   Code   RO         1087    i.FLASH_EraseSector  flash.o
    0x00000d34   0x00000d34   0x00000034   Code   RO         1089    i.FLASH_Init        flash.o
    0x00000d68   0x00000d68   0x00000070   Code   RO         1090    i.FLASH_WriteSector  flash.o
    0x00000dd8   0x00000dd8   0x0000003c   Code   RO         1091    i.FlashCmdStart     flash.o
    0x00000e14   0x00000e14   0x000001bc   Code   RO          419    i.Get_Key           key.o
    0x00000fd0   0x00000fd0   0x00000040   Code   RO          487    i.Judge_State       ui.o
    0x00001010   0x00001010   0x000003a8   Code   RO          651    i.Just_Do_It        control.o
    0x000013b8   0x000013b8   0x000000d0   Code   RO          420    i.KEY_Init          key.o
    0x00001488   0x00001488   0x00000020   Code   RO          341    i.LED_Blue_ON       led&buzzer.o
    0x000014a8   0x000014a8   0x00000020   Code   RO          342    i.LED_Green_ON      led&buzzer.o
    0x000014c8   0x000014c8   0x00000030   Code   RO          343    i.LED_Indigo_ON     led&buzzer.o
    0x000014f8   0x000014f8   0x00000058   Code   RO          344    i.LED_Init          led&buzzer.o
    0x00001550   0x00001550   0x0000002c   Code   RO          345    i.LED_Orange_ON     led&buzzer.o
    0x0000157c   0x0000157c   0x0000002c   Code   RO          346    i.LED_Purple_ON     led&buzzer.o
    0x000015a8   0x000015a8   0x00000020   Code   RO          347    i.LED_Red_ON        led&buzzer.o
    0x000015c8   0x000015c8   0x0000003c   Code   RO          348    i.LED_White_ON      led&buzzer.o
    0x00001604   0x00001604   0x0000004e   Code   RO         1206    i.MPU_Get_Accelerometer  my_mpu6050.o
    0x00001652   0x00001652   0x0000004e   Code   RO         1207    i.MPU_Get_Gyroscope  my_mpu6050.o
    0x000016a0   0x000016a0   0x00000054   Code   RO         1208    i.MPU_Get_Temperature  my_mpu6050.o
    0x000016f4   0x000016f4   0x00000088   Code   RO         1138    i.MPU_IIC_Ack       iic.o
    0x0000177c   0x0000177c   0x0000000a   Code   RO         1139    i.MPU_IIC_Delay     iic.o
    0x00001786   0x00001786   0x00000002   PAD
    0x00001788   0x00001788   0x00000038   Code   RO         1140    i.MPU_IIC_Init      iic.o
    0x000017c0   0x000017c0   0x00000088   Code   RO         1141    i.MPU_IIC_NAck      iic.o
    0x00001848   0x00001848   0x0000009c   Code   RO         1142    i.MPU_IIC_Read_Byte  iic.o
    0x000018e4   0x000018e4   0x000000c0   Code   RO         1143    i.MPU_IIC_Send_Byte  iic.o
    0x000019a4   0x000019a4   0x00000088   Code   RO         1144    i.MPU_IIC_Start     iic.o
    0x00001a2c   0x00001a2c   0x00000088   Code   RO         1145    i.MPU_IIC_Stop      iic.o
    0x00001ab4   0x00001ab4   0x000000a4   Code   RO         1146    i.MPU_IIC_Wait_Ack  iic.o
    0x00001b58   0x00001b58   0x0000007a   Code   RO         1209    i.MPU_Init          my_mpu6050.o
    0x00001bd2   0x00001bd2   0x0000003a   Code   RO         1210    i.MPU_Read_Byte     my_mpu6050.o
    0x00001c0c   0x00001c0c   0x0000006c   Code   RO         1211    i.MPU_Read_Len      my_mpu6050.o
    0x00001c78   0x00001c78   0x00000010   Code   RO         1212    i.MPU_Set_Accel_Fsr  my_mpu6050.o
    0x00001c88   0x00001c88   0x00000010   Code   RO         1213    i.MPU_Set_Gyro_Fsr  my_mpu6050.o
    0x00001c98   0x00001c98   0x0000003a   Code   RO         1214    i.MPU_Set_LPF       my_mpu6050.o
    0x00001cd2   0x00001cd2   0x0000003c   Code   RO         1215    i.MPU_Set_Rate      my_mpu6050.o
    0x00001d0e   0x00001d0e   0x00000048   Code   RO         1216    i.MPU_Write_Byte    my_mpu6050.o
    0x00001d56   0x00001d56   0x00000002   PAD
    0x00001d58   0x00001d58   0x00000078   Code   RO          841    i.NVIC_SetPriority  pit.o
    0x00001dd0   0x00001dd0   0x0000002c   Code   RO          138    i.OLED_Clear        oled.o
    0x00001dfc   0x00001dfc   0x0000001c   Code   RO          139    i.OLED_Display_Off  oled.o
    0x00001e18   0x00001e18   0x0000001c   Code   RO          140    i.OLED_Display_On   oled.o
    0x00001e34   0x00001e34   0x00000068   Code   RO          141    i.OLED_DrawPoint    oled.o
    0x00001e9c   0x00001e9c   0x0000002e   Code   RO          142    i.OLED_Fill         oled.o
    0x00001eca   0x00001eca   0x00000002   PAD
    0x00001ecc   0x00001ecc   0x00000190   Code   RO          143    i.OLED_Init         oled.o
    0x0000205c   0x0000205c   0x0000004c   Code   RO          145    i.OLED_Refresh_Gram  oled.o
    0x000020a8   0x000020a8   0x000000fc   Code   RO          146    i.OLED_Show_Char    oled.o
    0x000021a4   0x000021a4   0x000000ac   Code   RO          148    i.OLED_Show_Char48_64  oled.o
    0x00002250   0x00002250   0x0000003a   Code   RO          152    i.OLED_Show_Str     oled.o
    0x0000228a   0x0000228a   0x00000052   Code   RO          153    i.OLED_Show_StrAll  oled.o
    0x000022dc   0x000022dc   0x000000b8   Code   RO          154    i.OLED_Show_ZH12_12  oled.o
    0x00002394   0x00002394   0x00000094   Code   RO          155    i.OLED_WR_Byte      oled.o
    0x00002428   0x00002428   0x00000044   Code   RO          652    i.PIT_CH0_IRQHandler  control.o
    0x0000246c   0x0000246c   0x00000014   Code   RO          842    i.PIT_CH1_IRQHandler  pit.o
    0x00002480   0x00002480   0x0000009c   Code   RO          843    i.PIT_Config        pit.o
    0x0000251c   0x0000251c   0x00000016   Code   RO          951    i.Send_Begin        upper.o
    0x00002532   0x00002532   0x00000002   PAD
    0x00002534   0x00002534   0x0000006c   Code   RO          952    i.Send_Variable     upper.o
    0x000025a0   0x000025a0   0x000000dc   Code   RO          488    i.Show_Plan         ui.o
    0x0000267c   0x0000267c   0x00000060   Code   RO         1303    i.SystemInit        system_skeaz1284.o
    0x000026dc   0x000026dc   0x0000014c   Code   RO          727    i.UART_Init         uart.o
    0x00002828   0x00002828   0x00000040   Code   RO          728    i.UART_Send_Char    uart.o
    0x00002868   0x00002868   0x000001f8   Code   RO          489    i.UI_Driver         ui.o
    0x00002a60   0x00002a60   0x00000218   Code   RO          490    i.UI_Go             ui.o
    0x00002c78   0x00002c78   0x000000e4   Code   RO          491    i.UI_MPU6050        ui.o
    0x00002d5c   0x00002d5c   0x00000288   Code   RO          492    i.UI_Main           ui.o
    0x00002fe4   0x00002fe4   0x00000948   Code   RO          493    i.UI_Plan           ui.o
    0x0000392c   0x0000392c   0x000000a8   Code   RO          494    i.UI_Read_End       ui.o
    0x000039d4   0x000039d4   0x000000c0   Code   RO          495    i.UI_Read_Ind       ui.o
    0x00003a94   0x00003a94   0x0000027c   Code   RO          496    i.UI_Set            ui.o
    0x00003d10   0x00003d10   0x000001c0   Code   RO          497    i.Write_State       ui.o
    0x00003ed0   0x00003ed0   0x00000410   Code   RO          498    i.Write_Value       ui.o
    0x000042e0   0x000042e0   0x00000028   Code   RO         1586    i.__0sprintf        mc_p.l(printfa.o)
    0x00004308   0x00004308   0x0000002e   Code   RO         1668    i.__ARM_clz         mf_p.l(depilogue.o)
    0x00004336   0x00004336   0x0000001c   Code   RO          592    i.__ARM_common_switch8  ui.o
    0x00004352   0x00004352   0x0000000e   Code   RO         1678    i.__scatterload_copy  mc_p.l(handlers.o)
    0x00004360   0x00004360   0x00000002   Code   RO         1679    i.__scatterload_null  mc_p.l(handlers.o)
    0x00004362   0x00004362   0x0000000e   Code   RO         1680    i.__scatterload_zeroinit  mc_p.l(handlers.o)
    0x00004370   0x00004370   0x00000174   Code   RO         1591    i._fp_digits        mc_p.l(printfa.o)
    0x000044e4   0x000044e4   0x000006ec   Code   RO         1592    i._printf_core      mc_p.l(printfa.o)
    0x00004bd0   0x00004bd0   0x00000020   Code   RO         1593    i._printf_post_padding  mc_p.l(printfa.o)
    0x00004bf0   0x00004bf0   0x0000002c   Code   RO         1594    i._printf_pre_padding  mc_p.l(printfa.o)
    0x00004c1c   0x00004c1c   0x0000000a   Code   RO         1596    i._sputc            mc_p.l(printfa.o)
    0x00004c26   0x00004c26   0x00000002   PAD
    0x00004c28   0x00004c28   0x0000009c   Code   RO            3    i.main              main.o
    0x00004cc4   0x00004cc4   0x0000000e   Code   RO          953    i.my_putchar        upper.o
    0x00004cd2   0x00004cd2   0x0000fcc4   Data   RO          158    .constdata          oled.o
    0x00014996   0x00014996   0x00000002   PAD
    0x00014998   0x00014998   0x0000012c   Data   RO          499    .constdata          ui.o
    0x00014ac4   0x00014ac4   0x0000000c   Data   RO          736    .constdata          uart.o
    0x00014ad0   0x00014ad0   0x00000020   Data   RO         1676    Region$$Table       anon$$obj.o


    Execution Region RW_IRAM1 (Exec base: 0x1ffff000, Load base: 0x00014af0, Size: 0x00001b58, Max: 0x00004000, ABSOLUTE)

    Exec Addr    Load Addr    Size         Type   Attr      Idx    E Section Name        Object

    0x1ffff000   0x00014af0   0x00000002   Data   RW          349    .data               led&buzzer.o
    0x1ffff002   0x00014af2   0x00000003   Data   RW          421    .data               key.o
    0x1ffff005   0x00014af5   0x00000001   PAD
    0x1ffff006   0x00014af6   0x00000052   Data   RW          452    .data               data.o
    0x1ffff058   0x00014b48   0x00000068   Data   RW          654    .data               control.o
    0x1ffff0c0   0x00014bb0   0x00000014   Data   RW         1093    .data               flash.o
    0x1ffff0d4        -       0x00000800   Zero   RW          157    .bss                oled.o
    0x1ffff8d4        -       0x00000082   Zero   RW          954    .bss                upper.o
    0x1ffff956        -       0x00000200   Zero   RW         1092    .bss                flash.o
    0x1ffffb56   0x00014bc4   0x00000002   PAD
    0x1ffffb58        -       0x00001000   Zero   RW         1290    STACK               startup_skeaz1284.o


==============================================================================

Image component sizes


      Code (inc. data)   RO Data    RW Data    ZI Data      Debug   Object Name

      1004        112          0        104          0       3802   control.o
        36          6          0         82          0       3159   data.o
       132          6          0          0          0       1190   delay.o
       272         32          0         20        512       3406   flash.o
         0          0          0          0          0     105492   gpio.o
      1122         46          0          0          0       4654   iic.o
        84          4          0          0          0        479   init.o
       652         26          0          3          0       1525   key.o
       444         80          0          2          0       4467   led&buzzer.o
       156          4          0          0          0     110619   main.o
       750         12          0          0          0       7165   my_mpu6050.o
      1622         64      64708          0       2048      14785   oled.o
       296         38          0          0          0       7474   pit.o
        56         30        192          0       4096        932   startup_skeaz1284.o
        96         20          0          0          0        509   system_skeaz1284.o
       396         36         12          0          0       2064   uart.o
      7888       1526        300          0          0      13812   ui.o
       144          6          0          0        130       2431   upper.o

    ----------------------------------------------------------------------
     15158       2048      65246        212       6788     287965   Object Totals
         0          0         32          0          0          0   (incl. Generated)
         8          0          2          1          2          0   (incl. Padding)

    ----------------------------------------------------------------------

      Code (inc. data)   RO Data    RW Data    ZI Data      Debug   Library Member Name

         0          0          0          0          0          0   entry.o
         0          0          0          0          0          0   entry10a.o
         0          0          0          0          0          0   entry11a.o
         8          4          0          0          0          0   entry2.o
         4          0          0          0          0          0   entry5.o
         0          0          0          0          0          0   entry7b.o
         0          0          0          0          0          0   entry8b.o
         8          4          0          0          0          0   entry9a.o
        30          0          0          0          0          0   handlers.o
        40          0          0          0          0         72   idiv.o
        36          8          0          0          0         68   init.o
         0          0          0          0          0          0   iusefp.o
        32          0          0          0          0         68   llshl.o
        38          0          0          0          0         68   llsshr.o
        34          0          0          0          0         68   llushr.o
        36          0          0          0          0         60   memcpya.o
        36          0          0          0          0        100   memseta.o
      2270         94          0          0          0        472   printfa.o
        44          0          0          0          0         72   uidiv.o
        96          0          0          0          0         84   uldiv.o
        40          2          0          0          0         68   cdrcmple.o
        56          0          0          0          0         68   d2f.o
       356          4          0          0          0        140   dadd.o
       240          6          0          0          0         84   ddiv.o
       236          0          0          0          0        216   depilogue.o
        64         10          0          0          0         68   dfixul.o
        40          6          0          0          0         68   dflti.o
        28          4          0          0          0         68   dfltui.o
       208          6          0          0          0         88   dmul.o
        40          0          0          0          0         60   f2d.o
       124          0          0          0          0         72   fdiv.o
       130          0          0          0          0        144   fepilogue.o
        22          0          0          0          0         68   fflti.o
        14          0          0          0          0         68   ffltui.o

    ----------------------------------------------------------------------
      4316        148          0          0          0       2412   Library Totals
         6          0          0          0          0          0   (incl. Padding)

    ----------------------------------------------------------------------

      Code (inc. data)   RO Data    RW Data    ZI Data      Debug   Library Name

      2712        110          0          0          0       1132   mc_p.l
      1598         38          0          0          0       1280   mf_p.l

    ----------------------------------------------------------------------
      4316        148          0          0          0       2412   Library Totals

    ----------------------------------------------------------------------

==============================================================================


      Code (inc. data)   RO Data    RW Data    ZI Data      Debug   

     19474       2196      65246        212       6788     285813   Grand Totals
     19474       2196      65246        212       6788     285813   ELF Image Totals
     19474       2196      65246        212          0          0   ROM Totals

==============================================================================

    Total RO  Size (Code + RO Data)                84720 (  82.73kB)
    Total RW  Size (RW Data + ZI Data)              7000 (   6.84kB)
    Total ROM Size (Code + RO Data + RW Data)      84932 (  82.94kB)

==============================================================================

