<html>
<body>
<pre>
<h1>礦ision Build Log</h1>
<h2>Tool Versions:</h2>
IDE-Version: μVision V5.24.2.86
Copyright (C) 2017 ARM Ltd and ARM Germany GmbH. All rights reserved.
License Information: Will Kang, Ingcom, LIC=IC9PC-7K3H5-KSPYM-XP2YQ-9KMDN-E8BAP
 
Tool Versions:
Toolchain:       MDK-ARM Professional  Version: 5.25.0.0
Toolchain Path:  C:\Keil_v5\ARM\ARMCC\Bin
C Compiler:      Armcc.exe V5.06 update 6 (build 750)
Assembler:       Armasm.exe V5.06 update 6 (build 750)
Linker/Locator:  ArmLink.exe V5.06 update 6 (build 750)
Library Manager: ArmAr.exe V5.06 update 6 (build 750)
Hex Converter:   FromElf.exe V5.06 update 6 (build 750)
CPU DLL:         SARMCM3.DLL V5.25.0.0
Dialog DLL:      DARMCM1.DLL V1.19.0.0
Target DLL:      Segger\JL2CM3.dll V2.99.28.0
Dialog DLL:      TARMCM1.DLL V1.14.0.0
 
<h2>Project:</h2>
E:\1000NXP0001\KEA\自身笔记\GitHub_KEA\KEA_Car\Code_H_IIC\MDK-ARM\NEW1.uvprojx
Project File Date:  04/03/2018

<h2>Output:</h2>
*** Using Compiler 'V5.06 update 6 (build 750)', folder: 'C:\Keil_v5\ARM\ARMCC\Bin'
Build target 'Target 1'
compiling iic_shu.c...
..\Drivers\My_MPU6050.h(55): warning:  #1295-D: Deprecated declaration mpu6050_ACCEL_X_data - give arg types
  extern int16_t mpu6050_ACCEL_X_data();
..\Drivers\My_MPU6050.h(63): warning:  #1295-D: Deprecated declaration mpu6050_TEMP_OUT_data - give arg types
  extern int16_t mpu6050_TEMP_OUT_data();
..\Drivers\My_MPU6050.h(65): warning:  #1-D: last line of file ends without a newline
  #endif  //__MK60_MPU6050_H__
..\Drivers\IIC_SHU\iic_shu.c(30): warning:  #186-D: pointless comparison of unsigned integer with zero
      if(I2C_No<0||I2C_No>1)//如果模块号错误则强制其为0
..\Drivers\IIC_SHU\iic_shu.c(232): warning:  #940-D: missing return statement at end of non-void function "i2c_readn" 
  }
..\Drivers\IIC_SHU\iic_shu.c(257): warning:  #940-D: missing return statement at end of non-void function "i2c_writen" 
  }
..\Drivers\IIC_SHU\iic_shu.c(266): warning:  #188-D: enumerated type mixed with another type
       NVIC_EnableIRQ(I2C_No+8);
..\Drivers\IIC_SHU\iic_shu.c(277): warning:  #188-D: enumerated type mixed with another type
       NVIC_DisableIRQ(I2C_No+8);
..\Drivers\IIC_SHU\iic_shu.c(292): warning:  #111-D: statement is unreachable
                        break;
..\Drivers\IIC_SHU\iic_shu.c(295): warning:  #111-D: statement is unreachable
                         break;
..\Drivers\IIC_SHU\iic_shu.c(297): warning:  #940-D: missing return statement at end of non-void function "i2c_get_base_address" 
  }
..\Drivers\IIC_SHU\iic_shu.c(370): warning:  #940-D: missing return statement at end of non-void function "wait" 
  }
..\Drivers\IIC_SHU\iic_shu.c(15): warning:  #177-D: variable "Num_flag"  was declared but never referenced
  static uint8_t Num_flag=0;
..\Drivers\IIC_SHU\iic_shu.c: 13 warnings, 0 errors
linking...
Program Size: Code=18500 RO-data=65264 RW-data=216 ZI-data=6792  
FromELF: creating hex file...
".\OBJ\NEW1.axf" - 0 Error(s), 13 Warning(s).

<h2>Software Packages used:</h2>

Package Vendor: ARM
                http://www.keil.com/pack/ARM.CMSIS.5.2.0.pack
                ARM.CMSIS.5.2.0
                CMSIS (Cortex Microcontroller Software Interface Standard)
   * Component: CORE Version: 5.0.2

Package Vendor: Keil
                http://www.keil.com/pack/Keil.Kinetis_KEAxx_DFP.1.3.0.pack
                Keil.Kinetis_KEAxx_DFP.1.3.0
                NXP Kinetis KEAxx Series Device Support and Examples
   * Component: Startup Version: 1.0.0

<h2>Collection of Component include folders:</h2>
  .\RTE\_Target_1
  C:\Keil_v5\ARM\PACK\ARM\CMSIS\5.2.0\CMSIS\Include
  C:\Keil_v5\ARM\PACK\Keil\Kinetis_KEAxx_DFP\1.3.0\Device\Include

<h2>Collection of Component Files used:</h2>

   * Component: Keil::Device:Startup:1.0.0
      Source file:   Device\Source\ARM\startup_SKEAZ1284.s
      Source file:   Device\Source\system_SKEAZ1284.c

   * Component: ARM::CMSIS:CORE:5.0.2
Build Time Elapsed:  00:00:02
</pre>
</body>
</html>
