Component: ARM Compiler 5.06 update 6 (build 750) Tool: armlink [4d35ed]

==============================================================================

Section Cross References

    main.o(i.main) refers to init.o(i.All_Init) for All_Init
    main.o(i.main) refers to ui.o(i.UI_Main) for UI_Main
    main.o(i.main) refers to ui.o(i.UI_Go) for UI_Go
    main.o(i.main) refers to ui.o(i.UI_Plan) for UI_Plan
    main.o(i.main) refers to ui.o(i.UI_Driver) for UI_Driver
    main.o(i.main) refers to ui.o(i.UI_Set) for UI_Set
    main.o(i.main) refers to ui.o(i.UI_MPU6050) for UI_MPU6050
    main.o(i.main) refers to ui.o(i.UI_Read_Ind) for UI_Read_Ind
    main.o(i.main) refers to ui.o(i.UI_Read_End) for UI_Read_End
    oled.o(i.OLED_Clear) refers to oled.o(.bss) for OLED_GRAM
    oled.o(i.OLED_Display_Off) refers to oled.o(i.OLED_WR_Byte) for OLED_WR_Byte
    oled.o(i.OLED_Display_On) refers to oled.o(i.OLED_WR_Byte) for OLED_WR_Byte
    oled.o(i.OLED_DrawPoint) refers to oled.o(.bss) for OLED_GRAM
    oled.o(i.OLED_Fill) refers to oled.o(i.OLED_DrawPoint) for OLED_DrawPoint
    oled.o(i.OLED_Init) refers to oled.o(i.OLED_WR_Byte) for OLED_WR_Byte
    oled.o(i.OLED_Init) refers to oled.o(i.OLED_Clear) for OLED_Clear
    oled.o(i.OLED_Refresh_Gram) refers to oled.o(i.OLED_WR_Byte) for OLED_WR_Byte
    oled.o(i.OLED_Refresh_Gram) refers to oled.o(.bss) for OLED_GRAM
    oled.o(i.OLED_Show_Char) refers to oled.o(i.OLED_DrawPoint) for OLED_DrawPoint
    oled.o(i.OLED_Show_Char) refers to oled.o(.constdata) for asc2_1206
    oled.o(i.OLED_Show_Char24_32) refers to oled.o(i.OLED_DrawPoint) for OLED_DrawPoint
    oled.o(i.OLED_Show_Char24_32) refers to oled.o(.constdata) for FONT24x32_TAB
    oled.o(i.OLED_Show_Char48_64) refers to oled.o(i.OLED_DrawPoint) for OLED_DrawPoint
    oled.o(i.OLED_Show_Char48_64) refers to oled.o(.constdata) for FONT48x64_TAB
    oled.o(i.OLED_Show_Num) refers to oled.o(i.mypow) for mypow
    oled.o(i.OLED_Show_Num) refers to uidiv.o(.text) for __aeabi_uidivmod
    oled.o(i.OLED_Show_Num) refers to oled.o(i.OLED_Show_Char) for OLED_Show_Char
    oled.o(i.OLED_Show_Pic) refers to oled.o(i.OLED_Show_PicLine) for OLED_Show_PicLine
    oled.o(i.OLED_Show_PicLine) refers to oled.o(i.OLED_DrawPoint) for OLED_DrawPoint
    oled.o(i.OLED_Show_PicLine) refers to oled.o(.constdata) for DCB2HEX_TAB
    oled.o(i.OLED_Show_Str) refers to oled.o(i.OLED_Show_Char) for OLED_Show_Char
    oled.o(i.OLED_Show_StrAll) refers to oled.o(i.OLED_Show_Char) for OLED_Show_Char
    oled.o(i.OLED_Show_StrAll) refers to oled.o(i.OLED_Show_ZH12_12) for OLED_Show_ZH12_12
    oled.o(i.OLED_Show_ZH12_12) refers to oled.o(i.OLED_DrawPoint) for OLED_DrawPoint
    oled.o(i.OLED_Show_ZH12_12) refers to oled.o(.constdata) for FONT12x12_TAB
    oled.o(i.OLED_Show_ZH14_16) refers to oled.o(i.OLED_DrawPoint) for OLED_DrawPoint
    oled.o(i.OLED_Show_ZH14_16) refers to oled.o(.constdata) for FONT24x32_TAB
    motor.o(i.Motor_Init) refers to pwm.o(i.ftm_pwm_init) for ftm_pwm_init
    motor.o(i.Motor_L_Back_V) refers to pwm.o(i.FTM_PWM_set_CnV) for FTM_PWM_set_CnV
    motor.o(i.Motor_L_Go_V) refers to pwm.o(i.FTM_PWM_set_CnV) for FTM_PWM_set_CnV
    motor.o(i.Motor_R_Back_V) refers to pwm.o(i.FTM_PWM_set_CnV) for FTM_PWM_set_CnV
    motor.o(i.Motor_R_Go_V) refers to pwm.o(i.FTM_PWM_set_CnV) for FTM_PWM_set_CnV
    motor.o(i.Motor_Set_Back_Speed) refers to pwm.o(i.FTM_PWM_set_CnV) for FTM_PWM_set_CnV
    motor.o(i.Motor_Set_Go_Speed) refers to pwm.o(i.FTM_PWM_set_CnV) for FTM_PWM_set_CnV
    led&buzzer.o(i.Beep_ON) refers to flash.o(.bss) for ALL_DATA
    led&buzzer.o(i.LED_Blue_ON) refers to flash.o(.bss) for ALL_DATA
    led&buzzer.o(i.LED_Green_ON) refers to flash.o(.bss) for ALL_DATA
    led&buzzer.o(i.LED_Indigo_ON) refers to flash.o(.bss) for ALL_DATA
    led&buzzer.o(i.LED_Orange_ON) refers to flash.o(.bss) for ALL_DATA
    led&buzzer.o(i.LED_Purple_ON) refers to flash.o(.bss) for ALL_DATA
    led&buzzer.o(i.LED_Red_ON) refers to flash.o(.bss) for ALL_DATA
    led&buzzer.o(i.LED_White_ON) refers to flash.o(.bss) for ALL_DATA
    key.o(i.Get_Key) refers to delay.o(i.Delay_ms) for Delay_ms
    key.o(i.Get_Key) refers to led&buzzer.o(i.Beep_ON) for Beep_ON
    key.o(i.Get_Key) refers to key.o(.data) for Key_Delay
    data.o(i.Data_Init) refers to flash.o(.bss) for ALL_DATA
    ui.o(i.Chang_State) refers to ui.o(i.Judge_State) for Judge_State
    ui.o(i.Chang_State) refers to oled.o(i.OLED_Show_Str) for OLED_Show_Str
    ui.o(i.Chang_State) refers to key.o(i.Get_Key) for Get_Key
    ui.o(i.Chang_State) refers to flash.o(i.FLASH_EraseSector) for FLASH_EraseSector
    ui.o(i.Chang_State) refers to flash.o(i.FLASH_WriteSector) for FLASH_WriteSector
    ui.o(i.Chang_State) refers to oled.o(i.OLED_Refresh_Gram) for OLED_Refresh_Gram
    ui.o(i.Chang_State) refers to flash.o(.data) for ALL_DATA_Change
    ui.o(i.Chang_State) refers to flash.o(.bss) for ALL_DATA
    ui.o(i.Chang_Value) refers to printfa.o(i.__0sprintf) for __2sprintf
[...]
    ../clib/microlib/init/entry.s            0x00000000   Number         0  entry5.o ABSOLUTE
    ../clib/microlib/init/entry.s            0x00000000   Number         0  entry2.o ABSOLUTE
    ../clib/microlib/init/entry.s            0x00000000   Number         0  entry.o ABSOLUTE
    ../clib/microlib/init/entry.s            0x00000000   Number         0  entry9b.o ABSOLUTE
    ../clib/microlib/init/entry.s            0x00000000   Number         0  entry11b.o ABSOLUTE
    ../clib/microlib/init/entry.s            0x00000000   Number         0  entry11a.o ABSOLUTE
    ../clib/microlib/init/entry.s            0x00000000   Number         0  entry7b.o ABSOLUTE
    ../clib/microlib/init/entry.s            0x00000000   Number         0  entry8a.o ABSOLUTE
    ../clib/microlib/init/entry.s            0x00000000   Number         0  entry8b.o ABSOLUTE
    ../clib/microlib/init/entry.s            0x00000000   Number         0  entry9a.o ABSOLUTE
    ../clib/microlib/init/entry.s            0x00000000   Number         0  entry10a.o ABSOLUTE
    ../clib/microlib/init/entry.s            0x00000000   Number         0  entry7a.o ABSOLUTE
    ../clib/microlib/longlong.c              0x00000000   Number         0  llsshr.o ABSOLUTE
    ../clib/microlib/longlong.c              0x00000000   Number         0  llshl.o ABSOLUTE
    ../clib/microlib/longlong.c              0x00000000   Number         0  llushr.o ABSOLUTE
    ../clib/microlib/printf/printf.c         0x00000000   Number         0  printf2.o ABSOLUTE
    ../clib/microlib/printf/printf.c         0x00000000   Number         0  printf1.o ABSOLUTE
    ../clib/microlib/printf/printf.c         0x00000000   Number         0  printf0.o ABSOLUTE
    ../clib/microlib/printf/printf.c         0x00000000   Number         0  printfb.o ABSOLUTE
    ../clib/microlib/printf/printf.c         0x00000000   Number         0  printf5.o ABSOLUTE
    ../clib/microlib/printf/printf.c         0x00000000   Number         0  printfa.o ABSOLUTE
    ../clib/microlib/printf/printf.c         0x00000000   Number         0  printf8.o ABSOLUTE
    ../clib/microlib/printf/printf.c         0x00000000   Number         0  printf7.o ABSOLUTE
    ../clib/microlib/printf/printf.c         0x00000000   Number         0  printf6.o ABSOLUTE
    ../clib/microlib/printf/printf.c         0x00000000   Number         0  printf4.o ABSOLUTE
    ../clib/microlib/printf/printf.c         0x00000000   Number         0  printf3.o ABSOLUTE
    ../clib/microlib/printf/stubs.s          0x00000000   Number         0  stubs.o ABSOLUTE
    ../clib/microlib/stdio/streams.c         0x00000000   Number         0  stdout.o ABSOLUTE
    ../clib/microlib/string/memcpy.c         0x00000000   Number         0  memcpya.o ABSOLUTE
    ../clib/microlib/string/memcpy.c         0x00000000   Number         0  memcpyb.o ABSOLUTE
    ../clib/microlib/string/memset.c         0x00000000   Number         0  memseta.o ABSOLUTE
    ../clib/microlib/stubs.s                 0x00000000   Number         0  iusefp.o ABSOLUTE
    ../fplib/microlib/d2f.c                  0x00000000   Number         0  d2f.o ABSOLUTE
    ../fplib/microlib/f2d.c                  0x00000000   Number         0  f2d.o ABSOLUTE
    ../fplib/microlib/fpadd.c                0x00000000   Number         0  fadd.o ABSOLUTE
    ../fplib/microlib/fpadd.c                0x00000000   Number         0  dadd.o ABSOLUTE
    ../fplib/microlib/fpdiv.c                0x00000000   Number         0  ddiv.o ABSOLUTE
    ../fplib/microlib/fpdiv.c                0x00000000   Number         0  fdiv.o ABSOLUTE
    ../fplib/microlib/fpepilogue.c           0x00000000   Number         0  depilogue.o ABSOLUTE
    ../fplib/microlib/fpepilogue.c           0x00000000   Number         0  fepilogue.o ABSOLUTE
    ../fplib/microlib/fpfix.c                0x00000000   Number         0  dfixul.o ABSOLUTE
    ../fplib/microlib/fpfix.c                0x00000000   Number         0  ffixi.o ABSOLUTE
    ../fplib/microlib/fpfix.c                0x00000000   Number         0  ffixui.o ABSOLUTE
    ../fplib/microlib/fpflt.c                0x00000000   Number         0  dflti.o ABSOLUTE
    ../fplib/microlib/fpflt.c                0x00000000   Number         0  ffltui.o ABSOLUTE
    ../fplib/microlib/fpflt.c                0x00000000   Number         0  fflti.o ABSOLUTE
    ../fplib/microlib/fpflt.c                0x00000000   Number         0  dfltui.o ABSOLUTE
    ../fplib/microlib/fpmul.c                0x00000000   Number         0  fmul.o ABSOLUTE
    ../fplib/microlib/fpmul.c                0x00000000   Number         0  dmul.o ABSOLUTE
    ../fplib/microlib/fpscalb.c              0x00000000   Number         0  dscalb.o ABSOLUTE
    ../fplib/microlib/fpsqrt.c               0x00000000   Number         0  dsqrt.o ABSOLUTE
    ../mathlib/asin.c                        0x00000000   Number         0  asin_x.o ABSOLUTE
    ../mathlib/asin.c                        0x00000000   Number         0  asin.o ABSOLUTE
    ../mathlib/atan.c                        0x00000000   Number         0  atan.o ABSOLUTE
    ../mathlib/atan.c                        0x00000000   Number         0  atan_x.o ABSOLUTE
    ../mathlib/atan2.c                       0x00000000   Number         0  atan2_x.o ABSOLUTE
    ../mathlib/atan2.c                       0x00000000   Number         0  atan2.o ABSOLUTE
    ../mathlib/dunder.c                      0x00000000   Number         0  dunder.o ABSOLUTE
    ../mathlib/fpclassify.c                  0x00000000   Number         0  fpclassify.o ABSOLUTE
    ../mathlib/poly.c                        0x00000000   Number         0  poly.o ABSOLUTE
    ../mathlib/qnan.c                        0x00000000   Number         0  qnan.o ABSOLUTE
    ../mathlib/sqrt.c                        0x00000000   Number         0  sqrt.o ABSOLUTE
    ../mathlib/sqrt.c                        0x00000000   Number         0  sqrt_x.o ABSOLUTE
    ..\Drivers\delay.c                       0x00000000   Number         0  delay.o ABSOLUTE
    ..\Drivers\gpio.c                        0x00000000   Number         0  gpio.o ABSOLUTE
    ..\Drivers\kalman.c                      0x00000000   Number         0  kalman.o ABSOLUTE
    ..\Drivers\pwm.c                         0x00000000   Number         0  pwm.o ABSOLUTE
    ..\Drivers\uart.c                        0x00000000   Number         0  uart.o ABSOLUTE
    ..\Scr\12.12_agine\MPU6050.c             0x00000000   Number         0  mpu6050.o ABSOLUTE
    ..\Scr\12.12_agine\My_I2C.c              0x00000000   Number         0  my_i2c.o ABSOLUTE
    ..\Scr\AD.c                              0x00000000   Number         0  ad.o ABSOLUTE
    ..\Scr\Encoder.c                         0x00000000   Number         0  encoder.o ABSOLUTE
    ..\Scr\Init.c                            0x00000000   Number         0  init.o ABSOLUTE
    ..\Scr\LED&Buzzer.c                      0x00000000   Number         0  led&buzzer.o ABSOLUTE
    ..\Scr\adc.c                             0x00000000   Number         0  adc.o ABSOLUTE
    ..\Scr\control.c                         0x00000000   Number         0  control.o ABSOLUTE
    ..\Scr\data.c                            0x00000000   Number         0  data.o ABSOLUTE
    ..\Scr\flash.c                           0x00000000   Number         0  flash.o ABSOLUTE
    ..\Scr\key.c                             0x00000000   Number         0  key.o ABSOLUTE
    ..\Scr\main.c                            0x00000000   Number         0  main.o ABSOLUTE
    ..\Scr\motor.c                           0x00000000   Number         0  motor.o ABSOLUTE
    ..\Scr\oled.c                            0x00000000   Number         0  oled.o ABSOLUTE
    ..\Scr\pit.c                             0x00000000   Number         0  pit.o ABSOLUTE
    ..\Scr\ui.c                              0x00000000   Number         0  ui.o ABSOLUTE
    ..\Scr\upper.c                           0x00000000   Number         0  upper.o ABSOLUTE
    ..\\Drivers\\delay.c                     0x00000000   Number         0  delay.o ABSOLUTE
    ..\\Drivers\\gpio.c                      0x00000000   Number         0  gpio.o ABSOLUTE
    ..\\Drivers\\pwm.c                       0x00000000   Number         0  pwm.o ABSOLUTE
    ..\\Drivers\\uart.c                      0x00000000   Number         0  uart.o ABSOLUTE
    ..\\Scr\\12.12_agine\\MPU6050.c          0x00000000   Number         0  mpu6050.o ABSOLUTE
    ..\\Scr\\12.12_agine\\My_I2C.c           0x00000000   Number         0  my_i2c.o ABSOLUTE
    ..\\Scr\\AD.c                            0x00000000   Number         0  ad.o ABSOLUTE
    ..\\Scr\\Encoder.c                       0x00000000   Number         0  encoder.o ABSOLUTE
    ..\\Scr\\Init.c                          0x00000000   Number         0  init.o ABSOLUTE
    ..\\Scr\\LED&Buzzer.c                    0x00000000   Number         0  led&buzzer.o ABSOLUTE
    ..\\Scr\\adc.c                           0x00000000   Number         0  adc.o ABSOLUTE
    ..\\Scr\\control.c                       0x00000000   Number         0  control.o ABSOLUTE
    ..\\Scr\\data.c                          0x00000000   Number         0  data.o ABSOLUTE
    ..\\Scr\\flash.c                         0x00000000   Number         0  flash.o ABSOLUTE
    ..\\Scr\\key.c                           0x00000000   Number         0  key.o ABSOLUTE
    ..\\Scr\\main.c                          0x00000000   Number         0  main.o ABSOLUTE
    ..\\Scr\\motor.c                         0x00000000   Number         0  motor.o ABSOLUTE
    ..\\Scr\\oled.c                          0x00000000   Number         0  oled.o ABSOLUTE
    ..\\Scr\\pit.c                           0x00000000   Number         0  pit.o ABSOLUTE
    ..\\Scr\\ui.c                            0x00000000   Number         0  ui.o ABSOLUTE
    ..\\Scr\\upper.c                         0x00000000   Number         0  upper.o ABSOLUTE
    RTE\Device\SKEAZ128xxx4\startup_SKEAZ1284.s 0x00000000   Number         0  startup_skeaz1284.o ABSOLUTE
    RTE\Device\SKEAZ128xxx4\system_SKEAZ1284.c 0x00000000   Number         0  system_skeaz1284.o ABSOLUTE
    RTE\\Device\\SKEAZ128xxx4\\system_SKEAZ1284.c 0x00000000   Number         0  system_skeaz1284.o ABSOLUTE
    cdcmple.s                                0x00000000   Number         0  cdcmple.o ABSOLUTE
    cdrcmple.s                               0x00000000   Number         0  cdrcmple.o ABSOLUTE
    cfcmple.s                                0x00000000   Number         0  cfcmple.o ABSOLUTE
    dc.s                                     0x00000000   Number         0  dc.o ABSOLUTE
    handlers.s                               0x00000000   Number         0  handlers.o ABSOLUTE
    init.s                                   0x00000000   Number         0  init.o ABSOLUTE
    .ARM.Collect$$$$00000000                 0x000000c0   Section        0  entry.o(.ARM.Collect$$$$00000000)
    .ARM.Collect$$$$00000001                 0x000000c0   Section        4  entry2.o(.ARM.Collect$$$$00000001)
    .ARM.Collect$$$$00000004                 0x000000c4   Section        4  entry5.o(.ARM.Collect$$$$00000004)
    .ARM.Collect$$$$00000008                 0x000000c8   Section        0  entry7b.o(.ARM.Collect$$$$00000008)
    .ARM.Collect$$$$0000000A                 0x000000c8   Section        0  entry8b.o(.ARM.Collect$$$$0000000A)
    .ARM.Collect$$$$0000000B                 0x000000c8   Section        8  entry9a.o(.ARM.Collect$$$$0000000B)
    .ARM.Collect$$$$0000000D                 0x000000d0   Section        0  entry10a.o(.ARM.Collect$$$$0000000D)
    .ARM.Collect$$$$0000000F                 0x000000d0   Section        0  entry11a.o(.ARM.Collect$$$$0000000F)
    .ARM.Collect$$$$00002712                 0x000000d0   Section        4  entry2.o(.ARM.Collect$$$$00002712)
    __lit__00000000                          0x000000d0   Data           4  entry2.o(.ARM.Collect$$$$00002712)
    .text                                    0x000000d4   Section       40  startup_skeaz1284.o(.text)
    .text                                    0x000000fc   Section        0  uidiv.o(.text)
    .text                                    0x00000128   Section        0  idiv.o(.text)
    .text                                    0x00000150   Section        0  memcpya.o(.text)
    .text                                    0x00000174   Section        0  memseta.o(.text)
    .text                                    0x00000198   Section        0  fadd.o(.text)
    .text                                    0x0000024a   Section        0  fmul.o(.text)
    .text                                    0x000002c4   Section        0  fdiv.o(.text)
    .text                                    0x00000340   Section        0  fflti.o(.text)
    .text                                    0x00000356   Section        0  ffltui.o(.text)
    .text                                    0x00000364   Section        0  dflti.o(.text)
    .text                                    0x0000038c   Section        0  dfltui.o(.text)
    .text                                    0x000003a8   Section        0  ffixi.o(.text)
    .text                                    0x000003dc   Section       20  cfcmple.o(.text)
    .text                                    0x000003f0   Section        0  iusefp.o(.text)
    i.SysTick_Handler                        0x000003f0   Section        0  delay.o(i.SysTick_Handler)
    i.__mathlib_dbl_infnan                   0x000003f2   Section        0  dunder.o(i.__mathlib_dbl_infnan)
    i.__scatterload_null                     0x000003fc   Section        2  handlers.o(i.__scatterload_null)
    .ARM.__at_0x400                          0x00000400   Section       16  startup_skeaz1284.o(.ARM.__at_0x400)
    .text                                    0x00000410   Section        0  dadd.o(.text)
    .text                                    0x00000574   Section        0  dmul.o(.text)
    .text                                    0x00000644   Section        0  ddiv.o(.text)
    .text                                    0x00000734   Section        0  ffixui.o(.text)
    .text                                    0x0000075c   Section        0  f2d.o(.text)
    .text                                    0x00000784   Section       40  cdrcmple.o(.text)
    .text                                    0x000007ac   Section        0  d2f.o(.text)
    .text                                    0x000007e4   Section        0  uldiv.o(.text)
    .text                                    0x00000844   Section        0  llshl.o(.text)
    .text                                    0x00000864   Section        0  llsshr.o(.text)
    .text                                    0x0000088a   Section        0  fepilogue.o(.text)
    .text                                    0x0000090c   Section        0  depilogue.o(.text)
    .text                                    0x000009ca   Section        0  dscalb.o(.text)
    .text                                    0x000009f6   Section        0  dsqrt.o(.text)
    .text                                    0x00000a98   Section        0  dfixul.o(.text)
    .text                                    0x00000ad8   Section       36  init.o(.text)
    .text                                    0x00000afc   Section        0  llushr.o(.text)
    .text                                    0x00000b1e   Section        0  __dczerorl2.o(.text)
    i.ADC_Ave                                0x00000b74   Section        0  adc.o(i.ADC_Ave)
    i.ADC_Config                             0x00000ba8   Section        0  adc.o(i.ADC_Config)
    i.ADC_Get                                0x00000c08   Section        0  adc.o(i.ADC_Get)
    i.ADC_Mid                                0x00000c44   Section        0  adc.o(i.ADC_Mid)
    i.AD_Init                                0x00000c7e   Section        0  ad.o(i.AD_Init)
    i.All_Init                               0x00000ca0   Section        0  init.o(i.All_Init)
    i.Beep_ON                                0x00000d6c   Section        0  led&buzzer.o(i.Beep_ON)
    i.Buzzer_Init                            0x00000d8c   Section        0  led&buzzer.o(i.Buzzer_Init)
    i.Chang_State                            0x00000dac   Section        0  ui.o(i.Chang_State)
    i.Chang_Value                            0x00000ebc   Section        0  ui.o(i.Chang_Value)
    i.CountDown                              0x00001070   Section        0  ui.o(i.CountDown)
    i.Data_Filter                            0x000010ec   Section        0  mpu6050.o(i.Data_Filter)
    i.Data_Init                              0x000012dc   Section        0  data.o(i.Data_Init)
    i.Delay_ms                               0x00001300   Section        0  delay.o(i.Delay_ms)
    i.Delay_us                               0x00001330   Section        0  delay.o(i.Delay_us)
    i.Encoder_Init                           0x00001384   Section        0  encoder.o(i.Encoder_Init)
    i.FLASH_EraseSector                      0x000013ec   Section        0  flash.o(i.FLASH_EraseSector)
    i.FLASH_Init                             0x0000141c   Section        0  flash.o(i.FLASH_Init)
    i.FLASH_WriteSector                      0x00001450   Section        0  flash.o(i.FLASH_WriteSector)
    i.FTM_PWM_set_CnV                        0x000014c0   Section        0  pwm.o(i.FTM_PWM_set_CnV)
    i.FlashCmdStart                          0x000014d8   Section        0  flash.o(i.FlashCmdStart)
    i.GetData                                0x00001514   Section        0  mpu6050.o(i.GetData)
    i.Get_Attitude                           0x0000153c   Section        0  mpu6050.o(i.Get_Attitude)
    i.Get_Ind_V                              0x0000160c   Section        0  ad.o(i.Get_Ind_V)
    i.Get_Key                                0x00001660   Section        0  key.o(i.Get_Key)
    i.I2C_SendACK                            0x00001870   Section        0  my_i2c.o(i.I2C_SendACK)
    i.IIC_init                               0x0000191c   Section        0  my_i2c.o(i.IIC_init)
    i.IIC_start                              0x00001954   Section        0  my_i2c.o(i.IIC_start)
    i.IIC_stop                               0x000019e0   Section        0  my_i2c.o(i.IIC_stop)
    i.IMUupdate                              0x00001a6c   Section        0  mpu6050.o(i.IMUupdate)
    i.Judge_State                            0x00001fbc   Section        0  ui.o(i.Judge_State)
    i.Just_Do_It                             0x00001ffc   Section        0  control.o(i.Just_Do_It)
    i.KEY_Init                               0x0000239c   Section        0  key.o(i.KEY_Init)
    i.LED_Blue_ON                            0x0000246c   Section        0  led&buzzer.o(i.LED_Blue_ON)
    i.LED_Green_ON                           0x0000248c   Section        0  led&buzzer.o(i.LED_Green_ON)
    i.LED_Indigo_ON                          0x000024ac   Section        0  led&buzzer.o(i.LED_Indigo_ON)
    i.LED_Init                               0x000024dc   Section        0  led&buzzer.o(i.LED_Init)
    i.LED_Orange_ON                          0x00002534   Section        0  led&buzzer.o(i.LED_Orange_ON)
    i.LED_Purple_ON                          0x00002560   Section        0  led&buzzer.o(i.LED_Purple_ON)
    i.LED_Red_ON                             0x0000258c   Section        0  led&buzzer.o(i.LED_Red_ON)
    i.LED_White_ON                           0x000025ac   Section        0  led&buzzer.o(i.LED_White_ON)
    i.MPU6050_GetData                        0x000025e8   Section        0  mpu6050.o(i.MPU6050_GetData)
    i.MPU6050_Init                           0x0000267c   Section        0  mpu6050.o(i.MPU6050_Init)
    i.MPU6050_Offset                         0x0000271c   Section        0  mpu6050.o(i.MPU6050_Offset)
    i.Motor_Init                             0x000027ac   Section        0  motor.o(i.Motor_Init)
    i.Motor_L_Back_V                         0x00002820   Section        0  motor.o(i.Motor_L_Back_V)
    i.Motor_L_Go_V                           0x0000283a   Section        0  motor.o(i.Motor_L_Go_V)
    i.Motor_R_Back_V                         0x00002854   Section        0  motor.o(i.Motor_R_Back_V)
    i.Motor_R_Go_V                           0x0000286e   Section        0  motor.o(i.Motor_R_Go_V)
    i.NVIC_SetPriority                       0x00002888   Section        0  pit.o(i.NVIC_SetPriority)
    NVIC_SetPriority                         0x00002889   Thumb Code   110  pit.o(i.NVIC_SetPriority)
    i.OLED_Clear                             0x00002900   Section        0  oled.o(i.OLED_Clear)
    i.OLED_Display_Off                       0x0000292c   Section        0  oled.o(i.OLED_Display_Off)
    i.OLED_Display_On                        0x00002948   Section        0  oled.o(i.OLED_Display_On)
    i.OLED_DrawPoint                         0x00002964   Section        0  oled.o(i.OLED_DrawPoint)
    i.OLED_Fill                              0x000029cc   Section        0  oled.o(i.OLED_Fill)
    i.OLED_Init                              0x000029fc   Section        0  oled.o(i.OLED_Init)
    i.OLED_Refresh_Gram                      0x00002b8c   Section        0  oled.o(i.OLED_Refresh_Gram)
    i.OLED_Show_Char                         0x00002bd8   Section        0  oled.o(i.OLED_Show_Char)
    i.OLED_Show_Char48_64                    0x00002cd4   Section        0  oled.o(i.OLED_Show_Char48_64)
    i.OLED_Show_Str                          0x00002d80   Section        0  oled.o(i.OLED_Show_Str)
    i.OLED_Show_StrAll                       0x00002dba   Section        0  oled.o(i.OLED_Show_StrAll)
    i.OLED_Show_ZH12_12                      0x00002e0c   Section        0  oled.o(i.OLED_Show_ZH12_12)
    i.OLED_WR_Byte                           0x00002ec4   Section        0  oled.o(i.OLED_WR_Byte)
    i.PIT_CH0_IRQHandler                     0x00002f58   Section        0  control.o(i.PIT_CH0_IRQHandler)
    i.PIT_CH1_IRQHandler                     0x00003494   Section        0  pit.o(i.PIT_CH1_IRQHandler)
    i.PIT_Config                             0x000034a8   Section        0  pit.o(i.PIT_Config)
    i.SCCB_WaitAck                           0x00003544   Section        0  my_i2c.o(i.SCCB_WaitAck)
    i.Send_Begin                             0x000035cc   Section        0  upper.o(i.Send_Begin)
    i.Send_Variable                          0x000035e4   Section        0  upper.o(i.Send_Variable)
    i.Show_Plan                              0x00003650   Section        0  ui.o(i.Show_Plan)
    i.SystemInit                             0x0000372c   Section        0  system_skeaz1284.o(i.SystemInit)
    i.UART_Init                              0x0000378c   Section        0  uart.o(i.UART_Init)
    i.UART_Send_Char                         0x000038d8   Section        0  uart.o(i.UART_Send_Char)
    i.UI_Driver                              0x00003918   Section        0  ui.o(i.UI_Driver)
    i.UI_Go                                  0x00003b10   Section        0  ui.o(i.UI_Go)
    i.UI_MPU6050                             0x00003d18   Section        0  ui.o(i.UI_MPU6050)
    i.UI_Main                                0x00003e04   Section        0  ui.o(i.UI_Main)
    i.UI_Plan                                0x0000408c   Section        0  ui.o(i.UI_Plan)
    i.UI_Read_End                            0x000049cc   Section        0  ui.o(i.UI_Read_End)
    i.UI_Read_Ind                            0x00004a74   Section        0  ui.o(i.UI_Read_Ind)
    i.UI_Set                                 0x00004bb4   Section        0  ui.o(i.UI_Set)
    i.Write_State                            0x00004e2c   Section        0  ui.o(i.Write_State)
    i.Write_Value                            0x00004fec   Section        0  ui.o(i.Write_Value)
    i.__0sprintf                             0x000053fc   Section        0  printfa.o(i.__0sprintf)
    i.__ARM_clz                              0x00005424   Section        0  depilogue.o(i.__ARM_clz)
    i.__ARM_common_switch8                   0x00005452   Section        0  ui.o(i.__ARM_common_switch8)
    i.__ARM_fpclassify                       0x00005470   Section        0  fpclassify.o(i.__ARM_fpclassify)
    i.__kernel_poly                          0x0000549c   Section        0  poly.o(i.__kernel_poly)
    i.__mathlib_dbl_infnan2                  0x00005548   Section        0  dunder.o(i.__mathlib_dbl_infnan2)
    i.__mathlib_dbl_invalid                  0x00005550   Section        0  dunder.o(i.__mathlib_dbl_invalid)
    i.__mathlib_dbl_underflow                0x00005560   Section        0  dunder.o(i.__mathlib_dbl_underflow)
    i.__scatterload_copy                     0x00005574   Section       14  handlers.o(i.__scatterload_copy)
    i.__scatterload_zeroinit                 0x00005582   Section       14  handlers.o(i.__scatterload_zeroinit)
    i.__set_errno                            0x00005590   Section        0  errno.o(i.__set_errno)
    i._fp_digits                             0x0000559c   Section        0  printfa.o(i._fp_digits)
    _fp_digits                               0x0000559d   Thumb Code   344  printfa.o(i._fp_digits)
    i._printf_core                           0x00005710   Section        0  printfa.o(i._printf_core)
    _printf_core                             0x00005711   Thumb Code  1754  printfa.o(i._printf_core)
    i._printf_post_padding                   0x00005dfc   Section        0  printfa.o(i._printf_post_padding)
    _printf_post_padding                     0x00005dfd   Thumb Code    32  printfa.o(i._printf_post_padding)
    i._printf_pre_padding                    0x00005e1c   Section        0  printfa.o(i._printf_pre_padding)
    _printf_pre_padding                      0x00005e1d   Thumb Code    44  printfa.o(i._printf_pre_padding)
    i._sputc                                 0x00005e48   Section        0  printfa.o(i._sputc)
    _sputc                                   0x00005e49   Thumb Code    10  printfa.o(i._sputc)
    i.asin                                   0x00005e54   Section        0  asin.o(i.asin)
    i.atan                                   0x000060c8   Section        0  atan.o(i.atan)
    i.atan2                                  0x000062e4   Section        0  atan2.o(i.atan2)
    i.ftm_count_clean                        0x0000645c   Section        0  pwm.o(i.ftm_count_clean)
    i.ftm_count_get                          0x0000646c   Section        0  pwm.o(i.ftm_count_get)
    i.ftm_count_init                         0x00006480   Section        0  pwm.o(i.ftm_count_init)
    i.ftm_count_mux                          0x000064bc   Section        0  pwm.o(i.ftm_count_mux)
    i.ftm_pwm_init                           0x000065a4   Section        0  pwm.o(i.ftm_pwm_init)
    i.ftm_pwm_mux                            0x000066cc   Section        0  pwm.o(i.ftm_pwm_mux)
    i.kalman1_filter                         0x000067e8   Section        0  kalman.o(i.kalman1_filter)
    i.kalman1_init                           0x00006880   Section        0  kalman.o(i.kalman1_init)
    i.main                                   0x000068a0   Section        0  main.o(i.main)
    i.my_putchar                             0x0000691a   Section        0  upper.o(i.my_putchar)
    i.read_ch                                0x00006928   Section        0  my_i2c.o(i.read_ch)
    i.send_ch                                0x000069cc   Section        0  my_i2c.o(i.send_ch)
    i.simiic_read_reg                        0x00006a98   Section        0  my_i2c.o(i.simiic_read_reg)
    i.simiic_write_reg                       0x00006ad8   Section        0  my_i2c.o(i.simiic_write_reg)
    i.sqrt                                   0x00006b00   Section        0  sqrt.o(i.sqrt)
    .constdata                               0x00006b48   Section    57008  oled.o(.constdata)
    .constdata                               0x000149f8   Section      300  ui.o(.constdata)
    .constdata                               0x00014b24   Section       12  uart.o(.constdata)
    .constdata                               0x00014b30   Section       24  pwm.o(.constdata)
    FTMX                                     0x00014b30   Data          12  pwm.o(.constdata)
    .constdata                               0x00014b48   Section       80  asin.o(.constdata)
    pS                                       0x00014b48   Data          48  asin.o(.constdata)
    qS                                       0x00014b78   Data          32  asin.o(.constdata)
    .constdata                               0x00014b98   Section      152  atan.o(.constdata)
    atanhi                                   0x00014b98   Data          32  atan.o(.constdata)
    atanlo                                   0x00014bb8   Data          32  atan.o(.constdata)
    aTodd                                    0x00014bd8   Data          40  atan.o(.constdata)
    aTeven                                   0x00014c00   Data          48  atan.o(.constdata)
    .constdata                               0x00014c30   Section        8  qnan.o(.constdata)
    .data                                    0x1ffff000   Section        3  key.o(.data)
    Key_Keep                                 0x1ffff000   Data           2  key.o(.data)
    Key_Delay                                0x1ffff002   Data           1  key.o(.data)
    .data                                    0x1ffff004   Section       82  data.o(.data)
    .data                                    0x1ffff058   Section       96  control.o(.data)
    .data                                    0x1ffff0b8   Section        6  pwm.o(.data)
    .data                                    0x1ffff0c0   Section      144  mpu6050.o(.data)
    ACC_X_BUF                                0x1ffff120   Data           8  mpu6050.o(.data)
    ACC_Y_BUF                                0x1ffff128   Data           8  mpu6050.o(.data)
    ACC_Z_BUF                                0x1ffff130   Data           8  mpu6050.o(.data)
    GYRO_X_BUF                               0x1ffff138   Data           8  mpu6050.o(.data)
    GYRO_Y_BUF                               0x1ffff140   Data           8  mpu6050.o(.data)
    GYRO_Z_BUF                               0x1ffff148   Data           8  mpu6050.o(.data)
    .data                                    0x1ffff150   Section       20  flash.o(.data)
    .data                                    0x1ffff164   Section        4  errno.o(.data)
    _errno                                   0x1ffff164   Data           4  errno.o(.data)
    .bss                                     0x1ffff168   Section     2048  oled.o(.bss)
    .bss                                     0x1ffff968   Section       24  control.o(.bss)
    .bss                                     0x1ffff980   Section      130  upper.o(.bss)
    .bss                                     0x1ffffa04   Section       60  mpu6050.o(.bss)
    .bss                                     0x1ffffa40   Section      112  kalman.o(.bss)
    .bss                                     0x1ffffab0   Section      512  flash.o(.bss)
    STACK                                    0x1ffffcb0   Section     4096  startup_skeaz1284.o(STACK)

    Global Symbols

    Symbol Name                              Value     Ov Type        Size  Object(Section)

    BuildAttributes$$THM_ISAv3M$S$PE$A:L22$X:L11$S22$IEEE1$IW$USESV6$~STKCKD$USESV7$~SHL$OTIME$ROPI$IEEEX$EBA8$MICROLIB$REQ8$PRES8$EABIv2 0x00000000   Number         0  anon$$obj.o ABSOLUTE
    __ARM_use_no_argv                        0x00000000   Number         0  main.o ABSOLUTE
    __Vectors                                0x00000000   Data           4  startup_skeaz1284.o(RESET)
    _printf_a                                0x00000000   Number         0  stubs.o ABSOLUTE
    _printf_c                                0x00000000   Number         0  stubs.o ABSOLUTE
    _printf_charcount                        0x00000000   Number         0  stubs.o ABSOLUTE
    _printf_d                                0x00000000   Number         0  stubs.o ABSOLUTE
    _printf_e                                0x00000000   Number         0  stubs.o ABSOLUTE
    _printf_f                                0x00000000   Number         0  stubs.o ABSOLUTE
    _printf_flags                            0x00000000   Number         0  stubs.o ABSOLUTE
    _printf_fp_dec                           0x00000000   Number         0  stubs.o ABSOLUTE
    _printf_fp_hex                           0x00000000   Number         0  stubs.o ABSOLUTE
    _printf_g                                0x00000000   Number         0  stubs.o ABSOLUTE
    _printf_i                                0x00000000   Number         0  stubs.o ABSOLUTE
    _printf_int_dec                          0x00000000   Number         0  stubs.o ABSOLUTE
    _printf_l                                0x00000000   Number         0  stubs.o ABSOLUTE
    _printf_lc                               0x00000000   Number         0  stubs.o ABSOLUTE
    _printf_ll                               0x00000000   Number         0  stubs.o ABSOLUTE
    _printf_lld                              0x00000000   Number         0  stubs.o ABSOLUTE
    _printf_lli                              0x00000000   Number         0  stubs.o ABSOLUTE
    _printf_llo                              0x00000000   Number         0  stubs.o ABSOLUTE
    _printf_llu                              0x00000000   Number         0  stubs.o ABSOLUTE
    _printf_llx                              0x00000000   Number         0  stubs.o ABSOLUTE
    _printf_longlong_dec                     0x00000000   Number         0  stubs.o ABSOLUTE
    _printf_longlong_hex                     0x00000000   Number         0  stubs.o ABSOLUTE
    _printf_longlong_oct                     0x00000000   Number         0  stubs.o ABSOLUTE
    _printf_ls                               0x00000000   Number         0  stubs.o ABSOLUTE
    _printf_mbtowc                           0x00000000   Number         0  stubs.o ABSOLUTE
    _printf_n                                0x00000000   Number         0  stubs.o ABSOLUTE
    _printf_o                                0x00000000   Number         0  stubs.o ABSOLUTE
    _printf_p                                0x00000000   Number         0  stubs.o ABSOLUTE
    _printf_percent                          0x00000000   Number         0  stubs.o ABSOLUTE
    _printf_pre_padding                      0x00000000   Number         0  stubs.o ABSOLUTE
    _printf_return_value                     0x00000000   Number         0  stubs.o ABSOLUTE
    _printf_s                                0x00000000   Number         0  stubs.o ABSOLUTE
    _printf_sizespec                         0x00000000   Number         0  stubs.o ABSOLUTE
    _printf_str                              0x00000000   Number         0  stubs.o ABSOLUTE
    _printf_truncate_signed                  0x00000000   Number         0  stubs.o ABSOLUTE
    _printf_truncate_unsigned                0x00000000   Number         0  stubs.o ABSOLUTE
    _printf_u                                0x00000000   Number         0  stubs.o ABSOLUTE
    _printf_wc                               0x00000000   Number         0  stubs.o ABSOLUTE
    _printf_wctomb                           0x00000000   Number         0  stubs.o ABSOLUTE
    _printf_widthprec                        0x00000000   Number         0  stubs.o ABSOLUTE
    _printf_x                                0x00000000   Number         0  stubs.o ABSOLUTE
    __cpp_initialize__aeabi_                  - Undefined Weak Reference
    __cxa_finalize                            - Undefined Weak Reference
    _clock_init                               - Undefined Weak Reference
    _microlib_exit                            - Undefined Weak Reference
    __Vectors_End                            0x000000c0   Data           0  startup_skeaz1284.o(RESET)
    __Vectors_Size                           0x000000c0   Number         0  startup_skeaz1284.o ABSOLUTE
    __main                                   0x000000c1   Thumb Code     0  entry.o(.ARM.Collect$$$$00000000)
    _main_stk                                0x000000c1   Thumb Code     0  entry2.o(.ARM.Collect$$$$00000001)
    _main_scatterload                        0x000000c5   Thumb Code     0  entry5.o(.ARM.Collect$$$$00000004)
    __main_after_scatterload                 0x000000c9   Thumb Code     0  entry5.o(.ARM.Collect$$$$00000004)
    _main_clock                              0x000000c9   Thumb Code     0  entry7b.o(.ARM.Collect$$$$00000008)
    _main_cpp_init                           0x000000c9   Thumb Code     0  entry8b.o(.ARM.Collect$$$$0000000A)
    _main_init                               0x000000c9   Thumb Code     0  entry9a.o(.ARM.Collect$$$$0000000B)
    __rt_final_cpp                           0x000000d1   Thumb Code     0  entry10a.o(.ARM.Collect$$$$0000000D)
    __rt_final_exit                          0x000000d1   Thumb Code     0  entry11a.o(.ARM.Collect$$$$0000000F)
    init_data_bss                            0x000000d5   Thumb Code     2  startup_skeaz1284.o(.text)
    Reset_Handler                            0x000000d7   Thumb Code    12  startup_skeaz1284.o(.text)
    NMI_Handler                              0x000000e3   Thumb Code     2  startup_skeaz1284.o(.text)
    HardFault_Handler                        0x000000e5   Thumb Code     2  startup_skeaz1284.o(.text)
    SVC_Handler                              0x000000e7   Thumb Code     2  startup_skeaz1284.o(.text)
    PendSV_Handler                           0x000000e9   Thumb Code     2  startup_skeaz1284.o(.text)
    ACMP0_IRQHandler                         0x000000ed   Thumb Code     0  startup_skeaz1284.o(.text)
    ACMP1_IRQHandler                         0x000000ed   Thumb Code     0  startup_skeaz1284.o(.text)
    ADC_IRQHandler                           0x000000ed   Thumb Code     0  startup_skeaz1284.o(.text)
    DefaultISR                               0x000000ed   Thumb Code     0  startup_skeaz1284.o(.text)
    FTM0_IRQHandler                          0x000000ed   Thumb Code     0  startup_skeaz1284.o(.text)
    FTM1_IRQHandler                          0x000000ed   Thumb Code     0  startup_skeaz1284.o(.text)
    FTM2_IRQHandler                          0x000000ed   Thumb Code     0  startup_skeaz1284.o(.text)
    FTMRE_IRQHandler                         0x000000ed   Thumb Code     0  startup_skeaz1284.o(.text)
    I2C0_IRQHandler                          0x000000ed   Thumb Code     0  startup_skeaz1284.o(.text)
    I2C1_IRQHandler                          0x000000ed   Thumb Code     0  startup_skeaz1284.o(.text)
    ICS_IRQHandler                           0x000000ed   Thumb Code     0  startup_skeaz1284.o(.text)
    IRQ_IRQHandler                           0x000000ed   Thumb Code     0  startup_skeaz1284.o(.text)
    KBI0_IRQHandler                          0x000000ed   Thumb Code     0  startup_skeaz1284.o(.text)
    KBI1_IRQHandler                          0x000000ed   Thumb Code     0  startup_skeaz1284.o(.text)
    MSCAN_RX_IRQHandler                      0x000000ed   Thumb Code     0  startup_skeaz1284.o(.text)
    MSCAN_TX_IRQHandler                      0x000000ed   Thumb Code     0  startup_skeaz1284.o(.text)
    PMC_IRQHandler                           0x000000ed   Thumb Code     0  startup_skeaz1284.o(.text)
    PWT_IRQHandler                           0x000000ed   Thumb Code     0  startup_skeaz1284.o(.text)
    RTC_IRQHandler                           0x000000ed   Thumb Code     0  startup_skeaz1284.o(.text)
    Reserved16_IRQHandler                    0x000000ed   Thumb Code     0  startup_skeaz1284.o(.text)
    Reserved17_IRQHandler                    0x000000ed   Thumb Code     0  startup_skeaz1284.o(.text)
    Reserved18_IRQHandler                    0x000000ed   Thumb Code     0  startup_skeaz1284.o(.text)
    Reserved19_IRQHandler                    0x000000ed   Thumb Code     0  startup_skeaz1284.o(.text)
    Reserved20_IRQHandler                    0x000000ed   Thumb Code     0  startup_skeaz1284.o(.text)
    Reserved42_IRQHandler                    0x000000ed   Thumb Code     0  startup_skeaz1284.o(.text)
    SPI0_IRQHandler                          0x000000ed   Thumb Code     0  startup_skeaz1284.o(.text)
    SPI1_IRQHandler                          0x000000ed   Thumb Code     0  startup_skeaz1284.o(.text)
    UART0_IRQHandler                         0x000000ed   Thumb Code     0  startup_skeaz1284.o(.text)
    UART1_IRQHandler                         0x000000ed   Thumb Code     0  startup_skeaz1284.o(.text)
    UART2_IRQHandler                         0x000000ed   Thumb Code     0  startup_skeaz1284.o(.text)
    WDOG_IRQHandler                          0x000000ed   Thumb Code     0  startup_skeaz1284.o(.text)
    __aeabi_uidiv                            0x000000fd   Thumb Code     0  uidiv.o(.text)
    __aeabi_uidivmod                         0x000000fd   Thumb Code    44  uidiv.o(.text)
    __aeabi_idiv                             0x00000129   Thumb Code     0  idiv.o(.text)
    __aeabi_idivmod                          0x00000129   Thumb Code    40  idiv.o(.text)
    __aeabi_memcpy                           0x00000151   Thumb Code    36  memcpya.o(.text)
    __aeabi_memcpy4                          0x00000151   Thumb Code     0  memcpya.o(.text)
    __aeabi_memcpy8                          0x00000151   Thumb Code     0  memcpya.o(.text)
    __aeabi_memset                           0x00000175   Thumb Code    14  memseta.o(.text)
    __aeabi_memset4                          0x00000175   Thumb Code     0  memseta.o(.text)
    __aeabi_memset8                          0x00000175   Thumb Code     0  memseta.o(.text)
    __aeabi_memclr                           0x00000183   Thumb Code     4  memseta.o(.text)
    __aeabi_memclr4                          0x00000183   Thumb Code     0  memseta.o(.text)
    __aeabi_memclr8                          0x00000183   Thumb Code     0  memseta.o(.text)
    _memset$wrapper                          0x00000187   Thumb Code    18  memseta.o(.text)
    __aeabi_fadd                             0x00000199   Thumb Code   162  fadd.o(.text)
    __aeabi_fsub                             0x0000023b   Thumb Code     8  fadd.o(.text)
    __aeabi_frsub                            0x00000243   Thumb Code     8  fadd.o(.text)
    __aeabi_fmul                             0x0000024b   Thumb Code   122  fmul.o(.text)
    __aeabi_fdiv                             0x000002c5   Thumb Code   124  fdiv.o(.text)
    __aeabi_i2f                              0x00000341   Thumb Code    22  fflti.o(.text)
    __aeabi_ui2f                             0x00000357   Thumb Code    14  ffltui.o(.text)
    __aeabi_i2d                              0x00000365   Thumb Code    34  dflti.o(.text)
    __aeabi_ui2d                             0x0000038d   Thumb Code    24  dfltui.o(.text)
    __aeabi_f2iz                             0x000003a9   Thumb Code    50  ffixi.o(.text)
    __aeabi_cfcmpeq                          0x000003dd   Thumb Code     0  cfcmple.o(.text)
    __aeabi_cfcmple                          0x000003dd   Thumb Code    20  cfcmple.o(.text)
    SysTick_Handler                          0x000003f1   Thumb Code     2  delay.o(i.SysTick_Handler)
    __I$use$fp                               0x000003f1   Thumb Code     0  iusefp.o(.text)
    __mathlib_dbl_infnan                     0x000003f3   Thumb Code    10  dunder.o(i.__mathlib_dbl_infnan)
    __scatterload_null                       0x000003fd   Thumb Code     2  handlers.o(i.__scatterload_null)
    __aeabi_dadd                             0x00000411   Thumb Code   328  dadd.o(.text)
    __aeabi_dsub                             0x00000559   Thumb Code    12  dadd.o(.text)
    __aeabi_drsub                            0x00000565   Thumb Code    12  dadd.o(.text)
    __aeabi_dmul                             0x00000575   Thumb Code   202  dmul.o(.text)
    __aeabi_ddiv                             0x00000645   Thumb Code   234  ddiv.o(.text)
    __aeabi_f2uiz                            0x00000735   Thumb Code    40  ffixui.o(.text)
    __aeabi_f2d                              0x0000075d   Thumb Code    40  f2d.o(.text)
    __aeabi_cdrcmple                         0x00000785   Thumb Code    38  cdrcmple.o(.text)
    __aeabi_d2f                              0x000007ad   Thumb Code    56  d2f.o(.text)
    __aeabi_uldivmod                         0x000007e5   Thumb Code    96  uldiv.o(.text)
    __aeabi_llsl                             0x00000845   Thumb Code    32  llshl.o(.text)
    _ll_shift_l                              0x00000845   Thumb Code     0  llshl.o(.text)
    __aeabi_lasr                             0x00000865   Thumb Code    38  llsshr.o(.text)
    _ll_sshift_r                             0x00000865   Thumb Code     0  llsshr.o(.text)
    _float_round                             0x0000088b   Thumb Code    16  fepilogue.o(.text)
    _float_epilogue                          0x0000089b   Thumb Code   114  fepilogue.o(.text)
    _double_round                            0x0000090d   Thumb Code    26  depilogue.o(.text)
    _double_epilogue                         0x00000927   Thumb Code   164  depilogue.o(.text)
    __ARM_scalbn                             0x000009cb   Thumb Code    44  dscalb.o(.text)
    scalbn                                   0x000009cb   Thumb Code     0  dscalb.o(.text)
    _dsqrt                                   0x000009f7   Thumb Code   162  dsqrt.o(.text)
    __aeabi_d2ulz                            0x00000a99   Thumb Code    54  dfixul.o(.text)
    __scatterload                            0x00000ad9   Thumb Code    28  init.o(.text)
    __scatterload_rt2                        0x00000ad9   Thumb Code     0  init.o(.text)
    __aeabi_llsr                             0x00000afd   Thumb Code    34  llushr.o(.text)
    _ll_ushift_r                             0x00000afd   Thumb Code     0  llushr.o(.text)
    __decompress                             0x00000b1f   Thumb Code     0  __dczerorl2.o(.text)
    __decompress1                            0x00000b1f   Thumb Code    86  __dczerorl2.o(.text)
    ADC_Ave                                  0x00000b75   Thumb Code    52  adc.o(i.ADC_Ave)
    ADC_Config                               0x00000ba9   Thumb Code    86  adc.o(i.ADC_Config)
    ADC_Get                                  0x00000c09   Thumb Code    54  adc.o(i.ADC_Get)
    ADC_Mid                                  0x00000c45   Thumb Code    58  adc.o(i.ADC_Mid)
    AD_Init                                  0x00000c7f   Thumb Code    34  ad.o(i.AD_Init)
    All_Init                                 0x00000ca1   Thumb Code   182  init.o(i.All_Init)
    Beep_ON                                  0x00000d6d   Thumb Code    24  led&buzzer.o(i.Beep_ON)
    Buzzer_Init                              0x00000d8d   Thumb Code    28  led&buzzer.o(i.Buzzer_Init)
    Chang_State                              0x00000dad   Thumb Code   264  ui.o(i.Chang_State)
    Chang_Value                              0x00000ebd   Thumb Code   406  ui.o(i.Chang_Value)
    CountDown                                0x00001071   Thumb Code   118  ui.o(i.CountDown)
    Data_Filter                              0x000010ed   Thumb Code   450  mpu6050.o(i.Data_Filter)
    Data_Init                                0x000012dd   Thumb Code    30  data.o(i.Data_Init)
    Delay_ms                                 0x00001301   Thumb Code    42  delay.o(i.Delay_ms)
    Delay_us                                 0x00001331   Thumb Code    84  delay.o(i.Delay_us)
    Encoder_Init                             0x00001385   Thumb Code    96  encoder.o(i.Encoder_Init)
    FLASH_EraseSector                        0x000013ed   Thumb Code    42  flash.o(i.FLASH_EraseSector)
    FLASH_Init                               0x0000141d   Thumb Code    44  flash.o(i.FLASH_Init)
    FLASH_WriteSector                        0x00001451   Thumb Code   108  flash.o(i.FLASH_WriteSector)
    FTM_PWM_set_CnV                          0x000014c1   Thumb Code    18  pwm.o(i.FTM_PWM_set_CnV)
    FlashCmdStart                            0x000014d9   Thumb Code    46  flash.o(i.FlashCmdStart)
    GetData                                  0x00001515   Thumb Code    38  mpu6050.o(i.GetData)
    Get_Attitude                             0x0000153d   Thumb Code   186  mpu6050.o(i.Get_Attitude)
    Get_Ind_V                                0x0000160d   Thumb Code    84  ad.o(i.Get_Ind_V)
    Get_Key                                  0x00001661   Thumb Code   516  key.o(i.Get_Key)
    I2C_SendACK                              0x00001871   Thumb Code   168  my_i2c.o(i.I2C_SendACK)
    IIC_init                                 0x0000191d   Thumb Code    50  my_i2c.o(i.IIC_init)
    IIC_start                                0x00001955   Thumb Code   136  my_i2c.o(i.IIC_start)
    IIC_stop                                 0x000019e1   Thumb Code   136  my_i2c.o(i.IIC_stop)
    IMUupdate                                0x00001a6d   Thumb Code  1324  mpu6050.o(i.IMUupdate)
    Judge_State                              0x00001fbd   Thumb Code    50  ui.o(i.Judge_State)
    Just_Do_It                               0x00001ffd   Thumb Code   822  control.o(i.Just_Do_It)
    KEY_Init                                 0x0000239d   Thumb Code   200  key.o(i.KEY_Init)
    LED_Blue_ON                              0x0000246d   Thumb Code    24  led&buzzer.o(i.LED_Blue_ON)
    LED_Green_ON                             0x0000248d   Thumb Code    24  led&buzzer.o(i.LED_Green_ON)
    LED_Indigo_ON                            0x000024ad   Thumb Code    38  led&buzzer.o(i.LED_Indigo_ON)
    LED_Init                                 0x000024dd   Thumb Code    82  led&buzzer.o(i.LED_Init)
    LED_Orange_ON                            0x00002535   Thumb Code    36  led&buzzer.o(i.LED_Orange_ON)
    LED_Purple_ON                            0x00002561   Thumb Code    36  led&buzzer.o(i.LED_Purple_ON)
    LED_Red_ON                               0x0000258d   Thumb Code    22  led&buzzer.o(i.LED_Red_ON)
    LED_White_ON                             0x000025ad   Thumb Code    50  led&buzzer.o(i.LED_White_ON)
    MPU6050_GetData                          0x000025e9   Thumb Code   138  mpu6050.o(i.MPU6050_GetData)
    MPU6050_Init                             0x0000267d   Thumb Code   158  mpu6050.o(i.MPU6050_Init)
    MPU6050_Offset                           0x0000271d   Thumb Code   128  mpu6050.o(i.MPU6050_Offset)
    Motor_Init                               0x000027ad   Thumb Code   106  motor.o(i.Motor_Init)
    Motor_L_Back_V                           0x00002821   Thumb Code    26  motor.o(i.Motor_L_Back_V)
    Motor_L_Go_V                             0x0000283b   Thumb Code    26  motor.o(i.Motor_L_Go_V)
    Motor_R_Back_V                           0x00002855   Thumb Code    26  motor.o(i.Motor_R_Back_V)
    Motor_R_Go_V                             0x0000286f   Thumb Code    26  motor.o(i.Motor_R_Go_V)
    OLED_Clear                               0x00002901   Thumb Code    38  oled.o(i.OLED_Clear)
    OLED_Display_Off                         0x0000292d   Thumb Code    28  oled.o(i.OLED_Display_Off)
    OLED_Display_On                          0x00002949   Thumb Code    28  oled.o(i.OLED_Display_On)
    OLED_DrawPoint                           0x00002965   Thumb Code   100  oled.o(i.OLED_DrawPoint)
    OLED_Fill                                0x000029cd   Thumb Code    46  oled.o(i.OLED_Fill)
    OLED_Init                                0x000029fd   Thumb Code   394  oled.o(i.OLED_Init)
    OLED_Refresh_Gram                        0x00002b8d   Thumb Code    70  oled.o(i.OLED_Refresh_Gram)
    OLED_Show_Char                           0x00002bd9   Thumb Code   240  oled.o(i.OLED_Show_Char)
    OLED_Show_Char48_64                      0x00002cd5   Thumb Code   160  oled.o(i.OLED_Show_Char48_64)
    OLED_Show_Str                            0x00002d81   Thumb Code    58  oled.o(i.OLED_Show_Str)
    OLED_Show_StrAll                         0x00002dbb   Thumb Code    82  oled.o(i.OLED_Show_StrAll)
    OLED_Show_ZH12_12                        0x00002e0d   Thumb Code   170  oled.o(i.OLED_Show_ZH12_12)
    OLED_WR_Byte                             0x00002ec5   Thumb Code   144  oled.o(i.OLED_WR_Byte)
    PIT_CH0_IRQHandler                       0x00002f59   Thumb Code  1326  control.o(i.PIT_CH0_IRQHandler)
    PIT_CH1_IRQHandler                       0x00003495   Thumb Code    14  pit.o(i.PIT_CH1_IRQHandler)
    PIT_Config                               0x000034a9   Thumb Code   134  pit.o(i.PIT_Config)
    SCCB_WaitAck                             0x00003545   Thumb Code   128  my_i2c.o(i.SCCB_WaitAck)
    Send_Begin                               0x000035cd   Thumb Code    22  upper.o(i.Send_Begin)
    Send_Variable                            0x000035e5   Thumb Code   102  upper.o(i.Send_Variable)
    Show_Plan                                0x00003651   Thumb Code    96  ui.o(i.Show_Plan)
    SystemInit                               0x0000372d   Thumb Code    76  system_skeaz1284.o(i.SystemInit)
    UART_Init                                0x0000378d   Thumb Code   304  uart.o(i.UART_Init)
    UART_Send_Char                           0x000038d9   Thumb Code    56  uart.o(i.UART_Send_Char)
    UI_Driver                                0x00003919   Thumb Code   500  ui.o(i.UI_Driver)
    UI_Go                                    0x00003b11   Thumb Code   450  ui.o(i.UI_Go)
    UI_MPU6050                               0x00003d19   Thumb Code   150  ui.o(i.UI_MPU6050)
    UI_Main                                  0x00003e05   Thumb Code   564  ui.o(i.UI_Main)
    UI_Plan                                  0x0000408d   Thumb Code  2346  ui.o(i.UI_Plan)
    UI_Read_End                              0x000049cd   Thumb Code   102  ui.o(i.UI_Read_End)
    UI_Read_Ind                              0x00004a75   Thumb Code   214  ui.o(i.UI_Read_Ind)
    UI_Set                                   0x00004bb5   Thumb Code   626  ui.o(i.UI_Set)
    Write_State                              0x00004e2d   Thumb Code   204  ui.o(i.Write_State)
    Write_Value                              0x00004fed   Thumb Code   526  ui.o(i.Write_Value)
    __0sprintf                               0x000053fd   Thumb Code    36  printfa.o(i.__0sprintf)
    __1sprintf                               0x000053fd   Thumb Code     0  printfa.o(i.__0sprintf)
    __2sprintf                               0x000053fd   Thumb Code     0  printfa.o(i.__0sprintf)
    __c89sprintf                             0x000053fd   Thumb Code     0  printfa.o(i.__0sprintf)
    sprintf                                  0x000053fd   Thumb Code     0  printfa.o(i.__0sprintf)
    __ARM_clz                                0x00005425   Thumb Code    46  depilogue.o(i.__ARM_clz)
    __ARM_common_switch8                     0x00005453   Thumb Code    28  ui.o(i.__ARM_common_switch8)
    __ARM_fpclassify                         0x00005471   Thumb Code    40  fpclassify.o(i.__ARM_fpclassify)
    __kernel_poly                            0x0000549d   Thumb Code   172  poly.o(i.__kernel_poly)
    __mathlib_dbl_infnan2                    0x00005549   Thumb Code     8  dunder.o(i.__mathlib_dbl_infnan2)
    __mathlib_dbl_invalid                    0x00005551   Thumb Code    16  dunder.o(i.__mathlib_dbl_invalid)
    __mathlib_dbl_underflow                  0x00005561   Thumb Code    14  dunder.o(i.__mathlib_dbl_underflow)
    __scatterload_copy                       0x00005575   Thumb Code    14  handlers.o(i.__scatterload_copy)
    __scatterload_zeroinit                   0x00005583   Thumb Code    14  handlers.o(i.__scatterload_zeroinit)
    __set_errno                              0x00005591   Thumb Code     6  errno.o(i.__set_errno)
    asin                                     0x00005e55   Thumb Code   574  asin.o(i.asin)
    atan                                     0x000060c9   Thumb Code   472  atan.o(i.atan)
    atan2                                    0x000062e5   Thumb Code   334  atan2.o(i.atan2)
    ftm_count_clean                          0x0000645d   Thumb Code    12  pwm.o(i.ftm_count_clean)
    ftm_count_get                            0x0000646d   Thumb Code    14  pwm.o(i.ftm_count_get)
    ftm_count_init                           0x00006481   Thumb Code    54  pwm.o(i.ftm_count_init)
    ftm_count_mux                            0x000064bd   Thumb Code   220  pwm.o(i.ftm_count_mux)
    ftm_pwm_init                             0x000065a5   Thumb Code   278  pwm.o(i.ftm_pwm_init)
    ftm_pwm_mux                              0x000066cd   Thumb Code   278  pwm.o(i.ftm_pwm_mux)
    kalman1_filter                           0x000067e9   Thumb Code   152  kalman.o(i.kalman1_filter)
    kalman1_init                             0x00006881   Thumb Code    22  kalman.o(i.kalman1_init)
    main                                     0x000068a1   Thumb Code   122  main.o(i.main)
    my_putchar                               0x0000691b   Thumb Code    14  upper.o(i.my_putchar)
    read_ch                                  0x00006929   Thumb Code   156  my_i2c.o(i.read_ch)
    send_ch                                  0x000069cd   Thumb Code   200  my_i2c.o(i.send_ch)
    simiic_read_reg                          0x00006a99   Thumb Code    64  my_i2c.o(i.simiic_read_reg)
    simiic_write_reg                         0x00006ad9   Thumb Code    38  my_i2c.o(i.simiic_write_reg)
    sqrt                                     0x00006b01   Thumb Code    66  sqrt.o(i.sqrt)
    FONT48x64_TAB                            0x00006b48   Data           9  oled.o(.constdata)
    FONT24x32_TAB                            0x00006b51   Data          15  oled.o(.constdata)
    FONT12x12_TAB                            0x00006b60   Data         100  oled.o(.constdata)
    FONT12x12                                0x00006bc4   Data       38400  oled.o(.constdata)
    FONT48x64                                0x000101c4   Data        3456  oled.o(.constdata)
    FONT24x32                                0x00010f44   Data        8940  oled.o(.constdata)
    asc2_1206                                0x00013230   Data        1140  oled.o(.constdata)
    asc2_1608                                0x000136a4   Data        1520  oled.o(.constdata)
    asc2_2412                                0x00013c94   Data        3420  oled.o(.constdata)
    DCB2HEX_TAB                              0x000149f0   Data           8  oled.o(.constdata)
    UART_ARR                                 0x00014b24   Data          12  uart.o(.constdata)
    FTM_ARR                                  0x00014b3c   Data          12  pwm.o(.constdata)
    __mathlib_zero                           0x00014c30   Data           8  qnan.o(.constdata)
    Region$$Table$$Base                      0x00014c38   Number         0  anon$$obj.o(Region$$Table)
    Region$$Table$$Limit                     0x00014c58   Number         0  anon$$obj.o(Region$$Table)
    uint16_TMEP                              0x1ffff004   Data           2  data.o(.data)
    Plan1                                    0x1ffff006   Data          36  data.o(.data)
    Blue                                     0x1ffff02a   Data          36  data.o(.data)
    Add_L                                    0x1ffff04e   Data           2  data.o(.data)
    Set_LED                                  0x1ffff050   Data           1  data.o(.data)
    Set_Beep                                 0x1ffff051   Data           1  data.o(.data)
    Bluetooth                                0x1ffff052   Data           1  data.o(.data)
    Value_End                                0x1ffff054   Data           2  data.o(.data)
    Angle_PWM                                0x1ffff058   Data           4  control.o(.data)
    Speed_PWM                                0x1ffff05c   Data           4  control.o(.data)
    Turn_PWM                                 0x1ffff060   Data           4  control.o(.data)
    L_Final_PWM                              0x1ffff064   Data           4  control.o(.data)
    R_Final_PWM                              0x1ffff068   Data           4  control.o(.data)
    Value_Inductor_L                         0x1ffff06c   Data           2  control.o(.data)
    Value_Inductor_R                         0x1ffff06e   Data           2  control.o(.data)
    Value_Ind_L_Old                          0x1ffff070   Data           2  control.o(.data)
    Value_Ind_R_Old                          0x1ffff072   Data           2  control.o(.data)
    Error_Ind                                0x1ffff074   Data           2  control.o(.data)
    Eroor_Ind_Old                            0x1ffff076   Data           2  control.o(.data)
    Value_End_L                              0x1ffff078   Data           2  control.o(.data)
    Value_End_R                              0x1ffff07a   Data           2  control.o(.data)
    Error_End                                0x1ffff07c   Data           2  control.o(.data)
    AlllastError                             0x1ffff080   Data           4  control.o(.data)
    SpeedOUT                                 0x1ffff084   Data           4  control.o(.data)
    End_Integral                             0x1ffff088   Data           4  control.o(.data)
    x                                        0x1ffff08c   Data           4  control.o(.data)
    Do_it                                    0x1ffff090   Data           1  control.o(.data)
    Huan_Count_Flag                          0x1ffff091   Data           1  control.o(.data)
    Huan_Count                               0x1ffff092   Data           2  control.o(.data)
    Yaw_Huan                                 0x1ffff094   Data           4  control.o(.data)
    Huan_Flag                                0x1ffff098   Data           1  control.o(.data)
    Run_Time_Flag                            0x1ffff099   Data           1  control.o(.data)
    Run_Time                                 0x1ffff09c   Data           4  control.o(.data)
    Run_Distance                             0x1ffff0a0   Data           4  control.o(.data)
    Stop_Flag                                0x1ffff0a4   Data           1  control.o(.data)
    CONTROL_Target_Angle                     0x1ffff0a6   Data           2  control.o(.data)
    CONTROL_Target_Speed                     0x1ffff0a8   Data           2  control.o(.data)
    CONTROL_AnglePID_P                       0x1ffff0aa   Data           2  control.o(.data)
    CONTROL_AnglePID_D                       0x1ffff0ac   Data           2  control.o(.data)
    CONTROL_SpeedPID_P                       0x1ffff0ae   Data           2  control.o(.data)
    CONTROL_SpeedPID_I                       0x1ffff0b0   Data           2  control.o(.data)
    CONTROL_TurnPID_P                        0x1ffff0b2   Data           2  control.o(.data)
    CONTROL_TurnPID_D                        0x1ffff0b4   Data           2  control.o(.data)
    CONTROL_Huan_Add                         0x1ffff0b6   Data           2  control.o(.data)
    period_                                  0x1ffff0b8   Data           6  pwm.o(.data)
    Pitch                                    0x1ffff0c0   Data           4  mpu6050.o(.data)
    Roll                                     0x1ffff0c4   Data           4  mpu6050.o(.data)
    Yaw                                      0x1ffff0c8   Data           4  mpu6050.o(.data)
    GYRO                                     0x1ffff0cc   Data           6  mpu6050.o(.data)
    GYRO_Offset                              0x1ffff0d2   Data           6  mpu6050.o(.data)
    ACC                                      0x1ffff0d8   Data           6  mpu6050.o(.data)
    Speed_Now                                0x1ffff0e0   Data           4  mpu6050.o(.data)
    Speed_Min                                0x1ffff0e4   Data           4  mpu6050.o(.data)
    Speed_Set                                0x1ffff0e8   Data           4  mpu6050.o(.data)
    Theory_Duty                              0x1ffff0ec   Data           4  mpu6050.o(.data)
    Vel_Set                                  0x1ffff0f0   Data           4  mpu6050.o(.data)
    Direct_Parameter                         0x1ffff0f4   Data           4  mpu6050.o(.data)
    Direct_Last                              0x1ffff0f8   Data           4  mpu6050.o(.data)
    Radius                                   0x1ffff0fc   Data           4  mpu6050.o(.data)
    Offset_OK                                0x1ffff100   Data           1  mpu6050.o(.data)
    q0                                       0x1ffff104   Data           4  mpu6050.o(.data)
    q1                                       0x1ffff108   Data           4  mpu6050.o(.data)
    q2                                       0x1ffff10c   Data           4  mpu6050.o(.data)
    q3                                       0x1ffff110   Data           4  mpu6050.o(.data)
    exInt                                    0x1ffff114   Data           4  mpu6050.o(.data)
    eyInt                                    0x1ffff118   Data           4  mpu6050.o(.data)
    ezInt                                    0x1ffff11c   Data           4  mpu6050.o(.data)
    ALL_DATA_Change                          0x1ffff150   Data           2  flash.o(.data)
    s_flash_command_run                      0x1ffff152   Data          14  flash.o(.data)
    s_flash_run_entry                        0x1ffff160   Data           4  flash.o(.data)
    OLED_GRAM                                0x1ffff168   Data        1024  oled.o(.bss)
    TEMP_OLED_GRAM                           0x1ffff568   Data        1024  oled.o(.bss)
    PreError                                 0x1ffff968   Data          10  control.o(.bss)
    Speed_Slide                              0x1ffff974   Data          12  control.o(.bss)
    Variable                                 0x1ffff980   Data          80  upper.o(.bss)
    data_to_send                             0x1ffff9d0   Data          50  upper.o(.bss)
    GYRO_Real                                0x1ffffa04   Data          12  mpu6050.o(.bss)
    ACC_Real                                 0x1ffffa10   Data          12  mpu6050.o(.bss)
    Angle                                    0x1ffffa1c   Data          12  mpu6050.o(.bss)
    Tar_Ang_Vel                              0x1ffffa28   Data          12  mpu6050.o(.bss)
    Tar_Ang_Vel_Last                         0x1ffffa34   Data          12  mpu6050.o(.bss)
    AD_Kalman                                0x1ffffa40   Data         112  kalman.o(.bss)
    ALL_DATA                                 0x1ffffab0   Data         512  flash.o(.bss)
    __initial_sp                             0x20000cb0   Data           0  startup_skeaz1284.o(STACK)



==============================================================================

Memory Map of the image

  Image Entry point : 0x000000c1

  Load Region LR_IROM1 (Base: 0x00000000, Size: 0x00014dc0, Max: 0x00020000, ABSOLUTE, COMPRESSED[0x00014ca0])

    Execution Region ER_IROM1 (Exec base: 0x00000000, Load base: 0x00000000, Size: 0x00014c58, Max: 0x00020000, ABSOLUTE)

    Exec Addr    Load Addr    Size         Type   Attr      Idx    E Section Name        Object

    0x00000000   0x00000000   0x000000c0   Data   RO         1399    RESET               startup_skeaz1284.o
    0x000000c0   0x000000c0   0x00000000   Code   RO         1471  * .ARM.Collect$$$$00000000  mc_p.l(entry.o)
    0x000000c0   0x000000c0   0x00000004   Code   RO         1806    .ARM.Collect$$$$00000001  mc_p.l(entry2.o)
    0x000000c4   0x000000c4   0x00000004   Code   RO         1809    .ARM.Collect$$$$00000004  mc_p.l(entry5.o)
    0x000000c8   0x000000c8   0x00000000   Code   RO         1811    .ARM.Collect$$$$00000008  mc_p.l(entry7b.o)
    0x000000c8   0x000000c8   0x00000000   Code   RO         1813    .ARM.Collect$$$$0000000A  mc_p.l(entry8b.o)
    0x000000c8   0x000000c8   0x00000008   Code   RO         1814    .ARM.Collect$$$$0000000B  mc_p.l(entry9a.o)
    0x000000d0   0x000000d0   0x00000000   Code   RO         1816    .ARM.Collect$$$$0000000D  mc_p.l(entry10a.o)
    0x000000d0   0x000000d0   0x00000000   Code   RO         1818    .ARM.Collect$$$$0000000F  mc_p.l(entry11a.o)
    0x000000d0   0x000000d0   0x00000004   Code   RO         1807    .ARM.Collect$$$$00002712  mc_p.l(entry2.o)
    0x000000d4   0x000000d4   0x00000028   Code   RO         1401    .text               startup_skeaz1284.o
    0x000000fc   0x000000fc   0x0000002c   Code   RO         1474    .text               mc_p.l(uidiv.o)
    0x00000128   0x00000128   0x00000028   Code   RO         1476    .text               mc_p.l(idiv.o)
    0x00000150   0x00000150   0x00000024   Code   RO         1478    .text               mc_p.l(memcpya.o)
    0x00000174   0x00000174   0x00000024   Code   RO         1480    .text               mc_p.l(memseta.o)
    0x00000198   0x00000198   0x000000b2   Code   RO         1745    .text               mf_p.l(fadd.o)
    0x0000024a   0x0000024a   0x0000007a   Code   RO         1747    .text               mf_p.l(fmul.o)
    0x000002c4   0x000002c4   0x0000007c   Code   RO         1749    .text               mf_p.l(fdiv.o)
    0x00000340   0x00000340   0x00000016   Code   RO         1757    .text               mf_p.l(fflti.o)
    0x00000356   0x00000356   0x0000000e   Code   RO         1759    .text               mf_p.l(ffltui.o)
    0x00000364   0x00000364   0x00000028   Code   RO         1761    .text               mf_p.l(dflti.o)
    0x0000038c   0x0000038c   0x0000001c   Code   RO         1763    .text               mf_p.l(dfltui.o)
    0x000003a8   0x000003a8   0x00000032   Code   RO         1765    .text               mf_p.l(ffixi.o)
    0x000003da   0x000003da   0x00000002   PAD
    0x000003dc   0x000003dc   0x00000014   Code   RO         1775    .text               mf_p.l(cfcmple.o)
    0x000003f0   0x000003f0   0x00000000   Code   RO         1834    .text               mc_p.l(iusefp.o)
    0x000003f0   0x000003f0   0x00000002   Code   RO          902    i.SysTick_Handler   delay.o
    0x000003f2   0x000003f2   0x0000000a   Code   RO         1788    i.__mathlib_dbl_infnan  m_ps.l(dunder.o)
    0x000003fc   0x000003fc   0x00000002   Code   RO         1856    i.__scatterload_null  mc_p.l(handlers.o)
    0x000003fe   0x000003fe   0x00000002   PAD
    0x00000400   0x00000400   0x00000010   Code   RO         1400    .ARM.__at_0x400     startup_skeaz1284.o
    0x00000410   0x00000410   0x00000164   Code   RO         1751    .text               mf_p.l(dadd.o)
    0x00000574   0x00000574   0x000000d0   Code   RO         1753    .text               mf_p.l(dmul.o)
    0x00000644   0x00000644   0x000000f0   Code   RO         1755    .text               mf_p.l(ddiv.o)
    0x00000734   0x00000734   0x00000028   Code   RO         1767    .text               mf_p.l(ffixui.o)
    0x0000075c   0x0000075c   0x00000028   Code   RO         1769    .text               mf_p.l(f2d.o)
    0x00000784   0x00000784   0x00000028   Code   RO         1771    .text               mf_p.l(cdrcmple.o)
    0x000007ac   0x000007ac   0x00000038   Code   RO         1773    .text               mf_p.l(d2f.o)
    0x000007e4   0x000007e4   0x00000060   Code   RO         1821    .text               mc_p.l(uldiv.o)
    0x00000844   0x00000844   0x00000020   Code   RO         1823    .text               mc_p.l(llshl.o)
    0x00000864   0x00000864   0x00000026   Code   RO         1825    .text               mc_p.l(llsshr.o)
    0x0000088a   0x0000088a   0x00000082   Code   RO         1835    .text               mf_p.l(fepilogue.o)
    0x0000090c   0x0000090c   0x000000be   Code   RO         1837    .text               mf_p.l(depilogue.o)
    0x000009ca   0x000009ca   0x0000002c   Code   RO         1841    .text               mf_p.l(dscalb.o)
    0x000009f6   0x000009f6   0x000000a2   Code   RO         1843    .text               mf_p.l(dsqrt.o)
    0x00000a98   0x00000a98   0x00000040   Code   RO         1845    .text               mf_p.l(dfixul.o)
    0x00000ad8   0x00000ad8   0x00000024   Code   RO         1849    .text               mc_p.l(init.o)
    0x00000afc   0x00000afc   0x00000022   Code   RO         1851    .text               mc_p.l(llushr.o)
    0x00000b1e   0x00000b1e   0x00000056   Code   RO         1861    .text               mc_p.l(__dczerorl2.o)
    0x00000b74   0x00000b74   0x00000034   Code   RO         1115    i.ADC_Ave           adc.o
    0x00000ba8   0x00000ba8   0x00000060   Code   RO         1116    i.ADC_Config        adc.o
    0x00000c08   0x00000c08   0x0000003c   Code   RO         1117    i.ADC_Get           adc.o
    0x00000c44   0x00000c44   0x0000003a   Code   RO         1118    i.ADC_Mid           adc.o
    0x00000c7e   0x00000c7e   0x00000022   Code   RO          600    i.AD_Init           ad.o
    0x00000ca0   0x00000ca0   0x000000cc   Code   RO          774    i.All_Init          init.o
    0x00000d6c   0x00000d6c   0x00000020   Code   RO          346    i.Beep_ON           led&buzzer.o
    0x00000d8c   0x00000d8c   0x00000020   Code   RO          347    i.Buzzer_Init       led&buzzer.o
    0x00000dac   0x00000dac   0x00000110   Code   RO          484    i.Chang_State       ui.o
    0x00000ebc   0x00000ebc   0x000001b4   Code   RO          485    i.Chang_Value       ui.o
    0x00001070   0x00001070   0x0000007c   Code   RO          487    i.CountDown         ui.o
    0x000010ec   0x000010ec   0x000001f0   Code   RO         1154    i.Data_Filter       mpu6050.o
    0x000012dc   0x000012dc   0x00000024   Code   RO          451    i.Data_Init         data.o
    0x00001300   0x00001300   0x00000030   Code   RO          899    i.Delay_ms          delay.o
    0x00001330   0x00001330   0x00000054   Code   RO          900    i.Delay_us          delay.o
    0x00001384   0x00001384   0x00000068   Code   RO          626    i.Encoder_Init      encoder.o
    0x000013ec   0x000013ec   0x00000030   Code   RO         1348    i.FLASH_EraseSector  flash.o
    0x0000141c   0x0000141c   0x00000034   Code   RO         1350    i.FLASH_Init        flash.o
    0x00001450   0x00001450   0x00000070   Code   RO         1351    i.FLASH_WriteSector  flash.o
    0x000014c0   0x000014c0   0x00000018   Code   RO          977    i.FTM_PWM_set_CnV   pwm.o
    0x000014d8   0x000014d8   0x0000003c   Code   RO         1352    i.FlashCmdStart     flash.o
    0x00001514   0x00001514   0x00000026   Code   RO         1155    i.GetData           mpu6050.o
    0x0000153a   0x0000153a   0x00000002   PAD
    0x0000153c   0x0000153c   0x000000d0   Code   RO         1156    i.Get_Attitude      mpu6050.o
    0x0000160c   0x0000160c   0x00000054   Code   RO          601    i.Get_Ind_V         ad.o
    0x00001660   0x00001660   0x00000210   Code   RO          420    i.Get_Key           key.o
    0x00001870   0x00001870   0x000000ac   Code   RO         1229    i.I2C_SendACK       my_i2c.o
    0x0000191c   0x0000191c   0x00000038   Code   RO         1230    i.IIC_init          my_i2c.o
    0x00001954   0x00001954   0x0000008c   Code   RO         1231    i.IIC_start         my_i2c.o
    0x000019e0   0x000019e0   0x0000008c   Code   RO         1232    i.IIC_stop          my_i2c.o
    0x00001a6c   0x00001a6c   0x00000550   Code   RO         1158    i.IMUupdate         mpu6050.o
    0x00001fbc   0x00001fbc   0x00000040   Code   RO          488    i.Judge_State       ui.o
    0x00001ffc   0x00001ffc   0x000003a0   Code   RO          652    i.Just_Do_It        control.o
    0x0000239c   0x0000239c   0x000000d0   Code   RO          421    i.KEY_Init          key.o
    0x0000246c   0x0000246c   0x00000020   Code   RO          348    i.LED_Blue_ON       led&buzzer.o
    0x0000248c   0x0000248c   0x00000020   Code   RO          349    i.LED_Green_ON      led&buzzer.o
    0x000024ac   0x000024ac   0x00000030   Code   RO          350    i.LED_Indigo_ON     led&buzzer.o
    0x000024dc   0x000024dc   0x00000058   Code   RO          351    i.LED_Init          led&buzzer.o
    0x00002534   0x00002534   0x0000002c   Code   RO          352    i.LED_Orange_ON     led&buzzer.o
    0x00002560   0x00002560   0x0000002c   Code   RO          353    i.LED_Purple_ON     led&buzzer.o
    0x0000258c   0x0000258c   0x00000020   Code   RO          354    i.LED_Red_ON        led&buzzer.o
    0x000025ac   0x000025ac   0x0000003c   Code   RO          355    i.LED_White_ON      led&buzzer.o
    0x000025e8   0x000025e8   0x00000094   Code   RO         1159    i.MPU6050_GetData   mpu6050.o
    0x0000267c   0x0000267c   0x0000009e   Code   RO         1160    i.MPU6050_Init      mpu6050.o
    0x0000271a   0x0000271a   0x00000002   PAD
    0x0000271c   0x0000271c   0x00000090   Code   RO         1161    i.MPU6050_Offset    mpu6050.o
    0x000027ac   0x000027ac   0x00000074   Code   RO          290    i.Motor_Init        motor.o
    0x00002820   0x00002820   0x0000001a   Code   RO          291    i.Motor_L_Back_V    motor.o
    0x0000283a   0x0000283a   0x0000001a   Code   RO          292    i.Motor_L_Go_V      motor.o
    0x00002854   0x00002854   0x0000001a   Code   RO          293    i.Motor_R_Back_V    motor.o
    0x0000286e   0x0000286e   0x0000001a   Code   RO          294    i.Motor_R_Go_V      motor.o
    0x00002888   0x00002888   0x00000078   Code   RO          943    i.NVIC_SetPriority  pit.o
    0x00002900   0x00002900   0x0000002c   Code   RO          138    i.OLED_Clear        oled.o
    0x0000292c   0x0000292c   0x0000001c   Code   RO          139    i.OLED_Display_Off  oled.o
    0x00002948   0x00002948   0x0000001c   Code   RO          140    i.OLED_Display_On   oled.o
    0x00002964   0x00002964   0x00000068   Code   RO          141    i.OLED_DrawPoint    oled.o
    0x000029cc   0x000029cc   0x0000002e   Code   RO          142    i.OLED_Fill         oled.o
    0x000029fa   0x000029fa   0x00000002   PAD
    0x000029fc   0x000029fc   0x00000190   Code   RO          143    i.OLED_Init         oled.o
    0x00002b8c   0x00002b8c   0x0000004c   Code   RO          145    i.OLED_Refresh_Gram  oled.o
    0x00002bd8   0x00002bd8   0x000000fc   Code   RO          146    i.OLED_Show_Char    oled.o
    0x00002cd4   0x00002cd4   0x000000ac   Code   RO          148    i.OLED_Show_Char48_64  oled.o
    0x00002d80   0x00002d80   0x0000003a   Code   RO          152    i.OLED_Show_Str     oled.o
    0x00002dba   0x00002dba   0x00000052   Code   RO          153    i.OLED_Show_StrAll  oled.o
    0x00002e0c   0x00002e0c   0x000000b8   Code   RO          154    i.OLED_Show_ZH12_12  oled.o
    0x00002ec4   0x00002ec4   0x00000094   Code   RO          156    i.OLED_WR_Byte      oled.o
    0x00002f58   0x00002f58   0x0000053c   Code   RO          653    i.PIT_CH0_IRQHandler  control.o
    0x00003494   0x00003494   0x00000014   Code   RO          944    i.PIT_CH1_IRQHandler  pit.o
    0x000034a8   0x000034a8   0x0000009c   Code   RO          945    i.PIT_Config        pit.o
    0x00003544   0x00003544   0x00000088   Code   RO         1233    i.SCCB_WaitAck      my_i2c.o
    0x000035cc   0x000035cc   0x00000016   Code   RO         1053    i.Send_Begin        upper.o
    0x000035e2   0x000035e2   0x00000002   PAD
    0x000035e4   0x000035e4   0x0000006c   Code   RO         1054    i.Send_Variable     upper.o
    0x00003650   0x00003650   0x000000dc   Code   RO          489    i.Show_Plan         ui.o
    0x0000372c   0x0000372c   0x00000060   Code   RO         1410    i.SystemInit        system_skeaz1284.o
    0x0000378c   0x0000378c   0x0000014c   Code   RO          817    i.UART_Init         uart.o
    0x000038d8   0x000038d8   0x00000040   Code   RO          818    i.UART_Send_Char    uart.o
    0x00003918   0x00003918   0x000001f8   Code   RO          490    i.UI_Driver         ui.o
    0x00003b10   0x00003b10   0x00000208   Code   RO          491    i.UI_Go             ui.o
    0x00003d18   0x00003d18   0x000000ec   Code   RO          492    i.UI_MPU6050        ui.o
    0x00003e04   0x00003e04   0x00000288   Code   RO          493    i.UI_Main           ui.o
    0x0000408c   0x0000408c   0x00000940   Code   RO          494    i.UI_Plan           ui.o
    0x000049cc   0x000049cc   0x000000a8   Code   RO          495    i.UI_Read_End       ui.o
    0x00004a74   0x00004a74   0x00000140   Code   RO          496    i.UI_Read_Ind       ui.o
    0x00004bb4   0x00004bb4   0x00000278   Code   RO          497    i.UI_Set            ui.o
    0x00004e2c   0x00004e2c   0x000001c0   Code   RO          498    i.Write_State       ui.o
    0x00004fec   0x00004fec   0x00000410   Code   RO          499    i.Write_Value       ui.o
    0x000053fc   0x000053fc   0x00000028   Code   RO         1719    i.__0sprintf        mc_p.l(printfa.o)
    0x00005424   0x00005424   0x0000002e   Code   RO         1839    i.__ARM_clz         mf_p.l(depilogue.o)
    0x00005452   0x00005452   0x0000001c   Code   RO          593    i.__ARM_common_switch8  ui.o
    0x0000546e   0x0000546e   0x00000002   PAD
    0x00005470   0x00005470   0x0000002c   Code   RO         1801    i.__ARM_fpclassify  m_ps.l(fpclassify.o)
    0x0000549c   0x0000549c   0x000000ac   Code   RO         1803    i.__kernel_poly     m_ps.l(poly.o)
    0x00005548   0x00005548   0x00000008   Code   RO         1789    i.__mathlib_dbl_infnan2  m_ps.l(dunder.o)
    0x00005550   0x00005550   0x00000010   Code   RO         1790    i.__mathlib_dbl_invalid  m_ps.l(dunder.o)
    0x00005560   0x00005560   0x00000014   Code   RO         1793    i.__mathlib_dbl_underflow  m_ps.l(dunder.o)
    0x00005574   0x00005574   0x0000000e   Code   RO         1855    i.__scatterload_copy  mc_p.l(handlers.o)
    0x00005582   0x00005582   0x0000000e   Code   RO         1857    i.__scatterload_zeroinit  mc_p.l(handlers.o)
    0x00005590   0x00005590   0x0000000c   Code   RO         1829    i.__set_errno       mc_p.l(errno.o)
    0x0000559c   0x0000559c   0x00000174   Code   RO         1724    i._fp_digits        mc_p.l(printfa.o)
    0x00005710   0x00005710   0x000006ec   Code   RO         1725    i._printf_core      mc_p.l(printfa.o)
    0x00005dfc   0x00005dfc   0x00000020   Code   RO         1726    i._printf_post_padding  mc_p.l(printfa.o)
    0x00005e1c   0x00005e1c   0x0000002c   Code   RO         1727    i._printf_pre_padding  mc_p.l(printfa.o)
    0x00005e48   0x00005e48   0x0000000a   Code   RO         1729    i._sputc            mc_p.l(printfa.o)
    0x00005e52   0x00005e52   0x00000002   PAD
    0x00005e54   0x00005e54   0x00000274   Code   RO         1446    i.asin              m_ps.l(asin.o)
    0x000060c8   0x000060c8   0x0000021c   Code   RO         1778    i.atan              m_ps.l(atan.o)
    0x000062e4   0x000062e4   0x00000178   Code   RO         1456    i.atan2             m_ps.l(atan2.o)
    0x0000645c   0x0000645c   0x00000010   Code   RO          978    i.ftm_count_clean   pwm.o
    0x0000646c   0x0000646c   0x00000014   Code   RO          979    i.ftm_count_get     pwm.o
    0x00006480   0x00006480   0x0000003c   Code   RO          980    i.ftm_count_init    pwm.o
    0x000064bc   0x000064bc   0x000000e8   Code   RO          981    i.ftm_count_mux     pwm.o
    0x000065a4   0x000065a4   0x00000128   Code   RO          984    i.ftm_pwm_init      pwm.o
    0x000066cc   0x000066cc   0x0000011c   Code   RO          985    i.ftm_pwm_mux       pwm.o
    0x000067e8   0x000067e8   0x00000098   Code   RO         1310    i.kalman1_filter    kalman.o
    0x00006880   0x00006880   0x00000020   Code   RO         1311    i.kalman1_init      kalman.o
    0x000068a0   0x000068a0   0x0000007a   Code   RO            3    i.main              main.o
    0x0000691a   0x0000691a   0x0000000e   Code   RO         1055    i.my_putchar        upper.o
    0x00006928   0x00006928   0x000000a4   Code   RO         1234    i.read_ch           my_i2c.o
    0x000069cc   0x000069cc   0x000000cc   Code   RO         1235    i.send_ch           my_i2c.o
    0x00006a98   0x00006a98   0x00000040   Code   RO         1237    i.simiic_read_reg   my_i2c.o
    0x00006ad8   0x00006ad8   0x00000026   Code   RO         1239    i.simiic_write_reg  my_i2c.o
    0x00006afe   0x00006afe   0x00000002   PAD
    0x00006b00   0x00006b00   0x00000048   Code   RO         1464    i.sqrt              m_ps.l(sqrt.o)
    0x00006b48   0x00006b48   0x0000deb0   Data   RO          159    .constdata          oled.o
    0x000149f8   0x000149f8   0x0000012c   Data   RO          500    .constdata          ui.o
    0x00014b24   0x00014b24   0x0000000c   Data   RO          826    .constdata          uart.o
    0x00014b30   0x00014b30   0x00000018   Data   RO          986    .constdata          pwm.o
    0x00014b48   0x00014b48   0x00000050   Data   RO         1447    .constdata          m_ps.l(asin.o)
    0x00014b98   0x00014b98   0x00000098   Data   RO         1779    .constdata          m_ps.l(atan.o)
    0x00014c30   0x00014c30   0x00000008   Data   RO         1805    .constdata          m_ps.l(qnan.o)
    0x00014c38   0x00014c38   0x00000020   Data   RO         1853    Region$$Table       anon$$obj.o


    Execution Region RW_IRAM1 (Exec base: 0x1ffff000, Load base: 0x00014c58, Size: 0x00001cb0, Max: 0x00004000, ABSOLUTE, COMPRESSED[0x00000048])

    Exec Addr    Load Addr    Size         Type   Attr      Idx    E Section Name        Object

    0x1ffff000   COMPRESSED   0x00000003   Data   RW          422    .data               key.o
    0x1ffff003   COMPRESSED   0x00000001   PAD
    0x1ffff004   COMPRESSED   0x00000052   Data   RW          453    .data               data.o
    0x1ffff056   COMPRESSED   0x00000002   PAD
    0x1ffff058   COMPRESSED   0x00000060   Data   RW          655    .data               control.o
    0x1ffff0b8   COMPRESSED   0x00000006   Data   RW          987    .data               pwm.o
    0x1ffff0be   COMPRESSED   0x00000002   PAD
    0x1ffff0c0   COMPRESSED   0x00000090   Data   RW         1163    .data               mpu6050.o
    0x1ffff150   COMPRESSED   0x00000014   Data   RW         1354    .data               flash.o
    0x1ffff164   COMPRESSED   0x00000004   Data   RW         1830    .data               mc_p.l(errno.o)
    0x1ffff168        -       0x00000800   Zero   RW          158    .bss                oled.o
    0x1ffff968        -       0x00000018   Zero   RW          654    .bss                control.o
    0x1ffff980        -       0x00000082   Zero   RW         1056    .bss                upper.o
    0x1ffffa02   COMPRESSED   0x00000002   PAD
    0x1ffffa04        -       0x0000003c   Zero   RW         1162    .bss                mpu6050.o
    0x1ffffa40        -       0x00000070   Zero   RW         1314    .bss                kalman.o
    0x1ffffab0        -       0x00000200   Zero   RW         1353    .bss                flash.o
    0x1ffffcb0        -       0x00001000   Zero   RW         1397    STACK               startup_skeaz1284.o


==============================================================================

Image component sizes


      Code (inc. data)   RO Data    RW Data    ZI Data      Debug   Object Name

       118          0          0          0          0        958   ad.o
       266         16          0          0          0       2183   adc.o
      2268        330          0         96         24       4212   control.o
        36          6          0         82          0       3099   data.o
       134          6          0          0          0       1588   delay.o
       104          8          0          0          0        455   encoder.o
       272         32          0         20        512       3378   flash.o
         0          0          0          0          0     105484   gpio.o
       204         22          0          0          0        535   init.o
       184         10          0          0        112       2188   kalman.o
       736         20          0          3          0       1553   key.o
       444         80          0          0          0       4172   led&buzzer.o
       122          0          0          0          0     112159   main.o
       220         10          0          0          0       2361   motor.o
      2552        170          0        144         60       8963   mpu6050.o
      1114         38          0          0          0       5148   my_i2c.o
      1622         64      57008          0       2048      14733   oled.o
       296         38          0          0          0       7454   pit.o
       932         66         24          6          0       4756   pwm.o
        56         30        192          0       4096        920   startup_skeaz1284.o
        96         20          0          0          0        505   system_skeaz1284.o
       396         36         12          0          0       2048   uart.o
      8028       1594        300          0          0      13988   ui.o
       144          6          0          0        130       2567   upper.o

    ----------------------------------------------------------------------
     20356       2602      57568        356       6984     305407   Object Totals
         0          0         32          0          0          0   (incl. Generated)
        12          0          0          5          2          0   (incl. Padding)

    ----------------------------------------------------------------------

      Code (inc. data)   RO Data    RW Data    ZI Data      Debug   Library Member Name

       628         54         80          0          0        104   asin.o
       540         68        152          0          0        112   atan.o
       376         42          0          0          0        144   atan2.o
        54          6          0          0          0        272   dunder.o
        44          4          0          0          0         60   fpclassify.o
       172          0          0          0          0         76   poly.o
         0          0          8          0          0          0   qnan.o
        72          6          0          0          0         76   sqrt.o
        86          0          0          0          0          0   __dczerorl2.o
         0          0          0          0          0          0   entry.o
         0          0          0          0          0          0   entry10a.o
         0          0          0          0          0          0   entry11a.o
         8          4          0          0          0          0   entry2.o
         4          0          0          0          0          0   entry5.o
         0          0          0          0          0          0   entry7b.o
         0          0          0          0          0          0   entry8b.o
         8          4          0          0          0          0   entry9a.o
        12          6          0          4          0         60   errno.o
        30          0          0          0          0          0   handlers.o
        40          0          0          0          0         72   idiv.o
        36          8          0          0          0         68   init.o
         0          0          0          0          0          0   iusefp.o
        32          0          0          0          0         68   llshl.o
        38          0          0          0          0         68   llsshr.o
        34          0          0          0          0         68   llushr.o
        36          0          0          0          0         60   memcpya.o
        36          0          0          0          0        100   memseta.o
      2270         94          0          0          0        472   printfa.o
        44          0          0          0          0         72   uidiv.o
        96          0          0          0          0         84   uldiv.o
        40          2          0          0          0         68   cdrcmple.o
        20          0          0          0          0         68   cfcmple.o
        56          0          0          0          0         68   d2f.o
       356          4          0          0          0        140   dadd.o
       240          6          0          0          0         84   ddiv.o
       236          0          0          0          0        216   depilogue.o
        64         10          0          0          0         68   dfixul.o
        40          6          0          0          0         68   dflti.o
        28          4          0          0          0         68   dfltui.o
       208          6          0          0          0         88   dmul.o
        44          0          0          0          0         72   dscalb.o
       162          0          0          0          0         80   dsqrt.o
        40          0          0          0          0         60   f2d.o
       178          0          0          0          0        108   fadd.o
       124          0          0          0          0         72   fdiv.o
       130          0          0          0          0        144   fepilogue.o
        50          0          0          0          0         60   ffixi.o
        40          0          0          0          0         60   ffixui.o
        22          0          0          0          0         68   fflti.o
        14          0          0          0          0         68   ffltui.o
       122          0          0          0          0         72   fmul.o

    ----------------------------------------------------------------------
      6916        334        240          4          0       3836   Library Totals
         6          0          0          0          0          0   (incl. Padding)

    ----------------------------------------------------------------------

      Code (inc. data)   RO Data    RW Data    ZI Data      Debug   Library Name

      1886        180        240          0          0        844   m_ps.l
      2810        116          0          4          0       1192   mc_p.l
      2214         38          0          0          0       1800   mf_p.l

    ----------------------------------------------------------------------
      6916        334        240          4          0       3836   Library Totals

    ----------------------------------------------------------------------

==============================================================================


      Code (inc. data)   RO Data    RW Data    ZI Data      Debug   

     27272       2936      57808        360       6984     303247   Grand Totals
     27272       2936      57808         72       6984     303247   ELF Image Totals (compressed)
     27272       2936      57808         72          0          0   ROM Totals

==============================================================================

    Total RO  Size (Code + RO Data)                85080 (  83.09kB)
    Total RW  Size (RW Data + ZI Data)              7344 (   7.17kB)
    Total ROM Size (Code + RO Data + RW Data)      85152 (  83.16kB)

==============================================================================

